Archive member included because of file (symbol)

c:/stm32/arm_eabi/bin/../lib/gcc/arm-none-eabi/4.7.2/thumb2\libgcc.a(_arm_addsubdf3.o)
                              ..\obj\adc.o (__aeabi_f2d)
c:/stm32/arm_eabi/bin/../lib/gcc/arm-none-eabi/4.7.2/thumb2\libgcc.a(_arm_muldivdf3.o)
                              ..\obj\adc.o (__aeabi_dmul)
c:/stm32/arm_eabi/bin/../lib/gcc/arm-none-eabi/4.7.2/thumb2\libgcc.a(_arm_truncdfsf2.o)
                              ..\obj\adc.o (__aeabi_d2f)
c:/stm32/arm_eabi/bin/../lib/gcc/arm-none-eabi/4.7.2/thumb2\libgcc.a(_arm_addsubsf3.o)
                              ..\obj\level_gage_test.o (__aeabi_fsub)
c:/stm32/arm_eabi/bin/../lib/gcc/arm-none-eabi/4.7.2/thumb2\libgcc.a(_arm_muldivsf3.o)
                              ..\obj\level_gage_test.o (__aeabi_fdiv)
c:/stm32/arm_eabi/bin/../lib/gcc/arm-none-eabi/4.7.2/thumb2\libgcc.a(_arm_cmpsf2.o)
                              ..\obj\level_gage_test.o (__aeabi_fcmplt)
c:/stm32/arm_eabi/bin/../lib/gcc/arm-none-eabi/4.7.2/../../../../arm-none-eabi/lib/thumb2\libc.a(lib_a-memcmp.o)
                              ..\obj\tasks.o (memcmp)
c:/stm32/arm_eabi/bin/../lib/gcc/arm-none-eabi/4.7.2/../../../../arm-none-eabi/lib/thumb2\libc.a(lib_a-memcpy.o)
                              ..\obj\mbfuncother.o (memcpy)
c:/stm32/arm_eabi/bin/../lib/gcc/arm-none-eabi/4.7.2/../../../../arm-none-eabi/lib/thumb2\libc.a(lib_a-memset.o)
                              ..\obj\tasks.o (memset)
c:/stm32/arm_eabi/bin/../lib/gcc/arm-none-eabi/4.7.2/../../../../arm-none-eabi/lib/thumb2\libc.a(lib_a-strncpy.o)
                              ..\obj\tasks.o (strncpy)

Allocating common symbols
Common symbol       size              file

pxMBFrameCBTransmitterEmpty
                    0x4               ..\obj\mb.o
APP_Tx_Buffer       0x80              ..\obj\usbd_cdc_vcp.o
pxMBPortCBTimerExpired
                    0x4               ..\obj\mb.o
xBuzzer_Handle      0x4               ..\obj\buzzer.o
ucRTUBuf            0x100             ..\obj\mbrtu.o
UKS_Drying_Task_Handle
                    0x4               ..\obj\level_gage_test.o
usbd_cdc_OtherCfgDesc
                    0x43              ..\obj\usbd_cdc_core.o
pxMBFrameCBByteReceived
                    0x4               ..\obj\mb.o
buzz                0x2               ..\obj\buzzer.o
APP_tx_ptr_tail     0x4               ..\obj\usbd_cdc_vcp.o
pxMBFrameCBTransmitFSMCur
                    0x4               ..\obj\mb.o
xMeasure_LM35_Semaphore
                    0x4               ..\obj\adc.o
USB_Rx_Buffer       0x40              ..\obj\usbd_cdc_core.o
pxMBFrameCBReceiveFSMCur
                    0x4               ..\obj\mb.o
CmdBuff             0x8               ..\obj\usbd_cdc_core.o
USB_OTG_dev         0x5f0             ..\obj\main.o
adc_lm35_chnl       0xee              ..\obj\adc.o
APP_Rx_Buffer       0x800             ..\obj\usbd_cdc_core.o
uks_channels        0x49c             ..\obj\level_gage_test.o
task_watches        0x50              ..\obj\watchdog.o
USBD_StrDesc        0x32              ..\obj\usbd_req.o
APP_tx_ptr_head     0x4               ..\obj\usbd_cdc_vcp.o

Discarded input sections

 .text          0x00000000        0x0 ..\obj\stm32f4xx_syscfg.o
 .data          0x00000000        0x0 ..\obj\stm32f4xx_syscfg.o
 .bss           0x00000000        0x0 ..\obj\stm32f4xx_syscfg.o
 .text.SYSCFG_DeInit
                0x00000000       0x20 ..\obj\stm32f4xx_syscfg.o
 .text.SYSCFG_MemoryRemapConfig
                0x00000000       0x20 ..\obj\stm32f4xx_syscfg.o
 .text.SYSCFG_EXTILineConfig
                0x00000000       0x98 ..\obj\stm32f4xx_syscfg.o
 .text.SYSCFG_ETH_MediaInterfaceConfig
                0x00000000       0x1c ..\obj\stm32f4xx_syscfg.o
 .text.SYSCFG_CompensationCellCmd
                0x00000000       0x20 ..\obj\stm32f4xx_syscfg.o
 .text.SYSCFG_GetCompensationCellStatus
                0x00000000       0x38 ..\obj\stm32f4xx_syscfg.o
 .debug_info    0x00000000      0x279 ..\obj\stm32f4xx_syscfg.o
 .debug_abbrev  0x00000000      0x133 ..\obj\stm32f4xx_syscfg.o
 .debug_loc     0x00000000      0x144 ..\obj\stm32f4xx_syscfg.o
 .debug_aranges
                0x00000000       0x48 ..\obj\stm32f4xx_syscfg.o
 .debug_ranges  0x00000000       0x38 ..\obj\stm32f4xx_syscfg.o
 .debug_line    0x00000000      0x1f6 ..\obj\stm32f4xx_syscfg.o
 .debug_str     0x00000000      0x276 ..\obj\stm32f4xx_syscfg.o
 .comment       0x00000000       0x31 ..\obj\stm32f4xx_syscfg.o
 .ARM.attributes
                0x00000000       0x33 ..\obj\stm32f4xx_syscfg.o
 .debug_frame   0x00000000       0xbc ..\obj\stm32f4xx_syscfg.o
 .text          0x00000000        0x0 ..\obj\usb_core.o
 .data          0x00000000        0x0 ..\obj\usb_core.o
 .bss           0x00000000        0x0 ..\obj\usb_core.o
 .text.USB_OTG_IsHostMode
                0x00000000       0x24 ..\obj\usb_core.o
 .text.USB_OTG_ReadOtgItr
                0x00000000       0x1c ..\obj\usb_core.o
 .text.USB_OTG_ActiveRemoteWakeup
[...]
Memory Configuration

Name             Origin             Length             Attributes
rom              0x08000000         0x00100000         xr
ram              0x20000000         0x00020000         xrw
ram1             0x10000000         0x00010000         xrw
*default*        0x00000000         0xffffffff

Linker script and memory map

                0x20020000                _eram = 0x20020000

.text           0x08000000     0xa578
 *(.isr_vector)
 .isr_vector    0x08000000      0x188 ..\obj\startup_stm32f4xx.o
                0x08000000                g_pfnVectors
 *(.text*)
 .text.USB_OTG_EnableCommonInt
                0x08000188       0x44 ..\obj\usb_core.o
 .text.USB_OTG_CoreReset
                0x080001cc       0xa4 ..\obj\usb_core.o
 .text.USB_OTG_WritePacket
                0x08000270       0x84 ..\obj\usb_core.o
                0x08000270                USB_OTG_WritePacket
 .text.USB_OTG_ReadPacket
                0x080002f4       0x68 ..\obj\usb_core.o
                0x080002f4                USB_OTG_ReadPacket
 .text.USB_OTG_SelectCore
                0x0800035c      0x1b0 ..\obj\usb_core.o
                0x0800035c                USB_OTG_SelectCore
 .text.USB_OTG_CoreInit
                0x0800050c      0x1f8 ..\obj\usb_core.o
                0x0800050c                USB_OTG_CoreInit
 .text.USB_OTG_EnableGlobalInt
                0x08000704       0x3c ..\obj\usb_core.o
                0x08000704                USB_OTG_EnableGlobalInt
 .text.USB_OTG_DisableGlobalInt
                0x08000740       0x40 ..\obj\usb_core.o
                0x08000740                USB_OTG_DisableGlobalInt
 .text.USB_OTG_FlushTxFifo
                0x08000780       0x80 ..\obj\usb_core.o
                0x08000780                USB_OTG_FlushTxFifo
 .text.USB_OTG_FlushRxFifo
                0x08000800       0x6c ..\obj\usb_core.o
                0x08000800                USB_OTG_FlushRxFifo
 .text.USB_OTG_SetCurrentMode
                0x0800086c       0x64 ..\obj\usb_core.o
                0x0800086c                USB_OTG_SetCurrentMode
 .text.USB_OTG_GetMode
                0x080008d0       0x20 ..\obj\usb_core.o
                0x080008d0                USB_OTG_GetMode
 .text.USB_OTG_IsDeviceMode
                0x080008f0       0x24 ..\obj\usb_core.o
                0x080008f0                USB_OTG_IsDeviceMode
 .text.USB_OTG_ReadCoreItr
                0x08000914       0x30 ..\obj\usb_core.o
                0x08000914                USB_OTG_ReadCoreItr
 .text.USB_OTG_InitDevSpeed
                0x08000944       0x38 ..\obj\usb_core.o
                0x08000944                USB_OTG_InitDevSpeed
 .text.USB_OTG_CoreInitDev
                0x0800097c      0x2d8 ..\obj\usb_core.o
                0x0800097c                USB_OTG_CoreInitDev
 .text.USB_OTG_EnableDevInt
                0x08000c54       0xa4 ..\obj\usb_core.o
                0x08000c54                USB_OTG_EnableDevInt
 .text.USB_OTG_GetDeviceSpeed
                0x08000cf8       0x50 ..\obj\usb_core.o
                0x08000cf8                USB_OTG_GetDeviceSpeed
 .text.USB_OTG_EP0Activate
                0x08000d48       0x80 ..\obj\usb_core.o
                0x08000d48                USB_OTG_EP0Activate
 .text.USB_OTG_EPActivate
                0x08000dc8       0xf8 ..\obj\usb_core.o
                0x08000dc8                USB_OTG_EPActivate
 .text.USB_OTG_EPDeactivate
                0x08000ec0       0xa4 ..\obj\usb_core.o
                0x08000ec0                USB_OTG_EPDeactivate
 .text.USB_OTG_EPStartXfer
                0x08000f64      0x2d0 ..\obj\usb_core.o
                0x08000f64                USB_OTG_EPStartXfer
 .text.USB_OTG_EP0StartXfer
                0x08001234      0x200 ..\obj\usb_core.o
                0x08001234                USB_OTG_EP0StartXfer
 .text.USB_OTG_EPSetStall
                0x08001434       0x94 ..\obj\usb_core.o
                0x08001434                USB_OTG_EPSetStall
 .text.USB_OTG_EPClearStall
                0x080014c8       0x84 ..\obj\usb_core.o
                0x080014c8                USB_OTG_EPClearStall
 .text.USB_OTG_ReadDevAllOutEp_itr
                0x0800154c       0x30 ..\obj\usb_core.o
                0x0800154c                USB_OTG_ReadDevAllOutEp_itr
 .text.USB_OTG_ReadDevOutEP_itr
                0x0800157c       0x3c ..\obj\usb_core.o
                0x0800157c                USB_OTG_ReadDevOutEP_itr
 .text.USB_OTG_ReadDevAllInEPItr
                0x080015b8       0x34 ..\obj\usb_core.o
                0x080015b8                USB_OTG_ReadDevAllInEPItr
 .text.USB_OTG_EP0_OutStart
                0x080015ec       0x78 ..\obj\usb_core.o
                0x080015ec                USB_OTG_EP0_OutStart
 .text.USB_OTG_UngateClock
                0x08001664       0x54 ..\obj\usb_core.o
                0x08001664                USB_OTG_UngateClock
 .text.ENTER_CRITICAL_SECTION
                0x080016b8        0xc ..\obj\mbport.o
                0x080016b8                ENTER_CRITICAL_SECTION
 .text.EXIT_CRITICAL_SECTION
                0x080016c4        0xc ..\obj\mbport.o
                0x080016c4                EXIT_CRITICAL_SECTION
 .text.eMBRegInputCB
                0x080016d0      0x124 ..\obj\mbport.o
                0x080016d0                eMBRegInputCB
 .text.eMBRegHoldingCB
                0x080017f4      0x9a0 ..\obj\mbport.o
                0x080017f4                eMBRegHoldingCB
 .text.eMBRegCoilsCB
                0x08002194       0x20 ..\obj\mbport.o
                0x08002194                eMBRegCoilsCB
 .text.eMBRegDiscreteCB
                0x080021b4       0x20 ..\obj\mbport.o
                0x080021b4                eMBRegDiscreteCB
 .text.eMBInit  0x080021d4      0x10c ..\obj\mb.o
                0x080021d4                eMBInit
 .text.eMBEnable
                0x080022e0       0x40 ..\obj\mb.o
                0x080022e0                eMBEnable
 .text.eMBPoll  0x08002320      0x194 ..\obj\mb.o
                0x08002320                eMBPoll
 .text.Protocol_Init
                0x080024b4       0x5c ..\obj\protocol.o
                0x080024b4                Protocol_Init
 .text.Modbus_Task
                0x08002510       0x34 ..\obj\protocol.o
 .text.eMBFuncReadDiscreteInputs
                0x08002544      0x130 ..\obj\mbfuncdisc.o
                0x08002544                eMBFuncReadDiscreteInputs
 .text.USBD_USR_Init
                0x08002674        0xc ..\obj\usbd_usr.o
                0x08002674                USBD_USR_Init
 .text.USBD_USR_DeviceReset
                0x08002680       0x14 ..\obj\usbd_usr.o
                0x08002680                USBD_USR_DeviceReset
 .text.USBD_USR_DeviceConfigured
                0x08002694        0xc ..\obj\usbd_usr.o
                0x08002694                USBD_USR_DeviceConfigured
 .text.USBD_USR_DeviceSuspended
                0x080026a0        0xc ..\obj\usbd_usr.o
                0x080026a0                USBD_USR_DeviceSuspended
 .text.USBD_USR_DeviceResumed
                0x080026ac        0xc ..\obj\usbd_usr.o
                0x080026ac                USBD_USR_DeviceResumed
 .text.xMBPortEventInit
                0x080026b8       0x1c ..\obj\portevent.o
                0x080026b8                xMBPortEventInit
 .text.xMBPortEventPost
                0x080026d4       0x30 ..\obj\portevent.o
                0x080026d4                xMBPortEventPost
 .text.xMBPortEventGet
                0x08002704       0x44 ..\obj\portevent.o
                0x08002704                xMBPortEventGet
 .text.Buzzer_Init
                0x08002748       0x94 ..\obj\buzzer.o
                0x08002748                Buzzer_Init
 .text.Buzzer_Task
                0x080027dc      0x1d8 ..\obj\buzzer.o
                0x080027dc                Buzzer_Task
 .text.Buzzer_Set_Buzz
                0x080029b4       0x90 ..\obj\buzzer.o
                0x080029b4                Buzzer_Set_Buzz
 .text.eMBFuncReportSlaveID
                0x08002a44       0x44 ..\obj\mbfuncother.o
                0x08002a44                eMBFuncReportSlaveID
 .text.PWR_BackupAccessCmd
                0x08002a88       0x20 ..\obj\stm32f4xx_pwr.o
                0x08002a88                PWR_BackupAccessCmd
 .text.PWR_PVDLevelConfig
                0x08002aa8       0x38 ..\obj\stm32f4xx_pwr.o
                0x08002aa8                PWR_PVDLevelConfig
 .text.PWR_PVDCmd
                0x08002ae0       0x20 ..\obj\stm32f4xx_pwr.o
                0x08002ae0                PWR_PVDCmd
 .text.PWR_BackupRegulatorCmd
                0x08002b00       0x20 ..\obj\stm32f4xx_pwr.o
                0x08002b00                PWR_BackupRegulatorCmd
 .text.prveMBError2Exception
                0x08002b20       0x48 ..\obj\mbutils.o
                0x08002b20                prveMBError2Exception
 .text.Default_Reset_Handler
                0x08002b68       0x64 ..\obj\startup_stm32f4xx.o
                0x08002b68                Default_Reset_Handler
                0x08002b68                Reset_Handler
 .text.Default_Handler
                0x08002bcc        0x8 ..\obj\startup_stm32f4xx.o
                0x08002bcc                RTC_Alarm_IRQHandler
                0x08002bcc                HASH_RNG_IRQHandler
                0x08002bcc                EXTI2_IRQHandler
                0x08002bcc                TIM8_CC_IRQHandler
                0x08002bcc                DebugMon_Handler
                0x08002bcc                TIM1_CC_IRQHandler
                0x08002bcc                DMA2_Stream5_IRQHandler
                0x08002bcc                HardFault_Handler
                0x08002bcc                DMA1_Stream5_IRQHandler
                0x08002bcc                SDIO_IRQHandler
                0x08002bcc                TAMP_STAMP_IRQHandler
                0x08002bcc                NMI_Handler
                0x08002bcc                CAN2_RX1_IRQHandler
                0x08002bcc                EXTI3_IRQHandler
                0x08002bcc                TIM8_TRG_COM_TIM14_IRQHandler
                0x08002bcc                TIM1_UP_TIM10_IRQHandler
                0x08002bcc                TIM8_UP_TIM13_IRQHandler
                0x08002bcc                I2C3_ER_IRQHandler
                0x08002bcc                EXTI0_IRQHandler
                0x08002bcc                I2C2_EV_IRQHandler
                0x08002bcc                DMA1_Stream2_IRQHandler
                0x08002bcc                CAN1_RX0_IRQHandler
                0x08002bcc                FPU_IRQHandler
                0x08002bcc                OTG_HS_WKUP_IRQHandler
                0x08002bcc                UsageFault_Handler
                0x08002bcc                CAN2_SCE_IRQHandler
                0x08002bcc                DMA2_Stream2_IRQHandler
                0x08002bcc                SPI1_IRQHandler
                0x08002bcc                TIM6_DAC_IRQHandler
                0x08002bcc                TIM1_BRK_TIM9_IRQHandler
                0x08002bcc                DCMI_IRQHandler
                0x08002bcc                CAN2_RX0_IRQHandler
                0x08002bcc                DMA2_Stream3_IRQHandler
                0x08002bcc                USART6_IRQHandler
                0x08002bcc                USART3_IRQHandler
                0x08002bcc                CRYP_IRQHandler
                0x08002bcc                CAN1_RX1_IRQHandler
                0x08002bcc                UART5_IRQHandler
                0x08002bcc                DMA2_Stream0_IRQHandler
                0x08002bcc                I2C1_EV_IRQHandler
                0x08002bcc                DMA1_Stream6_IRQHandler
                0x08002bcc                DMA1_Stream1_IRQHandler
                0x08002bcc                UART4_IRQHandler
                0x08002bcc                TIM3_IRQHandler
                0x08002bcc                RCC_IRQHandler
                0x08002bcc                TIM8_BRK_TIM12_IRQHandler
                0x08002bcc                EXTI15_10_IRQHandler
                0x08002bcc                ADC_IRQHandler
                0x08002bcc                DMA1_Stream7_IRQHandler
                0x08002bcc                TIM7_IRQHandler
                0x08002bcc                CAN2_TX_IRQHandler
                0x08002bcc                TIM5_IRQHandler
                0x08002bcc                DMA2_Stream7_IRQHandler
                0x08002bcc                I2C3_EV_IRQHandler
                0x08002bcc                EXTI9_5_IRQHandler
                0x08002bcc                RTC_WKUP_IRQHandler
                0x08002bcc                ETH_WKUP_IRQHandler
                0x08002bcc                SPI2_IRQHandler
                0x08002bcc                OTG_HS_EP1_IN_IRQHandler
                0x08002bcc                MemManage_Handler
                0x08002bcc                DMA1_Stream0_IRQHandler
                0x08002bcc                CAN1_TX_IRQHandler
                0x08002bcc                EXTI4_IRQHandler
                0x08002bcc                FSMC_IRQHandler
                0x08002bcc                ETH_IRQHandler
                0x08002bcc                OTG_HS_EP1_OUT_IRQHandler
                0x08002bcc                WWDG_IRQHandler
                0x08002bcc                TIM2_IRQHandler
                0x08002bcc                TIM1_TRG_COM_TIM11_IRQHandler
                0x08002bcc                OTG_HS_IRQHandler
                0x08002bcc                EXTI1_IRQHandler
                0x08002bcc                USART2_IRQHandler
                0x08002bcc                I2C2_ER_IRQHandler
                0x08002bcc                DMA2_Stream1_IRQHandler
                0x08002bcc                CAN1_SCE_IRQHandler
                0x08002bcc                FLASH_IRQHandler
                0x08002bcc                DMA2_Stream4_IRQHandler
                0x08002bcc                BusFault_Handler
                0x08002bcc                USART1_IRQHandler
                0x08002bcc                SPI3_IRQHandler
                0x08002bcc                DMA1_Stream4_IRQHandler
                0x08002bcc                I2C1_ER_IRQHandler
                0x08002bcc                DMA2_Stream6_IRQHandler
                0x08002bcc                DMA1_Stream3_IRQHandler
 .text.Backup_SRAM_Init
                0x08002bd4       0x20 ..\obj\backup_sram.o
                0x08002bd4                Backup_SRAM_Init
 .text.Backup_SRAM_Write_Reg
                0x08002bf4       0x80 ..\obj\backup_sram.o
                0x08002bf4                Backup_SRAM_Write_Reg
 .text.IWDG_WriteAccessCmd
                0x08002c74       0x20 ..\obj\stm32f4xx_iwdg.o
                0x08002c74                IWDG_WriteAccessCmd
 .text.IWDG_SetPrescaler
                0x08002c94       0x20 ..\obj\stm32f4xx_iwdg.o
                0x08002c94                IWDG_SetPrescaler
 .text.IWDG_SetReload
                0x08002cb4       0x20 ..\obj\stm32f4xx_iwdg.o
                0x08002cb4                IWDG_SetReload
 .text.IWDG_ReloadCounter
                0x08002cd4       0x18 ..\obj\stm32f4xx_iwdg.o
                0x08002cd4                IWDG_ReloadCounter
 .text.IWDG_Enable
                0x08002cec       0x18 ..\obj\stm32f4xx_iwdg.o
                0x08002cec                IWDG_Enable
 .text.eMBFuncWriteHoldingRegister
                0x08002d04       0x80 ..\obj\mbfuncholding.o
                0x08002d04                eMBFuncWriteHoldingRegister
 .text.eMBFuncWriteMultipleHoldingRegister
                0x08002d84       0xd4 ..\obj\mbfuncholding.o
                0x08002d84                eMBFuncWriteMultipleHoldingRegister
 .text.eMBFuncReadHoldingRegister
                0x08002e58      0x10c ..\obj\mbfuncholding.o
                0x08002e58                eMBFuncReadHoldingRegister
 .text.eMBFuncReadWriteMultipleHoldingRegister
                0x08002f64      0x194 ..\obj\mbfuncholding.o
                0x08002f64                eMBFuncReadWriteMultipleHoldingRegister
 .text.USBD_Init
                0x080030f8       0x58 ..\obj\usbd_core.o
                0x080030f8                USBD_Init
 .text.USBD_DeInit
                0x08003150       0x18 ..\obj\usbd_core.o
                0x08003150                USBD_DeInit
 .text.USBD_SetupStage
                0x08003168       0x70 ..\obj\usbd_core.o
 .text.USBD_DataOutStage
                0x080031d8       0xd4 ..\obj\usbd_core.o
 .text.USBD_DataInStage
                0x080032ac      0x114 ..\obj\usbd_core.o
 .text.USBD_Reset
                0x080033c0       0x54 ..\obj\usbd_core.o
 .text.USBD_Resume
                0x08003414       0x2c ..\obj\usbd_core.o
 .text.USBD_Suspend
                0x08003440       0x2c ..\obj\usbd_core.o
 .text.USBD_SOF
                0x0800346c       0x30 ..\obj\usbd_core.o
 .text.USBD_SetCfg
                0x0800349c       0x34 ..\obj\usbd_core.o
                0x0800349c                USBD_SetCfg
 .text.USBD_ClrCfg
                0x080034d0       0x2c ..\obj\usbd_core.o
                0x080034d0                USBD_ClrCfg
 .text.USBD_IsoINIncomplete
                0x080034fc       0x24 ..\obj\usbd_core.o
 .text.USBD_IsoOUTIncomplete
                0x08003520       0x24 ..\obj\usbd_core.o
 .text.main     0x08003544       0x50 ..\obj\main.o
                0x08003544                main
 .text.vApplicationMallocFailedHook
                0x08003594        0x8 ..\obj\main.o
                0x08003594                vApplicationMallocFailedHook
 .text.vApplicationStackOverflowHook
                0x0800359c        0xc ..\obj\main.o
                0x0800359c                vApplicationStackOverflowHook
 .text.vApplicationIdleHook
                0x080035a8       0x18 ..\obj\main.o
                0x080035a8                vApplicationIdleHook
 .text.usMBCRC16
                0x080035c0       0x84 ..\obj\mbcrc.o
                0x080035c0                usMBCRC16
 .text.RCC_AHB1PeriphClockCmd
                0x08003644       0x40 ..\obj\stm32f4xx_rcc.o
                0x08003644                RCC_AHB1PeriphClockCmd
 .text.RCC_AHB2PeriphClockCmd
                0x08003684       0x40 ..\obj\stm32f4xx_rcc.o
                0x08003684                RCC_AHB2PeriphClockCmd
 .text.RCC_APB1PeriphClockCmd
                0x080036c4       0x40 ..\obj\stm32f4xx_rcc.o
                0x080036c4                RCC_APB1PeriphClockCmd
 .text.RCC_APB2PeriphClockCmd
                0x08003704       0x40 ..\obj\stm32f4xx_rcc.o
                0x08003704                RCC_APB2PeriphClockCmd
 .text.RCC_APB2PeriphResetCmd
                0x08003744       0x40 ..\obj\stm32f4xx_rcc.o
                0x08003744                RCC_APB2PeriphResetCmd
 .text.CRC_Check
                0x08003784       0x84 ..\obj\level_gage_test.o
                0x08003784                CRC_Check
 .text.ADC_DeInit
                0x08003808       0x20 ..\obj\stm32f4xx_adc.o
                0x08003808                ADC_DeInit
 .text.ADC_Init
                0x08003828       0xb4 ..\obj\stm32f4xx_adc.o
                0x08003828                ADC_Init
 .text.ADC_StructInit
                0x080038dc       0x4c ..\obj\stm32f4xx_adc.o
                0x080038dc                ADC_StructInit
 .text.ADC_CommonInit
                0x08003928       0x50 ..\obj\stm32f4xx_adc.o
                0x08003928                ADC_CommonInit
 .text.ADC_CommonStructInit
                0x08003978       0x34 ..\obj\stm32f4xx_adc.o
                0x08003978                ADC_CommonStructInit
 .text.ADC_Cmd  0x080039ac       0x38 ..\obj\stm32f4xx_adc.o
                0x080039ac                ADC_Cmd
 .text.ADC_RegularChannelConfig
                0x080039e4      0x1bc ..\obj\stm32f4xx_adc.o
                0x080039e4                ADC_RegularChannelConfig
 .text.ADC_GetFlagStatus
                0x08003ba0       0x3c ..\obj\stm32f4xx_adc.o
                0x08003ba0                ADC_GetFlagStatus
 .text.eMBFuncReadInputRegister
                0x08003bdc      0x110 ..\obj\mbfuncinput.o
                0x08003bdc                eMBFuncReadInputRegister
 .text.Watchdog_Init
                0x08003cec       0x88 ..\obj\watchdog.o
                0x08003cec                Watchdog_Init
 .text.Watchdog_Task
                0x08003d74       0x88 ..\obj\watchdog.o
 .text.xTaskGenericCreate
                0x08003dfc      0x1a8 ..\obj\tasks.o
                0x08003dfc                xTaskGenericCreate
 .text.vTaskDelay
                0x08003fa4       0x58 ..\obj\tasks.o
                0x08003fa4                vTaskDelay
 .text.vTaskSuspend
                0x08003ffc       0xa4 ..\obj\tasks.o
                0x08003ffc                vTaskSuspend
 .text.xTaskIsTaskSuspended
                0x080040a0       0x5c ..\obj\tasks.o
                0x080040a0                xTaskIsTaskSuspended
 .text.vTaskResume
                0x080040fc       0xa8 ..\obj\tasks.o
                0x080040fc                vTaskResume
 .text.vTaskStartScheduler
                0x080041a4       0x7c ..\obj\tasks.o
                0x080041a4                vTaskStartScheduler
 .text.vTaskSuspendAll
                0x08004220       0x1c ..\obj\tasks.o
                0x08004220                vTaskSuspendAll
 .text.xTaskResumeAll
                0x0800423c      0x120 ..\obj\tasks.o
                0x0800423c                xTaskResumeAll
 .text.vTaskIncrementTick
                0x0800435c      0x150 ..\obj\tasks.o
                0x0800435c                vTaskIncrementTick
 .text.vTaskSwitchContext
                0x080044ac      0x108 ..\obj\tasks.o
                0x080044ac                vTaskSwitchContext
 .text.vTaskPlaceOnEventList
                0x080045b4       0x78 ..\obj\tasks.o
                0x080045b4                vTaskPlaceOnEventList
 .text.xTaskRemoveFromEventList
                0x0800462c       0xc4 ..\obj\tasks.o
                0x0800462c                xTaskRemoveFromEventList
 .text.vTaskSetTimeOutState
                0x080046f0       0x3c ..\obj\tasks.o
                0x080046f0                vTaskSetTimeOutState
 .text.xTaskCheckForTimeOut
                0x0800472c       0xb4 ..\obj\tasks.o
                0x0800472c                xTaskCheckForTimeOut
 .text.vTaskMissedYield
                0x080047e0       0x18 ..\obj\tasks.o
                0x080047e0                vTaskMissedYield
 .text.prvIdleTask
                0x080047f8       0x24 ..\obj\tasks.o
 .text.prvInitialiseTCBVariables
                0x0800481c       0x78 ..\obj\tasks.o
 .text.prvInitialiseTaskLists
                0x08004894       0x88 ..\obj\tasks.o
 .text.prvCheckTasksWaitingTermination
                0x0800491c       0x7c ..\obj\tasks.o
 .text.prvAddCurrentTaskToDelayedList
                0x08004998       0x70 ..\obj\tasks.o
 .text.prvAllocateTCBAndStack
                0x08004a08       0x70 ..\obj\tasks.o
 .text.prvDeleteTCB
                0x08004a78       0x20 ..\obj\tasks.o
 .text.vTaskPriorityDisinherit
                0x08004a98       0x84 ..\obj\tasks.o
                0x08004a98                vTaskPriorityDisinherit
 .text.USBD_USR_DeviceDescriptor
                0x08004b1c       0x28 ..\obj\usbd_desc.o
                0x08004b1c                USBD_USR_DeviceDescriptor
 .text.USBD_USR_LangIDStrDescriptor
                0x08004b44       0x28 ..\obj\usbd_desc.o
                0x08004b44                USBD_USR_LangIDStrDescriptor
 .text.USBD_USR_ProductStrDescriptor
                0x08004b6c       0x40 ..\obj\usbd_desc.o
                0x08004b6c                USBD_USR_ProductStrDescriptor
 .text.USBD_USR_ManufacturerStrDescriptor
                0x08004bac       0x2c ..\obj\usbd_desc.o
                0x08004bac                USBD_USR_ManufacturerStrDescriptor
 .text.USBD_USR_SerialStrDescriptor
                0x08004bd8       0x40 ..\obj\usbd_desc.o
                0x08004bd8                USBD_USR_SerialStrDescriptor
 .text.USBD_USR_ConfigStrDescriptor
                0x08004c18       0x3c ..\obj\usbd_desc.o
                0x08004c18                USBD_USR_ConfigStrDescriptor
 .text.USBD_USR_InterfaceStrDescriptor
                0x08004c54       0x3c ..\obj\usbd_desc.o
                0x08004c54                USBD_USR_InterfaceStrDescriptor
 .text.Keyboard_Init
                0x08004c90       0x70 ..\obj\keyboard.o
                0x08004c90                Keyboard_Init
 .text.vKeyboardTask
                0x08004d00      0x1f8 ..\obj\keyboard.o
 .text.GPIO_Init
                0x08004ef8      0x144 ..\obj\stm32f4xx_gpio.o
                0x08004ef8                GPIO_Init
 .text.GPIO_StructInit
                0x0800503c       0x3c ..\obj\stm32f4xx_gpio.o
                0x0800503c                GPIO_StructInit
 .text.GPIO_ReadInputDataBit
                0x08005078       0x3c ..\obj\stm32f4xx_gpio.o
                0x08005078                GPIO_ReadInputDataBit
 .text.GPIO_WriteBit
                0x080050b4       0x30 ..\obj\stm32f4xx_gpio.o
                0x080050b4                GPIO_WriteBit
 .text.GPIO_PinAFConfig
                0x080050e4       0xa8 ..\obj\stm32f4xx_gpio.o
                0x080050e4                GPIO_PinAFConfig
 .text.xMBPortTimersInit
                0x0800518c       0xc4 ..\obj\porttimer.o
                0x0800518c                xMBPortTimersInit
 .text.vMBPortTimersEnable
                0x08005250       0x38 ..\obj\porttimer.o
                0x08005250                vMBPortTimersEnable
 .text.vMBPortTimersDisable
                0x08005288       0x38 ..\obj\porttimer.o
                0x08005288                vMBPortTimersDisable
 .text.TIM4_IRQHandler
                0x080052c0       0x20 ..\obj\porttimer.o
                0x080052c0                TIM4_IRQHandler
 .text.VCP_Init
                0x080052e0       0x10 ..\obj\usbd_cdc_vcp.o
 .text.VCP_DeInit
                0x080052f0       0x10 ..\obj\usbd_cdc_vcp.o
 .text.VCP_Ctrl
                0x08005300       0xbc ..\obj\usbd_cdc_vcp.o
 .text.VCP_DataTx
                0x080053bc       0x68 ..\obj\usbd_cdc_vcp.o
                0x080053bc                VCP_DataTx
 .text.VCP_DataRx
                0x08005424       0x7c ..\obj\usbd_cdc_vcp.o
                0x08005424                VCP_DataRx
 .text.VCP_get_char
                0x080054a0       0x60 ..\obj\usbd_cdc_vcp.o
                0x080054a0                VCP_get_char
 .text.vListInitialise
                0x08005500       0x40 ..\obj\list.o
                0x08005500                vListInitialise
 .text.vListInitialiseItem
                0x08005540       0x1c ..\obj\list.o
                0x08005540                vListInitialiseItem
 .text.vListInsertEnd
                0x0800555c       0x50 ..\obj\list.o
                0x0800555c                vListInsertEnd
 .text.vListInsert
                0x080055ac       0x74 ..\obj\list.o
                0x080055ac                vListInsert
 .text.vListRemove
                0x08005620       0x54 ..\obj\list.o
                0x08005620                vListRemove
 .text.eMBRTUInit
                0x08005674       0x84 ..\obj\mbrtu.o
                0x08005674                eMBRTUInit
 .text.eMBRTUStart
                0x080056f8       0x2c ..\obj\mbrtu.o
                0x080056f8                eMBRTUStart
 .text.eMBRTUStop
                0x08005724       0x20 ..\obj\mbrtu.o
                0x08005724                eMBRTUStop
 .text.eMBRTUReceive
                0x08005744       0x84 ..\obj\mbrtu.o
                0x08005744                eMBRTUReceive
 .text.eMBRTUSend
                0x080057c8       0xe0 ..\obj\mbrtu.o
                0x080057c8                eMBRTUSend
 .text.xMBRTUReceiveFSM
                0x080058a8       0xbc ..\obj\mbrtu.o
                0x080058a8                xMBRTUReceiveFSM
 .text.xMBRTUTransmitFSM
                0x08005964       0x8c ..\obj\mbrtu.o
                0x08005964                xMBRTUTransmitFSM
 .text.xMBRTUTimerT35Expired
                0x080059f0       0x58 ..\obj\mbrtu.o
                0x080059f0                xMBRTUTimerT35Expired
 .text.SystemInit
                0x08005a48       0x5c ..\obj\system_stm32f4xx.o
                0x08005a48                SystemInit
 .text.SetSysClock
                0x08005aa4      0x100 ..\obj\system_stm32f4xx.o
 .text.ADC_Channel_Init
                0x08005ba4      0x138 ..\obj\adc.o
                0x08005ba4                ADC_Channel_Init
 .text.bubblesort
                0x08005cdc       0xa4 ..\obj\adc.o
                0x08005cdc                bubblesort
 .text.ADC_Task
                0x08005d80      0x258 ..\obj\adc.o
 .text.USB_OTG_BSP_Init
                0x08005fd8       0xcc ..\obj\usb_bsp.o
                0x08005fd8                USB_OTG_BSP_Init
 .text.USB_OTG_BSP_EnableInterrupt
                0x080060a4       0x3c ..\obj\usb_bsp.o
                0x080060a4                USB_OTG_BSP_EnableInterrupt
 .text.USB_OTG_BSP_uDelay
                0x080060e0       0x58 ..\obj\usb_bsp.o
                0x080060e0                USB_OTG_BSP_uDelay
 .text.USB_OTG_BSP_mDelay
                0x08006138       0x20 ..\obj\usb_bsp.o
                0x08006138                USB_OTG_BSP_mDelay
 .text.OTG_FS_WKUP_IRQHandler
                0x08006158       0x34 ..\obj\usb_bsp.o
                0x08006158                OTG_FS_WKUP_IRQHandler
 .text.OTG_FS_IRQHandler
                0x0800618c       0x10 ..\obj\usb_bsp.o
                0x0800618c                OTG_FS_IRQHandler
 .text.USBD_StdDevReq
                0x0800619c       0xa4 ..\obj\usbd_req.o
                0x0800619c                USBD_StdDevReq
 .text.USBD_StdItfReq
                0x08006240       0x6c ..\obj\usbd_req.o
                0x08006240                USBD_StdItfReq
 .text.USBD_StdEPReq
                0x080062ac      0x1c8 ..\obj\usbd_req.o
                0x080062ac                USBD_StdEPReq
 .text.USBD_GetDescriptor
                0x08006474      0x1c8 ..\obj\usbd_req.o
 .text.USBD_SetAddress
                0x0800663c       0x80 ..\obj\usbd_req.o
 .text.USBD_SetConfig
                0x080066bc       0xf8 ..\obj\usbd_req.o
 .text.USBD_GetConfig
                0x080067b4       0x64 ..\obj\usbd_req.o
 .text.USBD_GetStatus
                0x08006818       0x58 ..\obj\usbd_req.o
 .text.USBD_SetFeature
                0x08006870       0xe0 ..\obj\usbd_req.o
 .text.USBD_ClrFeature
                0x08006950       0x58 ..\obj\usbd_req.o
 .text.USBD_ParseSetupRequest
                0x080069a8       0x94 ..\obj\usbd_req.o
                0x080069a8                USBD_ParseSetupRequest
 .text.USBD_CtlError
                0x08006a3c       0x50 ..\obj\usbd_req.o
                0x08006a3c                USBD_CtlError
 .text.USBD_GetString
                0x08006a8c       0x9c ..\obj\usbd_req.o
                0x08006a8c                USBD_GetString
 .text.USBD_GetLen
                0x08006b28       0x38 ..\obj\usbd_req.o
 .text.xQueueGenericReset
                0x08006b60       0xc0 ..\obj\queue.o
                0x08006b60                xQueueGenericReset
 .text.xQueueGenericCreate
                0x08006c20       0x8c ..\obj\queue.o
                0x08006c20                xQueueGenericCreate
 .text.xQueueGenericSend
                0x08006cac      0x154 ..\obj\queue.o
                0x08006cac                xQueueGenericSend
 .text.prvCopyDataToQueue
                0x08006e00       0xc4 ..\obj\queue.o
 .text.prvUnlockQueue
                0x08006ec4       0xa0 ..\obj\queue.o
 .text.prvIsQueueFull
                0x08006f64       0x30 ..\obj\queue.o
 .text.pxPortInitialiseStack
                0x08006f94       0x60 ..\obj\port.o
                0x08006f94                pxPortInitialiseStack
 .text.SVC_Handler
                0x08006ff4       0x20 ..\obj\port.o
                0x08006ff4                SVC_Handler
 .text.vPortStartFirstTask
                0x08007014       0x14 ..\obj\port.o
                0x08007014                vPortStartFirstTask
 .text.xPortStartScheduler
                0x08007028       0x3c ..\obj\port.o
                0x08007028                xPortStartScheduler
 .text.vPortYieldFromISR
                0x08007064       0x18 ..\obj\port.o
                0x08007064                vPortYieldFromISR
 .text.vPortEnterCritical
                0x0800707c       0x24 ..\obj\port.o
                0x0800707c                vPortEnterCritical
 .text.vPortExitCritical
                0x080070a0       0x2c ..\obj\port.o
                0x080070a0                vPortExitCritical
 .text.PendSV_Handler
                0x080070cc       0x3c ..\obj\port.o
                0x080070cc                PendSV_Handler
 .text.SysTick_Handler
                0x08007108       0x34 ..\obj\port.o
                0x08007108                SysTick_Handler
 .text.prvSetupTimerInterrupt
                0x0800713c       0x24 ..\obj\port.o
 .text.USBD_OTG_ISR_Handler
                0x08007160      0x164 ..\obj\usb_dcd_int.o
                0x08007160                USBD_OTG_ISR_Handler
 .text.DCD_HandleResume_ISR
                0x080072c4       0x88 ..\obj\usb_dcd_int.o
 .text.DCD_HandleUSBSuspend_ISR
                0x0800734c       0xa4 ..\obj\usb_dcd_int.o
 .text.DCD_HandleInEP_ISR
                0x080073f0      0x22c ..\obj\usb_dcd_int.o
 .text.DCD_HandleOutEP_ISR
                0x0800761c      0x1a8 ..\obj\usb_dcd_int.o
 .text.DCD_HandleSof_ISR
                0x080077c4       0x3c ..\obj\usb_dcd_int.o
 .text.DCD_HandleRxStatusQueueLevel_ISR
                0x08007800      0x114 ..\obj\usb_dcd_int.o
 .text.DCD_WriteEmptyTxFifo
                0x08007914      0x130 ..\obj\usb_dcd_int.o
 .text.DCD_HandleUsbReset_ISR
                0x08007a44      0x16c ..\obj\usb_dcd_int.o
 .text.DCD_HandleEnumDone_ISR
                0x08007bb0       0x88 ..\obj\usb_dcd_int.o
 .text.DCD_IsoINIncomplete_ISR
                0x08007c38       0x3c ..\obj\usb_dcd_int.o
 .text.DCD_IsoOUTIncomplete_ISR
                0x08007c74       0x3c ..\obj\usb_dcd_int.o
 .text.DCD_ReadDevInEP
                0x08007cb0       0x58 ..\obj\usb_dcd_int.o
 .text.vMBPortSerialEnable
                0x08007d08       0x28 ..\obj\portserial.o
                0x08007d08                vMBPortSerialEnable
 .text.xMBPortSerialInit
                0x08007d30       0x50 ..\obj\portserial.o
                0x08007d30                xMBPortSerialInit
 .text.xMBPortSerialGetByte
                0x08007d80       0x28 ..\obj\portserial.o
                0x08007d80                xMBPortSerialGetByte
 .text.Serial_Task
                0x08007da8       0x28 ..\obj\portserial.o
 .text.usbd_cdc_Init
                0x08007dd0       0xc0 ..\obj\usbd_cdc_core.o
 .text.usbd_cdc_DeInit
                0x08007e90       0x44 ..\obj\usbd_cdc_core.o
 .text.usbd_cdc_Setup
                0x08007ed4      0x138 ..\obj\usbd_cdc_core.o
 .text.usbd_cdc_EP0_RxReady
                0x0800800c       0x48 ..\obj\usbd_cdc_core.o
 .text.usbd_cdc_DataIn
                0x08008054       0xd4 ..\obj\usbd_cdc_core.o
 .text.usbd_cdc_DataOut
                0x08008128       0x60 ..\obj\usbd_cdc_core.o
 .text.usbd_cdc_SOF
                0x08008188       0x44 ..\obj\usbd_cdc_core.o
 .text.Handle_USBAsynchXfer
                0x080081cc      0x114 ..\obj\usbd_cdc_core.o
 .text.USBD_cdc_GetCfgDesc
                0x080082e0       0x28 ..\obj\usbd_cdc_core.o
 .text.eMBFuncReadCoils
                0x08008308      0x134 ..\obj\mbfunccoils.o
                0x08008308                eMBFuncReadCoils
 .text.eMBFuncWriteCoil
                0x0800843c       0xcc ..\obj\mbfunccoils.o
                0x0800843c                eMBFuncWriteCoil
 .text.eMBFuncWriteMultipleCoils
                0x08008508       0xf4 ..\obj\mbfunccoils.o
                0x08008508                eMBFuncWriteMultipleCoils
 .text.EXTI_Init
                0x080085fc       0xe8 ..\obj\stm32f4xx_exti.o
                0x080085fc                EXTI_Init
 .text.EXTI_GetITStatus
                0x080086e4       0x50 ..\obj\stm32f4xx_exti.o
                0x080086e4                EXTI_GetITStatus
 .text.EXTI_ClearITPendingBit
                0x08008734       0x1c ..\obj\stm32f4xx_exti.o
                0x08008734                EXTI_ClearITPendingBit
 .text.NVIC_PriorityGroupConfig
                0x08008750       0x24 ..\obj\misc.o
                0x08008750                NVIC_PriorityGroupConfig
 .text.NVIC_Init
                0x08008774       0xd4 ..\obj\misc.o
                0x08008774                NVIC_Init
 .text.DCD_Init
                0x08008848      0x12c ..\obj\usb_dcd.o
                0x08008848                DCD_Init
 .text.DCD_EP_Open
                0x08008974       0xac ..\obj\usb_dcd.o
                0x08008974                DCD_EP_Open
 .text.DCD_EP_Close
                0x08008a20       0x80 ..\obj\usb_dcd.o
                0x08008a20                DCD_EP_Close
 .text.DCD_EP_PrepareRx
                0x08008aa0       0x8c ..\obj\usb_dcd.o
                0x08008aa0                DCD_EP_PrepareRx
 .text.DCD_EP_Tx
                0x08008b2c       0x84 ..\obj\usb_dcd.o
                0x08008b2c                DCD_EP_Tx
 .text.DCD_EP_Stall
                0x08008bb0       0x84 ..\obj\usb_dcd.o
                0x08008bb0                DCD_EP_Stall
 .text.DCD_EP_ClrStall
                0x08008c34       0x84 ..\obj\usb_dcd.o
                0x08008c34                DCD_EP_ClrStall
 .text.DCD_EP_SetAddress
                0x08008cb8       0x3c ..\obj\usb_dcd.o
                0x08008cb8                DCD_EP_SetAddress
 .text.pvPortMalloc
                0x08008cf4       0x80 ..\obj\heap_1.o
                0x08008cf4                pvPortMalloc
 .text.vPortFree
                0x08008d74       0x14 ..\obj\heap_1.o
                0x08008d74                vPortFree
 .text.xPortGetFreeHeapSize
                0x08008d88       0x18 ..\obj\heap_1.o
                0x08008d88                xPortGetFreeHeapSize
 .text.USBD_CtlSendData
                0x08008da0       0x48 ..\obj\usbd_ioreq.o
                0x08008da0                USBD_CtlSendData
 .text.USBD_CtlContinueSendData
                0x08008de8       0x30 ..\obj\usbd_ioreq.o
                0x08008de8                USBD_CtlContinueSendData
 .text.USBD_CtlPrepareRx
                0x08008e18       0x48 ..\obj\usbd_ioreq.o
                0x08008e18                USBD_CtlPrepareRx
 .text.USBD_CtlContinueRx
                0x08008e60       0x30 ..\obj\usbd_ioreq.o
                0x08008e60                USBD_CtlContinueRx
 .text.USBD_CtlSendStatus
                0x08008e90       0x3c ..\obj\usbd_ioreq.o
                0x08008e90                USBD_CtlSendStatus
 .text.USBD_CtlReceiveStatus
                0x08008ecc       0x3c ..\obj\usbd_ioreq.o
                0x08008ecc                USBD_CtlReceiveStatus
 .text.TIM_TimeBaseInit
                0x08008f08       0xd8 ..\obj\stm32f4xx_tim.o
                0x08008f08                TIM_TimeBaseInit
 .text.TIM_SetCounter
                0x08008fe0       0x1c ..\obj\stm32f4xx_tim.o
                0x08008fe0                TIM_SetCounter
 .text.TIM_ARRPreloadConfig
                0x08008ffc       0x40 ..\obj\stm32f4xx_tim.o
                0x08008ffc                TIM_ARRPreloadConfig
 .text.TIM_Cmd  0x0800903c       0x40 ..\obj\stm32f4xx_tim.o
                0x0800903c                TIM_Cmd
 .text.TIM_ITConfig
                0x0800907c       0x48 ..\obj\stm32f4xx_tim.o
                0x0800907c                TIM_ITConfig
 .text.TIM_ClearITPendingBit
                0x080090c4       0x24 ..\obj\stm32f4xx_tim.o
                0x080090c4                TIM_ClearITPendingBit
 .text.NVIC_SystemReset
                0x080090e8       0x28 ..\obj\power_detector.o
 .text.Power_Detector_Init
                0x08009110       0x80 ..\obj\power_detector.o
                0x08009110                Power_Detector_Init
 .text.PVD_IRQHandler
                0x08009190       0x20 ..\obj\power_detector.o
                0x08009190                PVD_IRQHandler
 .text          0x080091b0      0x370 c:/stm32/arm_eabi/bin/../lib/gcc/arm-none-eabi/4.7.2/thumb2\libgcc.a(_arm_addsubdf3.o)
                0x080091b0                __aeabi_drsub
                0x080091b8                __aeabi_dsub
                0x080091b8                __subdf3
                0x080091bc                __aeabi_dadd
                0x080091bc                __adddf3
                0x08009434                __floatunsidf
                0x08009434                __aeabi_ui2d
                0x08009454                __floatsidf
                0x08009454                __aeabi_i2d
                0x08009478                __aeabi_f2d
                0x08009478                __extendsfdf2
                0x080094b4                __floatundidf
                0x080094b4                __aeabi_ul2d
                0x080094c4                __floatdidf
                0x080094c4                __aeabi_l2d
 .text          0x08009520      0x424 c:/stm32/arm_eabi/bin/../lib/gcc/arm-none-eabi/4.7.2/thumb2\libgcc.a(_arm_muldivdf3.o)
                0x08009520                __aeabi_dmul
                0x08009520                __muldf3
                0x08009774                __divdf3
                0x08009774                __aeabi_ddiv
 .text          0x08009944       0xa0 c:/stm32/arm_eabi/bin/../lib/gcc/arm-none-eabi/4.7.2/thumb2\libgcc.a(_arm_truncdfsf2.o)
                0x08009944                __truncdfsf2
                0x08009944                __aeabi_d2f
 .text          0x080099e4      0x21c c:/stm32/arm_eabi/bin/../lib/gcc/arm-none-eabi/4.7.2/thumb2\libgcc.a(_arm_addsubsf3.o)
                0x080099e4                __aeabi_frsub
                0x080099ec                __subsf3
                0x080099ec                __aeabi_fsub
                0x080099f0                __aeabi_fadd
                0x080099f0                __addsf3
                0x08009b50                __aeabi_ui2f
                0x08009b50                __floatunsisf
                0x08009b58                __aeabi_i2f
                0x08009b58                __floatsisf
                0x08009b74                __aeabi_ul2f
                0x08009b74                __floatundisf
                0x08009b84                __aeabi_l2f
                0x08009b84                __floatdisf
 .text          0x08009c00      0x2a0 c:/stm32/arm_eabi/bin/../lib/gcc/arm-none-eabi/4.7.2/thumb2\libgcc.a(_arm_muldivsf3.o)
                0x08009c00                __mulsf3
                0x08009c00                __aeabi_fmul
                0x08009d68                __aeabi_fdiv
                0x08009d68                __divsf3
 .text          0x08009ea0       0xec c:/stm32/arm_eabi/bin/../lib/gcc/arm-none-eabi/4.7.2/thumb2\libgcc.a(_arm_cmpsf2.o)
                0x08009ea0                __gesf2
                0x08009ea0                __gtsf2
                0x08009ea8                __lesf2
                0x08009ea8                __ltsf2
                0x08009eb0                __nesf2
                0x08009eb0                __eqsf2
                0x08009eb0                __cmpsf2
                0x08009f10                __aeabi_cfrcmple
                0x08009f18                __aeabi_cfcmpeq
                0x08009f18                __aeabi_cfcmple
                0x08009f28                __aeabi_fcmpeq
                0x08009f3c                __aeabi_fcmplt
                0x08009f50                __aeabi_fcmple
                0x08009f64                __aeabi_fcmpge
                0x08009f78                __aeabi_fcmpgt
 .text          0x08009f8c       0x64 c:/stm32/arm_eabi/bin/../lib/gcc/arm-none-eabi/4.7.2/../../../../arm-none-eabi/lib/thumb2\libc.a(lib_a-memcmp.o)
                0x08009f8c                memcmp
 .text          0x08009ff0      0x174 c:/stm32/arm_eabi/bin/../lib/gcc/arm-none-eabi/4.7.2/../../../../arm-none-eabi/lib/thumb2\libc.a(lib_a-memcpy.o)
                0x08009ff0                memcpy
 .text          0x0800a164       0xcc c:/stm32/arm_eabi/bin/../lib/gcc/arm-none-eabi/4.7.2/../../../../arm-none-eabi/lib/thumb2\libc.a(lib_a-memset.o)
                0x0800a164                memset
 .text          0x0800a230       0x64 c:/stm32/arm_eabi/bin/../lib/gcc/arm-none-eabi/4.7.2/../../../../arm-none-eabi/lib/thumb2\libc.a(lib_a-strncpy.o)
                0x0800a230                strncpy
 *(.init)
 *(.fini)
 *crtbegin.o(.ctors)
 *crtbegin?.o(.ctors)
 *(EXCLUDE_FILE(*crtend.o *crtend?.o) .ctors)
 *(SORT(.ctors.*))
 *(.ctors)
 *crtbegin.o(.dtors)
 *crtbegin?.o(.dtors)
 *(EXCLUDE_FILE(*crtend.o *crtend?.o) .dtors)
 *(SORT(.dtors.*))
 *(.dtors)
 *(.rodata*)
 .rodata        0x0800a294        0x8 ..\obj\protocol.o
 .rodata        0x0800a29c        0x8 ..\obj\buzzer.o
 .rodata        0x0800a2a4      0x200 ..\obj\mbcrc.o
 .rodata        0x0800a4a4        0x8 ..\obj\watchdog.o
 .rodata        0x0800a4ac       0x1c ..\obj\tasks.o
 .rodata        0x0800a4c8       0x98 ..\obj\usbd_desc.o
 .rodata        0x0800a560        0xc ..\obj\keyboard.o
 .rodata        0x0800a56c        0x4 ..\obj\adc.o
 .rodata        0x0800a570        0x8 ..\obj\portserial.o
 *(.eh_fram e*)

.glue_7         0x0800a578        0x0
 .glue_7        0x00000000        0x0 linker stubs

.glue_7t        0x0800a578        0x0
 .glue_7t       0x00000000        0x0 linker stubs

.vfp11_veneer   0x0800a578        0x0
 .vfp11_veneer  0x00000000        0x0 linker stubs

.v4_bx          0x0800a578        0x0
 .v4_bx         0x00000000        0x0 linker stubs

.iplt           0x0800a578        0x0
 .iplt          0x00000000        0x0 ..\obj\stm32f4xx_syscfg.o

.rel.dyn        0x0800a578        0x0
 .rel.iplt      0x00000000        0x0 ..\obj\stm32f4xx_syscfg.o

.ARM.extab
 *(.ARM.extab* .gnu.linkonce.armextab.*)
                0x0800a578                __exidx_start = .

.ARM.exidx
 *(.ARM.exidx* .gnu.linkonce.armexidx.*)
                0x0800a578                __exidx_end = .
                0x0800a578                __etext = .
                0x0800a578                _sidata = __etext

.data           0x20000000      0x1c0 load address 0x0800a578
                0x20000000                __data_start__ = .
                0x20000000                _sdata = __data_start__
 *(vtable)
 *(.data*)
 .data          0x20000000        0xc ..\obj\mbport.o
                0x20000000                usRegHoldingBuf
                0x20000004                REG_INPUT_START
                0x20000005                REG_HOLDING_START
                0x20000006                REG_INPUT_NREGS
                0x20000007                REG_HOLDING_NREGS
                0x20000008                usRegInputStart
                0x20000009                usRegHoldingStart
 .data          0x2000000c       0x84 ..\obj\mb.o
 .data          0x20000090       0x1c ..\obj\usbd_usr.o
                0x20000090                USR_cb
 .data          0x200000ac       0x30 ..\obj\usbd_core.o
                0x200000ac                USBD_DCD_INT_cb
                0x200000d8                USBD_DCD_INT_fops
 .data          0x200000dc        0x4 ..\obj\tasks.o
 .data          0x200000e0       0x40 ..\obj\usbd_desc.o
                0x200000e0                USR_desc
                0x200000fc                USBD_DeviceDesc
                0x20000110                USBD_DeviceQualifierDesc
                0x2000011c                USBD_LangIDDesc
 .data          0x20000120       0x14 ..\obj\usbd_cdc_vcp.o
                0x20000120                VCP_fops
 .data          0x20000134       0x14 ..\obj\system_stm32f4xx.o
                0x20000134                SystemCoreClock
                0x20000138                AHBPrescTable
 .data          0x20000148        0x4 ..\obj\port.o
 .data          0x2000014c       0x74 ..\obj\usbd_cdc_core.o
                0x2000014c                usbd_cdc_CfgDesc
                0x20000194                USBD_CDC_cb
                0x200001c0                . = ALIGN (0x4)
                0x200001c0                PROVIDE (__preinit_array_start, .)
 *(.preinit_array)
                0x200001c0                PROVIDE (__preinit_array_end, .)
                0x200001c0                . = ALIGN (0x4)
                0x200001c0                PROVIDE (__init_array_start, .)
 *(SORT(.init_array.*))
 *(.init_array)
                0x200001c0                PROVIDE (__init_array_end, .)
                0x200001c0                . = ALIGN (0x4)
                0x200001c0                PROVIDE (__fini_array_start, .)
 *(SORT(.fini_array.*))
 *(.fini_array)
                0x200001c0                PROVIDE (__fini_array_end, .)
 *(.jcr*)
                0x200001c0                . = ALIGN (0x4)
                0x200001c0                __data_end__ = .
                0x200001c0                _edata = __data_end__

.igot.plt       0x200001c0        0x0 load address 0x0800a738
 .igot.plt      0x00000000        0x0 ..\obj\stm32f4xx_syscfg.o

.bss            0x200001c0     0x3cd0 load address 0x0800a738
                0x200001c0                . = ALIGN (0x4)
                0x200001c0                __bss_start__ = .
                0x200001c0                _sbss = __bss_start__
 *(.bss*)
 .bss           0x200001c0      0x100 ..\obj\mbport.o
 .bss           0x200002c0       0x24 ..\obj\mb.o
 .bss           0x200002e4        0x2 ..\obj\portevent.o
 *fill*         0x200002e6        0x2 
 .bss           0x200002e8       0x24 ..\obj\mbfuncother.o
 .bss           0x2000030c      0x100 ..\obj\tasks.o
                0x2000030c                pxCurrentTCB
 .bss           0x2000040c        0x2 ..\obj\keyboard.o
 *fill*         0x2000040e        0x2 
 .bss           0x20000410        0xc ..\obj\mbrtu.o
 .bss           0x2000041c       0x10 ..\obj\usbd_req.o
                0x2000041c                USBD_ep_status
                0x20000420                USBD_default_cfg
                0x20000424                USBD_cfg_status
 .bss           0x2000042c        0x1 ..\obj\portserial.o
 *fill*         0x2000042d        0x3 
 .bss           0x20000430       0x20 ..\obj\usbd_cdc_core.o
                0x20000434                APP_Rx_ptr_in
                0x20000438                APP_Rx_ptr_out
                0x2000043c                APP_Rx_length
                0x20000440                USB_Tx_State
 .bss           0x20000450     0x2408 ..\obj\heap_1.o
 *(COMMON)
 COMMON         0x20002858       0x14 ..\obj\mb.o
                0x20002858                pxMBFrameCBTransmitterEmpty
                0x2000285c                pxMBPortCBTimerExpired
                0x20002860                pxMBFrameCBByteReceived
                0x20002864                pxMBFrameCBTransmitFSMCur
                0x20002868                pxMBFrameCBReceiveFSMCur
 COMMON         0x2000286c        0x6 ..\obj\buzzer.o
                0x2000286c                xBuzzer_Handle
                0x20002870                buzz
 *fill*         0x20002872        0x2 
 COMMON         0x20002874      0x5f0 ..\obj\main.o
                0x20002874                USB_OTG_dev
 COMMON         0x20002e64      0x4a0 ..\obj\level_gage_test.o
                0x20002e64                UKS_Drying_Task_Handle
                0x20002e68                uks_channels
 COMMON         0x20003304       0x50 ..\obj\watchdog.o
                0x20003304                task_watches
 COMMON         0x20003354       0x88 ..\obj\usbd_cdc_vcp.o
                0x20003354                APP_Tx_Buffer
                0x200033d4                APP_tx_ptr_tail
                0x200033d8                APP_tx_ptr_head
 COMMON         0x200033dc      0x100 ..\obj\mbrtu.o
                0x200033dc                ucRTUBuf
 COMMON         0x200034dc       0xf2 ..\obj\adc.o
                0x200034dc                xMeasure_LM35_Semaphore
                0x200034e0                adc_lm35_chnl
 *fill*         0x200035ce        0x2 
 COMMON         0x200035d0       0x32 ..\obj\usbd_req.o
                0x200035d0                USBD_StrDesc
 *fill*         0x20003602        0x2 
 COMMON         0x20003604      0x88c ..\obj\usbd_cdc_core.o
                0x20003604                usbd_cdc_OtherCfgDesc
                0x20003648                USB_Rx_Buffer
                0x20003688                CmdBuff
                0x20003690                APP_Rx_Buffer
                0x20003e90                . = ALIGN (0x4)
                0x20003e90                __bss_end__ = .
                0x20003e90                _ebss = __bss_end__

.heap           0x20003e90        0x0
                0x20003e90                __end__ = .
                0x20003e90                _end = __end__
                0x20003e90                end = __end__
 *(.heap*)
                0x20003e90                __HeapLimit = .

.co_stack       0x20003e90      0x800 load address 0x0800e408
                0x20003e90                . = ALIGN (0x8)
 *(.co_stack .co_stack.*)
 .co_stack      0x20003e90      0x800 ..\obj\startup_stm32f4xx.o
                0x20003e90                pulStack
                0x20020000                __StackTop = (ORIGIN (ram) + 0x20000)
                0x2001f800                __StackLimit = (__StackTop - SIZEOF (.co_stack))
                0x20020000                PROVIDE (__stack, __StackTop)
                0x00000001                ASSERT ((__StackLimit >= __HeapLimit), region ram  overflowed with stack)
LOAD ..\obj\stm32f4xx_syscfg.o
LOAD ..\obj\usb_core.o
LOAD ..\obj\mbport.o
LOAD ..\obj\mb.o
LOAD ..\obj\protocol.o
LOAD ..\obj\mbfuncdisc.o
LOAD ..\obj\usbd_usr.o
LOAD ..\obj\portevent.o
LOAD ..\obj\buzzer.o
LOAD ..\obj\mbfuncother.o
LOAD ..\obj\stm32f4xx_usart.o
LOAD ..\obj\stm32f4xx_pwr.o
LOAD ..\obj\rtc.o
LOAD ..\obj\mbutils.o
LOAD ..\obj\startup_stm32f4xx.o
LOAD ..\obj\backup_sram.o
LOAD ..\obj\stm32f4xx_iwdg.o
LOAD ..\obj\mbfuncholding.o
LOAD ..\obj\usbd_core.o
LOAD ..\obj\main.o
LOAD ..\obj\mbcrc.o
LOAD ..\obj\stm32f4xx_rcc.o
LOAD ..\obj\level_gage_test.o
LOAD ..\obj\timers.o
LOAD ..\obj\stm32f4xx_adc.o
LOAD ..\obj\mbfuncinput.o
LOAD ..\obj\watchdog.o
LOAD ..\obj\mbfuncdiag.o
LOAD ..\obj\tasks.o
LOAD ..\obj\usbd_desc.o
LOAD ..\obj\keyboard.o
LOAD ..\obj\stm32f4xx_gpio.o
LOAD ..\obj\porttimer.o
LOAD ..\obj\usbd_cdc_vcp.o
LOAD ..\obj\list.o
LOAD ..\obj\mbrtu.o
LOAD ..\obj\system_stm32f4xx.o
LOAD ..\obj\syscalls.o
LOAD ..\obj\adc.o
LOAD ..\obj\usb_bsp.o
LOAD ..\obj\usbd_req.o
LOAD ..\obj\queue.o
LOAD ..\obj\port.o
LOAD ..\obj\usb_dcd_int.o
LOAD ..\obj\portserial.o
LOAD ..\obj\usbd_cdc_core.o
LOAD ..\obj\croutine.o
LOAD ..\obj\stm32f4xx_spi.o
LOAD ..\obj\mbfunccoils.o
LOAD ..\obj\stm32f4xx_exti.o
LOAD ..\obj\misc.o
LOAD ..\obj\usb_dcd.o
LOAD ..\obj\heap_1.o
LOAD ..\obj\stm32f4xx_rtc.o
LOAD ..\obj\usbd_ioreq.o
LOAD ..\obj\mbascii.o
LOAD ..\obj\stm32f4xx_tim.o
LOAD ..\obj\power_detector.o
START GROUP
LOAD c:/stm32/arm_eabi/bin/../lib/gcc/arm-none-eabi/4.7.2/thumb2\libgcc.a
LOAD c:/stm32/arm_eabi/bin/../lib/gcc/arm-none-eabi/4.7.2/../../../../arm-none-eabi/lib/thumb2\libc.a
END GROUP
OUTPUT(stm32f2_level_gage_test.elf elf32-littlearm)

.debug_info     0x00000000    0x19fbf
 .debug_info    0x00000000     0x2819 ..\obj\usb_core.o
 .debug_info    0x00002819      0x750 ..\obj\mbport.o
 .debug_info    0x00002f69      0x607 ..\obj\mb.o
 .debug_info    0x00003570      0x211 ..\obj\protocol.o
 .debug_info    0x00003781      0x1e8 ..\obj\mbfuncdisc.o
 .debug_info    0x00003969      0x1c3 ..\obj\usbd_usr.o
 .debug_info    0x00003b2c      0x184 ..\obj\portevent.o
 .debug_info    0x00003cb0      0x464 ..\obj\buzzer.o
 .debug_info    0x00004114      0x257 ..\obj\mbfuncother.o
 .debug_info    0x0000436b      0x543 ..\obj\stm32f4xx_pwr.o
 .debug_info    0x000048ae      0x2c2 ..\obj\mbutils.o
 .debug_info    0x00004b70      0x103 ..\obj\startup_stm32f4xx.o
 .debug_info    0x00004c73      0x39f ..\obj\backup_sram.o
 .debug_info    0x00005012      0x20a ..\obj\stm32f4xx_iwdg.o
 .debug_info    0x0000521c      0x380 ..\obj\mbfuncholding.o
 .debug_info    0x0000559c      0xff1 ..\obj\usbd_core.o
 .debug_info    0x0000658d      0xce7 ..\obj\main.o
 .debug_info    0x00007274      0x160 ..\obj\mbcrc.o
 .debug_info    0x000073d4      0xd49 ..\obj\stm32f4xx_rcc.o
 .debug_info    0x0000811d      0x8b5 ..\obj\level_gage_test.o
 .debug_info    0x000089d2      0xd14 ..\obj\stm32f4xx_adc.o
 .debug_info    0x000096e6      0x1da ..\obj\mbfuncinput.o
 .debug_info    0x000098c0      0x187 ..\obj\watchdog.o
 .debug_info    0x00009a47      0xd90 ..\obj\tasks.o
 .debug_info    0x0000a7d7      0x380 ..\obj\usbd_desc.o
 .debug_info    0x0000ab57      0x69c ..\obj\keyboard.o
 .debug_info    0x0000b1f3      0x640 ..\obj\stm32f4xx_gpio.o
 .debug_info    0x0000b833      0x6cb ..\obj\porttimer.o
 .debug_info    0x0000befe      0x364 ..\obj\usbd_cdc_vcp.o
 .debug_info    0x0000c262      0x2b2 ..\obj\list.o
 .debug_info    0x0000c514      0xf87 ..\obj\mbrtu.o
 .debug_info    0x0000d49b      0x5f5 ..\obj\system_stm32f4xx.o
 .debug_info    0x0000da90      0x922 ..\obj\adc.o
 .debug_info    0x0000e3b2     0x112e ..\obj\usb_bsp.o
 .debug_info    0x0000f4e0     0x10fb ..\obj\usbd_req.o
 .debug_info    0x000105db      0x7d9 ..\obj\queue.o
 .debug_info    0x00010db4      0x1e9 ..\obj\port.o
 .debug_info    0x00010f9d     0x2020 ..\obj\usb_dcd_int.o
 .debug_info    0x00012fbd      0xd94 ..\obj\portserial.o
 .debug_info    0x00013d51     0x108a ..\obj\usbd_cdc_core.o
 .debug_info    0x00014ddb      0x30f ..\obj\mbfunccoils.o
 .debug_info    0x000150ea      0x373 ..\obj\stm32f4xx_exti.o
 .debug_info    0x0001545d      0x592 ..\obj\misc.o
 .debug_info    0x000159ef     0x118a ..\obj\usb_dcd.o
 .debug_info    0x00016b79      0x191 ..\obj\heap_1.o
 .debug_info    0x00016d0a      0xde4 ..\obj\usbd_ioreq.o
 .debug_info    0x00017aee     0x1e7d ..\obj\stm32f4xx_tim.o
 .debug_info    0x0001996b      0x654 ..\obj\power_detector.o

.debug_abbrev   0x00000000     0x430b
 .debug_abbrev  0x00000000      0x2bc ..\obj\usb_core.o
 .debug_abbrev  0x000002bc      0x1a7 ..\obj\mbport.o
 .debug_abbrev  0x00000463      0x159 ..\obj\mb.o
 .debug_abbrev  0x000005bc      0x106 ..\obj\protocol.o
 .debug_abbrev  0x000006c2       0xa8 ..\obj\mbfuncdisc.o
 .debug_abbrev  0x0000076a       0xdf ..\obj\usbd_usr.o
 .debug_abbrev  0x00000849       0xc2 ..\obj\portevent.o
 .debug_abbrev  0x0000090b      0x14d ..\obj\buzzer.o
 .debug_abbrev  0x00000a58       0xc1 ..\obj\mbfuncother.o
 .debug_abbrev  0x00000b19      0x181 ..\obj\stm32f4xx_pwr.o
 .debug_abbrev  0x00000c9a       0xd8 ..\obj\mbutils.o
 .debug_abbrev  0x00000d72       0xb2 ..\obj\startup_stm32f4xx.o
 .debug_abbrev  0x00000e24      0x13a ..\obj\backup_sram.o
 .debug_abbrev  0x00000f5e      0x103 ..\obj\stm32f4xx_iwdg.o
 .debug_abbrev  0x00001061       0xa8 ..\obj\mbfuncholding.o
 .debug_abbrev  0x00001109      0x1f2 ..\obj\usbd_core.o
 .debug_abbrev  0x000012fb      0x1dd ..\obj\main.o
 .debug_abbrev  0x000014d8       0xab ..\obj\mbcrc.o
 .debug_abbrev  0x00001583      0x1e5 ..\obj\stm32f4xx_rcc.o
 .debug_abbrev  0x00001768      0x1dc ..\obj\level_gage_test.o
 .debug_abbrev  0x00001944      0x198 ..\obj\stm32f4xx_adc.o
 .debug_abbrev  0x00001adc       0xa8 ..\obj\mbfuncinput.o
 .debug_abbrev  0x00001b84      0x115 ..\obj\watchdog.o
 .debug_abbrev  0x00001c99      0x1e2 ..\obj\tasks.o
 .debug_abbrev  0x00001e7b      0x12e ..\obj\usbd_desc.o
 .debug_abbrev  0x00001fa9      0x184 ..\obj\keyboard.o
 .debug_abbrev  0x0000212d      0x1a5 ..\obj\stm32f4xx_gpio.o
 .debug_abbrev  0x000022d2      0x13d ..\obj\porttimer.o
 .debug_abbrev  0x0000240f      0x14c ..\obj\usbd_cdc_vcp.o
 .debug_abbrev  0x0000255b       0xbc ..\obj\list.o
 .debug_abbrev  0x00002617      0x1b4 ..\obj\mbrtu.o
 .debug_abbrev  0x000027cb      0x138 ..\obj\system_stm32f4xx.o
 .debug_abbrev  0x00002903      0x1c9 ..\obj\adc.o
 .debug_abbrev  0x00002acc      0x1fe ..\obj\usb_bsp.o
 .debug_abbrev  0x00002cca      0x268 ..\obj\usbd_req.o
 .debug_abbrev  0x00002f32      0x134 ..\obj\queue.o
 .debug_abbrev  0x00003066      0x132 ..\obj\port.o
 .debug_abbrev  0x00003198      0x230 ..\obj\usb_dcd_int.o
 .debug_abbrev  0x000033c8      0x1ea ..\obj\portserial.o
 .debug_abbrev  0x000035b2      0x204 ..\obj\usbd_cdc_core.o
 .debug_abbrev  0x000037b6       0xba ..\obj\mbfunccoils.o
 .debug_abbrev  0x00003870      0x1a7 ..\obj\stm32f4xx_exti.o
 .debug_abbrev  0x00003a17      0x129 ..\obj\misc.o
 .debug_abbrev  0x00003b40      0x22e ..\obj\usb_dcd.o
 .debug_abbrev  0x00003d6e      0x122 ..\obj\heap_1.o
 .debug_abbrev  0x00003e90      0x184 ..\obj\usbd_ioreq.o
 .debug_abbrev  0x00004014      0x189 ..\obj\stm32f4xx_tim.o
 .debug_abbrev  0x0000419d      0x16e ..\obj\power_detector.o

.debug_loc      0x00000000     0x6af7
 .debug_loc     0x00000000      0x7e0 ..\obj\usb_core.o
 .debug_loc     0x000007e0      0x13a ..\obj\mbport.o
 .debug_loc     0x0000091a      0x150 ..\obj\mb.o
 .debug_loc     0x00000a6a       0x70 ..\obj\protocol.o
 .debug_loc     0x00000ada       0x38 ..\obj\mbfuncdisc.o
 .debug_loc     0x00000b12       0xe8 ..\obj\usbd_usr.o
 .debug_loc     0x00000bfa       0x9c ..\obj\portevent.o
 .debug_loc     0x00000c96       0xa8 ..\obj\buzzer.o
 .debug_loc     0x00000d3e       0x70 ..\obj\mbfuncother.o
 .debug_loc     0x00000dae      0x288 ..\obj\stm32f4xx_pwr.o
 .debug_loc     0x00001036       0xa8 ..\obj\mbutils.o
 .debug_loc     0x000010de       0x64 ..\obj\startup_stm32f4xx.o
 .debug_loc     0x00001142       0x64 ..\obj\backup_sram.o
 .debug_loc     0x000011a6      0x138 ..\obj\stm32f4xx_iwdg.o
 .debug_loc     0x000012de       0xe0 ..\obj\mbfuncholding.o
 .debug_loc     0x000013be      0x2d8 ..\obj\usbd_core.o
 .debug_loc     0x00001696      0x10c ..\obj\main.o
 .debug_loc     0x000017a2       0x38 ..\obj\mbcrc.o
 .debug_loc     0x000017da      0x97c ..\obj\stm32f4xx_rcc.o
 .debug_loc     0x00002156      0x188 ..\obj\level_gage_test.o
 .debug_loc     0x000022de      0x838 ..\obj\stm32f4xx_adc.o
 .debug_loc     0x00002b16       0x38 ..\obj\mbfuncinput.o
 .debug_loc     0x00002b4e       0x70 ..\obj\watchdog.o
 .debug_loc     0x00002bbe      0x708 ..\obj\tasks.o
 .debug_loc     0x000032c6      0x188 ..\obj\usbd_desc.o
 .debug_loc     0x0000344e       0x70 ..\obj\keyboard.o
 .debug_loc     0x000034be      0x310 ..\obj\stm32f4xx_gpio.o
 .debug_loc     0x000037ce       0xbc ..\obj\porttimer.o
 .debug_loc     0x0000388a      0x138 ..\obj\usbd_cdc_vcp.o
 .debug_loc     0x000039c2      0x118 ..\obj\list.o
 .debug_loc     0x00003ada      0x1a8 ..\obj\mbrtu.o
 .debug_loc     0x00003c82       0x9c ..\obj\system_stm32f4xx.o
 .debug_loc     0x00003d1e       0xa9 ..\obj\adc.o
 .debug_loc     0x00003dc7      0x138 ..\obj\usb_bsp.o
 .debug_loc     0x00003eff      0x310 ..\obj\usbd_req.o
 .debug_loc     0x0000420f      0x3b8 ..\obj\queue.o
 .debug_loc     0x000045c7      0x178 ..\obj\port.o
 .debug_loc     0x0000473f      0x2d8 ..\obj\usb_dcd_int.o
 .debug_loc     0x00004a17      0x170 ..\obj\portserial.o
 .debug_loc     0x00004b87      0x224 ..\obj\usbd_cdc_core.o
 .debug_loc     0x00004dab       0xa8 ..\obj\mbfunccoils.o
 .debug_loc     0x00004e53      0x1b4 ..\obj\stm32f4xx_exti.o
 .debug_loc     0x00005007      0x118 ..\obj\misc.o
 .debug_loc     0x0000511f      0x2d8 ..\obj\usb_dcd.o
 .debug_loc     0x000053f7       0xc8 ..\obj\heap_1.o
 .debug_loc     0x000054bf      0x188 ..\obj\usbd_ioreq.o
 .debug_loc     0x00005647     0x1420 ..\obj\stm32f4xx_tim.o
 .debug_loc     0x00006a67       0x90 ..\obj\power_detector.o

.debug_aranges  0x00000000     0x1430
 .debug_aranges
                0x00000000      0x138 ..\obj\usb_core.o
 .debug_aranges
                0x00000138       0x48 ..\obj\mbport.o
 .debug_aranges
                0x00000180       0x48 ..\obj\mb.o
 .debug_aranges
                0x000001c8       0x28 ..\obj\protocol.o
 .debug_aranges
                0x000001f0       0x20 ..\obj\mbfuncdisc.o
 .debug_aranges
                0x00000210       0x40 ..\obj\usbd_usr.o
 .debug_aranges
                0x00000250       0x30 ..\obj\portevent.o
 .debug_aranges
                0x00000280       0x30 ..\obj\buzzer.o
 .debug_aranges
                0x000002b0       0x28 ..\obj\mbfuncother.o
 .debug_aranges
                0x000002d8       0x78 ..\obj\stm32f4xx_pwr.o
 .debug_aranges
                0x00000350       0x30 ..\obj\mbutils.o
 .debug_aranges
                0x00000380       0x28 ..\obj\startup_stm32f4xx.o
 .debug_aranges
                0x000003a8       0x28 ..\obj\backup_sram.o
 .debug_aranges
                0x000003d0       0x48 ..\obj\stm32f4xx_iwdg.o
 .debug_aranges
                0x00000418       0x38 ..\obj\mbfuncholding.o
 .debug_aranges
                0x00000450       0x80 ..\obj\usbd_core.o
 .debug_aranges
                0x000004d0       0x40 ..\obj\main.o
 .debug_aranges
                0x00000510       0x20 ..\obj\mbcrc.o
 .debug_aranges
                0x00000530      0x178 ..\obj\stm32f4xx_rcc.o
 .debug_aranges
                0x000006a8       0x50 ..\obj\level_gage_test.o
 .debug_aranges
                0x000006f8      0x148 ..\obj\stm32f4xx_adc.o
 .debug_aranges
                0x00000840       0x20 ..\obj\mbfuncinput.o
 .debug_aranges
                0x00000860       0x28 ..\obj\watchdog.o
 .debug_aranges
                0x00000888      0x120 ..\obj\tasks.o
 .debug_aranges
                0x000009a8       0x50 ..\obj\usbd_desc.o
 .debug_aranges
                0x000009f8       0x28 ..\obj\keyboard.o
 .debug_aranges
                0x00000a20       0x88 ..\obj\stm32f4xx_gpio.o
 .debug_aranges
                0x00000aa8       0x38 ..\obj\porttimer.o
 .debug_aranges
                0x00000ae0       0x48 ..\obj\usbd_cdc_vcp.o
 .debug_aranges
                0x00000b28       0x40 ..\obj\list.o
 .debug_aranges
                0x00000b68       0x58 ..\obj\mbrtu.o
 .debug_aranges
                0x00000bc0       0x30 ..\obj\system_stm32f4xx.o
 .debug_aranges
                0x00000bf0       0x30 ..\obj\adc.o
 .debug_aranges
                0x00000c20       0x48 ..\obj\usb_bsp.o
 .debug_aranges
                0x00000c68       0x88 ..\obj\usbd_req.o
 .debug_aranges
                0x00000cf0       0xa0 ..\obj\queue.o
 .debug_aranges
                0x00000d90       0x70 ..\obj\port.o
 .debug_aranges
                0x00000e00       0x80 ..\obj\usb_dcd_int.o
 .debug_aranges
                0x00000e80       0x50 ..\obj\portserial.o
 .debug_aranges
                0x00000ed0       0x68 ..\obj\usbd_cdc_core.o
 .debug_aranges
                0x00000f38       0x30 ..\obj\mbfunccoils.o
 .debug_aranges
                0x00000f68       0x58 ..\obj\stm32f4xx_exti.o
 .debug_aranges
                0x00000fc0       0x40 ..\obj\misc.o
 .debug_aranges
                0x00001000       0x80 ..\obj\usb_dcd.o
 .debug_aranges
                0x00001080       0x38 ..\obj\heap_1.o
 .debug_aranges
                0x000010b8       0x50 ..\obj\usbd_ioreq.o
 .debug_aranges
                0x00001108      0x2f8 ..\obj\stm32f4xx_tim.o
 .debug_aranges
                0x00001400       0x30 ..\obj\power_detector.o

.debug_ranges   0x00000000     0x1130
 .debug_ranges  0x00000000      0x128 ..\obj\usb_core.o
 .debug_ranges  0x00000128       0x38 ..\obj\mbport.o
 .debug_ranges  0x00000160       0x38 ..\obj\mb.o
 .debug_ranges  0x00000198       0x18 ..\obj\protocol.o
 .debug_ranges  0x000001b0       0x10 ..\obj\mbfuncdisc.o
 .debug_ranges  0x000001c0       0x30 ..\obj\usbd_usr.o
 .debug_ranges  0x000001f0       0x20 ..\obj\portevent.o
 .debug_ranges  0x00000210       0x20 ..\obj\buzzer.o
 .debug_ranges  0x00000230       0x18 ..\obj\mbfuncother.o
 .debug_ranges  0x00000248       0x68 ..\obj\stm32f4xx_pwr.o
 .debug_ranges  0x000002b0       0x20 ..\obj\mbutils.o
 .debug_ranges  0x000002d0       0x18 ..\obj\startup_stm32f4xx.o
 .debug_ranges  0x000002e8       0x18 ..\obj\backup_sram.o
 .debug_ranges  0x00000300       0x38 ..\obj\stm32f4xx_iwdg.o
 .debug_ranges  0x00000338       0x28 ..\obj\mbfuncholding.o
 .debug_ranges  0x00000360       0x70 ..\obj\usbd_core.o
 .debug_ranges  0x000003d0       0x30 ..\obj\main.o
 .debug_ranges  0x00000400       0x10 ..\obj\mbcrc.o
 .debug_ranges  0x00000410      0x168 ..\obj\stm32f4xx_rcc.o
 .debug_ranges  0x00000578       0x40 ..\obj\level_gage_test.o
 .debug_ranges  0x000005b8      0x138 ..\obj\stm32f4xx_adc.o
 .debug_ranges  0x000006f0       0x10 ..\obj\mbfuncinput.o
 .debug_ranges  0x00000700       0x18 ..\obj\watchdog.o
 .debug_ranges  0x00000718      0x110 ..\obj\tasks.o
 .debug_ranges  0x00000828       0x40 ..\obj\usbd_desc.o
 .debug_ranges  0x00000868       0x18 ..\obj\keyboard.o
 .debug_ranges  0x00000880       0x78 ..\obj\stm32f4xx_gpio.o
 .debug_ranges  0x000008f8       0x28 ..\obj\porttimer.o
 .debug_ranges  0x00000920       0x38 ..\obj\usbd_cdc_vcp.o
 .debug_ranges  0x00000958       0x30 ..\obj\list.o
 .debug_ranges  0x00000988       0x48 ..\obj\mbrtu.o
 .debug_ranges  0x000009d0       0x20 ..\obj\system_stm32f4xx.o
 .debug_ranges  0x000009f0       0x20 ..\obj\adc.o
 .debug_ranges  0x00000a10       0x38 ..\obj\usb_bsp.o
 .debug_ranges  0x00000a48       0x78 ..\obj\usbd_req.o
 .debug_ranges  0x00000ac0       0x90 ..\obj\queue.o
 .debug_ranges  0x00000b50       0x60 ..\obj\port.o
 .debug_ranges  0x00000bb0       0x70 ..\obj\usb_dcd_int.o
 .debug_ranges  0x00000c20       0x40 ..\obj\portserial.o
 .debug_ranges  0x00000c60       0x58 ..\obj\usbd_cdc_core.o
 .debug_ranges  0x00000cb8       0x20 ..\obj\mbfunccoils.o
 .debug_ranges  0x00000cd8       0x48 ..\obj\stm32f4xx_exti.o
 .debug_ranges  0x00000d20       0x30 ..\obj\misc.o
 .debug_ranges  0x00000d50       0x70 ..\obj\usb_dcd.o
 .debug_ranges  0x00000dc0       0x28 ..\obj\heap_1.o
 .debug_ranges  0x00000de8       0x40 ..\obj\usbd_ioreq.o
 .debug_ranges  0x00000e28      0x2e8 ..\obj\stm32f4xx_tim.o
 .debug_ranges  0x00001110       0x20 ..\obj\power_detector.o

.debug_line     0x00000000     0x8d01
 .debug_line    0x00000000      0x681 ..\obj\usb_core.o
 .debug_line    0x00000681      0x3df ..\obj\mbport.o
 .debug_line    0x00000a60      0x2f6 ..\obj\mb.o
 .debug_line    0x00000d56      0x261 ..\obj\protocol.o
 .debug_line    0x00000fb7      0x20c ..\obj\mbfuncdisc.o
 .debug_line    0x000011c3      0x180 ..\obj\usbd_usr.o
 .debug_line    0x00001343      0x1bc ..\obj\portevent.o
 .debug_line    0x000014ff      0x2bb ..\obj\buzzer.o
 .debug_line    0x000017ba      0x262 ..\obj\mbfuncother.o
 .debug_line    0x00001a1c      0x294 ..\obj\stm32f4xx_pwr.o
 .debug_line    0x00001cb0      0x26c ..\obj\mbutils.o
 .debug_line    0x00001f1c       0xb2 ..\obj\startup_stm32f4xx.o
 .debug_line    0x00001fce      0x1c1 ..\obj\backup_sram.o
 .debug_line    0x0000218f      0x1ee ..\obj\stm32f4xx_iwdg.o
 .debug_line    0x0000237d      0x29a ..\obj\mbfuncholding.o
 .debug_line    0x00002617      0x2d4 ..\obj\usbd_core.o
 .debug_line    0x000028eb      0x2c4 ..\obj\main.o
 .debug_line    0x00002baf      0x18a ..\obj\mbcrc.o
 .debug_line    0x00002d39      0x587 ..\obj\stm32f4xx_rcc.o
 .debug_line    0x000032c0      0x473 ..\obj\level_gage_test.o
 .debug_line    0x00003733      0x544 ..\obj\stm32f4xx_adc.o
 .debug_line    0x00003c77      0x202 ..\obj\mbfuncinput.o
 .debug_line    0x00003e79      0x18b ..\obj\watchdog.o
 .debug_line    0x00004004      0x79b ..\obj\tasks.o
 .debug_line    0x0000479f      0x1c6 ..\obj\usbd_desc.o
 .debug_line    0x00004965      0x275 ..\obj\keyboard.o
 .debug_line    0x00004bda      0x32f ..\obj\stm32f4xx_gpio.o
 .debug_line    0x00004f09      0x2b2 ..\obj\porttimer.o
 .debug_line    0x000051bb      0x1dc ..\obj\usbd_cdc_vcp.o
 .debug_line    0x00005397      0x1ca ..\obj\list.o
 .debug_line    0x00005561      0x30e ..\obj\mbrtu.o
 .debug_line    0x0000586f      0x1b5 ..\obj\system_stm32f4xx.o
 .debug_line    0x00005a24      0x3a0 ..\obj\adc.o
 .debug_line    0x00005dc4      0x285 ..\obj\usb_bsp.o
 .debug_line    0x00006049      0x393 ..\obj\usbd_req.o
 .debug_line    0x000063dc      0x50f ..\obj\queue.o
 .debug_line    0x000068eb      0x1d5 ..\obj\port.o
 .debug_line    0x00006ac0      0x37f ..\obj\usb_dcd_int.o
 .debug_line    0x00006e3f      0x265 ..\obj\portserial.o
 .debug_line    0x000070a4      0x26b ..\obj\usbd_cdc_core.o
 .debug_line    0x0000730f      0x272 ..\obj\mbfunccoils.o
 .debug_line    0x00007581      0x295 ..\obj\stm32f4xx_exti.o
 .debug_line    0x00007816      0x235 ..\obj\misc.o
 .debug_line    0x00007a4b      0x2f2 ..\obj\usb_dcd.o
 .debug_line    0x00007d3d      0x12d ..\obj\heap_1.o
 .debug_line    0x00007e6a      0x1dc ..\obj\usbd_ioreq.o
 .debug_line    0x00008046      0xa69 ..\obj\stm32f4xx_tim.o
 .debug_line    0x00008aaf      0x252 ..\obj\power_detector.o

.debug_str      0x00000000     0x7301
 .debug_str     0x00000000     0x12cc ..\obj\usb_core.o
                               0x15fd (size before relaxing)
 .debug_str     0x000012cc      0x435 ..\obj\mbport.o
                                0x536 (size before relaxing)
 .debug_str     0x00001701      0x3fa ..\obj\mb.o
                                0x574 (size before relaxing)
 .debug_str     0x00001afb      0x149 ..\obj\protocol.o
                                0x296 (size before relaxing)
 .debug_str     0x00001c44       0xbb ..\obj\mbfuncdisc.o
                                0x2dc (size before relaxing)
 .debug_str     0x00001cff       0xbf ..\obj\usbd_usr.o
                                0x201 (size before relaxing)
 .debug_str     0x00001dbe       0xad ..\obj\portevent.o
                                0x1b5 (size before relaxing)
 .debug_str     0x00001e6b      0x304 ..\obj\buzzer.o
                                0x4b1 (size before relaxing)
 .debug_str     0x0000216f       0xd0 ..\obj\mbfuncother.o
                                0x30d (size before relaxing)
 .debug_str     0x0000223f      0x220 ..\obj\stm32f4xx_pwr.o
                                0x308 (size before relaxing)
 .debug_str     0x0000245f       0xf1 ..\obj\mbutils.o
                                0x319 (size before relaxing)
 .debug_str     0x00002550       0xc1 ..\obj\startup_stm32f4xx.o
                                 0xe8 (size before relaxing)
 .debug_str     0x00002611       0xa8 ..\obj\backup_sram.o
                                0x3c3 (size before relaxing)
 .debug_str     0x000026b9       0xf9 ..\obj\stm32f4xx_iwdg.o
                                0x1e3 (size before relaxing)
 .debug_str     0x000027b2      0x14d ..\obj\mbfuncholding.o
                                0x3ba (size before relaxing)
 .debug_str     0x000028ff      0x199 ..\obj\usbd_core.o
                                0xa42 (size before relaxing)
 .debug_str     0x00002a98       0xfe ..\obj\main.o
                                0x976 (size before relaxing)
 .debug_str     0x00002b96       0x6f ..\obj\mbcrc.o
                                0x157 (size before relaxing)
 .debug_str     0x00002c05      0x67c ..\obj\stm32f4xx_rcc.o
                                0x7c7 (size before relaxing)
 .debug_str     0x00003281      0x326 ..\obj\level_gage_test.o
                                0x7f8 (size before relaxing)
 .debug_str     0x000035a7      0x64b ..\obj\stm32f4xx_adc.o
                                0x77b (size before relaxing)
 .debug_str     0x00003bf2       0x71 ..\obj\mbfuncinput.o
                                0x2d0 (size before relaxing)
 .debug_str     0x00003c63       0x78 ..\obj\watchdog.o
                                0x18f (size before relaxing)
 .debug_str     0x00003cdb      0x775 ..\obj\tasks.o
                                0x8e3 (size before relaxing)
 .debug_str     0x00004450      0x164 ..\obj\usbd_desc.o
                                0x304 (size before relaxing)
 .debug_str     0x000045b4       0x96 ..\obj\keyboard.o
                                0x75b (size before relaxing)
 .debug_str     0x0000464a      0x19d ..\obj\stm32f4xx_gpio.o
                                0x41a (size before relaxing)
 .debug_str     0x000047e7      0x768 ..\obj\porttimer.o
                                0x8c2 (size before relaxing)
 .debug_str     0x00004f4f      0x13f ..\obj\usbd_cdc_vcp.o
                                0x22b (size before relaxing)
 .debug_str     0x0000508e       0xe9 ..\obj\list.o
                                0x225 (size before relaxing)
 .debug_str     0x00005177      0x1d2 ..\obj\mbrtu.o
                                0xb2c (size before relaxing)
 .debug_str     0x00005349       0xb9 ..\obj\system_stm32f4xx.o
                                0x321 (size before relaxing)
 .debug_str     0x00005402       0xb8 ..\obj\adc.o
                                0x83e (size before relaxing)
 .debug_str     0x000054ba       0xd6 ..\obj\usb_bsp.o
                               0x1049 (size before relaxing)
 .debug_str     0x00005590      0x17f ..\obj\usbd_req.o
                                0xa6d (size before relaxing)
 .debug_str     0x0000570f      0x30e ..\obj\queue.o
                                0x4d3 (size before relaxing)
 .debug_str     0x00005a1d      0x162 ..\obj\port.o
                                0x1f1 (size before relaxing)
 .debug_str     0x00005b7f      0x295 ..\obj\usb_dcd_int.o
                               0x11fb (size before relaxing)
 .debug_str     0x00005e14      0x107 ..\obj\portserial.o
                                0x9d5 (size before relaxing)
 .debug_str     0x00005f1b      0x1b5 ..\obj\usbd_cdc_core.o
                                0xabd (size before relaxing)
 .debug_str     0x000060d0       0xce ..\obj\mbfunccoils.o
                                0x344 (size before relaxing)
 .debug_str     0x0000619e      0x1de ..\obj\stm32f4xx_exti.o
                                0x2e5 (size before relaxing)
 .debug_str     0x0000637c      0x16b ..\obj\misc.o
                                0x350 (size before relaxing)
 .debug_str     0x000064e7      0x11b ..\obj\usb_dcd.o
                                0xa9d (size before relaxing)
 .debug_str     0x00006602       0xf4 ..\obj\heap_1.o
                                0x1b6 (size before relaxing)
 .debug_str     0x000066f6       0xd5 ..\obj\usbd_ioreq.o
                                0x92c (size before relaxing)
 .debug_str     0x000067cb      0xa97 ..\obj\stm32f4xx_tim.o
                                0xd47 (size before relaxing)
 .debug_str     0x00007262       0x9f ..\obj\power_detector.o
                                0x83d (size before relaxing)

.comment        0x00000000       0x30
 .comment       0x00000000       0x30 ..\obj\usb_core.o
                                 0x31 (size before relaxing)
 .comment       0x00000000       0x31 ..\obj\mbport.o
 .comment       0x00000000       0x31 ..\obj\mb.o
 .comment       0x00000000       0x31 ..\obj\protocol.o
 .comment       0x00000000       0x31 ..\obj\mbfuncdisc.o
 .comment       0x00000000       0x31 ..\obj\usbd_usr.o
 .comment       0x00000000       0x31 ..\obj\portevent.o
 .comment       0x00000000       0x31 ..\obj\buzzer.o
 .comment       0x00000000       0x31 ..\obj\mbfuncother.o
 .comment       0x00000000       0x31 ..\obj\stm32f4xx_pwr.o
 .comment       0x00000000       0x31 ..\obj\mbutils.o
 .comment       0x00000000       0x31 ..\obj\startup_stm32f4xx.o
 .comment       0x00000000       0x31 ..\obj\backup_sram.o
 .comment       0x00000000       0x31 ..\obj\stm32f4xx_iwdg.o
 .comment       0x00000000       0x31 ..\obj\mbfuncholding.o
 .comment       0x00000000       0x31 ..\obj\usbd_core.o
 .comment       0x00000000       0x31 ..\obj\main.o
 .comment       0x00000000       0x31 ..\obj\mbcrc.o
 .comment       0x00000000       0x31 ..\obj\stm32f4xx_rcc.o
 .comment       0x00000000       0x31 ..\obj\level_gage_test.o
 .comment       0x00000000       0x31 ..\obj\stm32f4xx_adc.o
 .comment       0x00000000       0x31 ..\obj\mbfuncinput.o
 .comment       0x00000000       0x31 ..\obj\watchdog.o
 .comment       0x00000000       0x31 ..\obj\tasks.o
 .comment       0x00000000       0x31 ..\obj\usbd_desc.o
 .comment       0x00000000       0x31 ..\obj\keyboard.o
 .comment       0x00000000       0x31 ..\obj\stm32f4xx_gpio.o
 .comment       0x00000000       0x31 ..\obj\porttimer.o
 .comment       0x00000000       0x31 ..\obj\usbd_cdc_vcp.o
 .comment       0x00000000       0x31 ..\obj\list.o
 .comment       0x00000000       0x31 ..\obj\mbrtu.o
 .comment       0x00000000       0x31 ..\obj\system_stm32f4xx.o
 .comment       0x00000000       0x31 ..\obj\adc.o
 .comment       0x00000000       0x31 ..\obj\usb_bsp.o
 .comment       0x00000000       0x31 ..\obj\usbd_req.o
 .comment       0x00000000       0x31 ..\obj\queue.o
 .comment       0x00000000       0x31 ..\obj\port.o
 .comment       0x00000000       0x31 ..\obj\usb_dcd_int.o
 .comment       0x00000000       0x31 ..\obj\portserial.o
 .comment       0x00000000       0x31 ..\obj\usbd_cdc_core.o
 .comment       0x00000000       0x31 ..\obj\mbfunccoils.o
 .comment       0x00000000       0x31 ..\obj\stm32f4xx_exti.o
 .comment       0x00000000       0x31 ..\obj\misc.o
 .comment       0x00000000       0x31 ..\obj\usb_dcd.o
 .comment       0x00000000       0x31 ..\obj\heap_1.o
 .comment       0x00000000       0x31 ..\obj\usbd_ioreq.o
 .comment       0x00000000       0x31 ..\obj\stm32f4xx_tim.o
 .comment       0x00000000       0x31 ..\obj\power_detector.o

.ARM.attributes
                0x00000000       0x33
 .ARM.attributes
                0x00000000       0x33 ..\obj\usb_core.o
 .ARM.attributes
                0x00000033       0x33 ..\obj\mbport.o
 .ARM.attributes
                0x00000066       0x33 ..\obj\mb.o
 .ARM.attributes
                0x00000099       0x33 ..\obj\protocol.o
 .ARM.attributes
                0x000000cc       0x33 ..\obj\mbfuncdisc.o
 .ARM.attributes
                0x000000ff       0x33 ..\obj\usbd_usr.o
 .ARM.attributes
                0x00000132       0x33 ..\obj\portevent.o
 .ARM.attributes
                0x00000165       0x33 ..\obj\buzzer.o
 .ARM.attributes
                0x00000198       0x33 ..\obj\mbfuncother.o
 .ARM.attributes
                0x000001cb       0x33 ..\obj\stm32f4xx_pwr.o
 .ARM.attributes
                0x000001fe       0x33 ..\obj\mbutils.o
 .ARM.attributes
                0x00000231       0x33 ..\obj\startup_stm32f4xx.o
 .ARM.attributes
                0x00000264       0x33 ..\obj\backup_sram.o
 .ARM.attributes
                0x00000297       0x33 ..\obj\stm32f4xx_iwdg.o
 .ARM.attributes
                0x000002ca       0x33 ..\obj\mbfuncholding.o
 .ARM.attributes
                0x000002fd       0x33 ..\obj\usbd_core.o
 .ARM.attributes
                0x00000330       0x33 ..\obj\main.o
 .ARM.attributes
                0x00000363       0x33 ..\obj\mbcrc.o
 .ARM.attributes
                0x00000396       0x33 ..\obj\stm32f4xx_rcc.o
 .ARM.attributes
                0x000003c9       0x33 ..\obj\level_gage_test.o
 .ARM.attributes
                0x000003fc       0x33 ..\obj\stm32f4xx_adc.o
 .ARM.attributes
                0x0000042f       0x33 ..\obj\mbfuncinput.o
 .ARM.attributes
                0x00000462       0x33 ..\obj\watchdog.o
 .ARM.attributes
                0x00000495       0x33 ..\obj\tasks.o
 .ARM.attributes
                0x000004c8       0x33 ..\obj\usbd_desc.o
 .ARM.attributes
                0x000004fb       0x33 ..\obj\keyboard.o
 .ARM.attributes
                0x0000052e       0x33 ..\obj\stm32f4xx_gpio.o
 .ARM.attributes
                0x00000561       0x33 ..\obj\porttimer.o
 .ARM.attributes
                0x00000594       0x33 ..\obj\usbd_cdc_vcp.o
 .ARM.attributes
                0x000005c7       0x33 ..\obj\list.o
 .ARM.attributes
                0x000005fa       0x33 ..\obj\mbrtu.o
 .ARM.attributes
                0x0000062d       0x33 ..\obj\system_stm32f4xx.o
 .ARM.attributes
                0x00000660       0x33 ..\obj\adc.o
 .ARM.attributes
                0x00000693       0x33 ..\obj\usb_bsp.o
 .ARM.attributes
                0x000006c6       0x33 ..\obj\usbd_req.o
 .ARM.attributes
                0x000006f9       0x33 ..\obj\queue.o
 .ARM.attributes
                0x0000072c       0x33 ..\obj\port.o
 .ARM.attributes
                0x0000075f       0x33 ..\obj\usb_dcd_int.o
 .ARM.attributes
                0x00000792       0x33 ..\obj\portserial.o
 .ARM.attributes
                0x000007c5       0x33 ..\obj\usbd_cdc_core.o
 .ARM.attributes
                0x000007f8       0x33 ..\obj\mbfunccoils.o
 .ARM.attributes
                0x0000082b       0x33 ..\obj\stm32f4xx_exti.o
 .ARM.attributes
                0x0000085e       0x33 ..\obj\misc.o
 .ARM.attributes
                0x00000891       0x33 ..\obj\usb_dcd.o
 .ARM.attributes
                0x000008c4       0x33 ..\obj\heap_1.o
 .ARM.attributes
                0x000008f7       0x33 ..\obj\usbd_ioreq.o
 .ARM.attributes
                0x0000092a       0x33 ..\obj\stm32f4xx_tim.o
 .ARM.attributes
                0x0000095d       0x33 ..\obj\power_detector.o
 .ARM.attributes
                0x00000990       0x19 c:/stm32/arm_eabi/bin/../lib/gcc/arm-none-eabi/4.7.2/thumb2\libgcc.a(_arm_addsubdf3.o)
 .ARM.attributes
                0x000009a9       0x19 c:/stm32/arm_eabi/bin/../lib/gcc/arm-none-eabi/4.7.2/thumb2\libgcc.a(_arm_muldivdf3.o)
 .ARM.attributes
                0x000009c2       0x19 c:/stm32/arm_eabi/bin/../lib/gcc/arm-none-eabi/4.7.2/thumb2\libgcc.a(_arm_truncdfsf2.o)
 .ARM.attributes
                0x000009db       0x19 c:/stm32/arm_eabi/bin/../lib/gcc/arm-none-eabi/4.7.2/thumb2\libgcc.a(_arm_addsubsf3.o)
 .ARM.attributes
                0x000009f4       0x19 c:/stm32/arm_eabi/bin/../lib/gcc/arm-none-eabi/4.7.2/thumb2\libgcc.a(_arm_muldivsf3.o)
 .ARM.attributes
                0x00000a0d       0x19 c:/stm32/arm_eabi/bin/../lib/gcc/arm-none-eabi/4.7.2/thumb2\libgcc.a(_arm_cmpsf2.o)
 .ARM.attributes
                0x00000a26       0x29 c:/stm32/arm_eabi/bin/../lib/gcc/arm-none-eabi/4.7.2/../../../../arm-none-eabi/lib/thumb2\libc.a(lib_a-memcmp.o)
 .ARM.attributes
                0x00000a4f       0x29 c:/stm32/arm_eabi/bin/../lib/gcc/arm-none-eabi/4.7.2/../../../../arm-none-eabi/lib/thumb2\libc.a(lib_a-memcpy.o)
 .ARM.attributes
                0x00000a78       0x29 c:/stm32/arm_eabi/bin/../lib/gcc/arm-none-eabi/4.7.2/../../../../arm-none-eabi/lib/thumb2\libc.a(lib_a-memset.o)
 .ARM.attributes
                0x00000aa1       0x29 c:/stm32/arm_eabi/bin/../lib/gcc/arm-none-eabi/4.7.2/../../../../arm-none-eabi/lib/thumb2\libc.a(lib_a-strncpy.o)

.debug_frame    0x00000000     0x3ce8
 .debug_frame   0x00000000      0x434 ..\obj\usb_core.o
 .debug_frame   0x00000434       0xb4 ..\obj\mbport.o
 .debug_frame   0x000004e8       0xd0 ..\obj\mb.o
 .debug_frame   0x000005b8       0x50 ..\obj\protocol.o
 .debug_frame   0x00000608       0x30 ..\obj\mbfuncdisc.o
 .debug_frame   0x00000638       0x8c ..\obj\usbd_usr.o
 .debug_frame   0x000006c4       0x60 ..\obj\portevent.o
 .debug_frame   0x00000724       0x70 ..\obj\buzzer.o
 .debug_frame   0x00000794       0x50 ..\obj\mbfuncother.o
 .debug_frame   0x000007e4      0x15c ..\obj\stm32f4xx_pwr.o
 .debug_frame   0x00000940       0x68 ..\obj\mbutils.o
 .debug_frame   0x000009a8       0x48 ..\obj\startup_stm32f4xx.o
 .debug_frame   0x000009f0       0x4c ..\obj\backup_sram.o
 .debug_frame   0x00000a3c       0xb0 ..\obj\stm32f4xx_iwdg.o
 .debug_frame   0x00000aec       0x90 ..\obj\mbfuncholding.o
 .debug_frame   0x00000b7c      0x1ac ..\obj\usbd_core.o
 .debug_frame   0x00000d28       0xa0 ..\obj\main.o
 .debug_frame   0x00000dc8       0x2c ..\obj\mbcrc.o
 .debug_frame   0x00000df4      0x4d8 ..\obj\stm32f4xx_rcc.o
 .debug_frame   0x000012cc       0xec ..\obj\level_gage_test.o
 .debug_frame   0x000013b8      0x434 ..\obj\stm32f4xx_adc.o
 .debug_frame   0x000017ec       0x30 ..\obj\mbfuncinput.o
 .debug_frame   0x0000181c       0x50 ..\obj\watchdog.o
 .debug_frame   0x0000186c      0x404 ..\obj\tasks.o
 .debug_frame   0x00001c70       0xe8 ..\obj\usbd_desc.o
 .debug_frame   0x00001d58       0x50 ..\obj\keyboard.o
 .debug_frame   0x00001da8      0x19c ..\obj\stm32f4xx_gpio.o
 .debug_frame   0x00001f44       0x84 ..\obj\porttimer.o
 .debug_frame   0x00001fc8       0xb0 ..\obj\usbd_cdc_vcp.o
 .debug_frame   0x00002078       0x9c ..\obj\list.o
 .debug_frame   0x00002114      0x108 ..\obj\mbrtu.o
 .debug_frame   0x0000221c       0x64 ..\obj\system_stm32f4xx.o
 .debug_frame   0x00002280       0x70 ..\obj\adc.o
 .debug_frame   0x000022f0       0xc4 ..\obj\usb_bsp.o
 .debug_frame   0x000023b4      0x1c8 ..\obj\usbd_req.o
 .debug_frame   0x0000257c      0x224 ..\obj\queue.o
 .debug_frame   0x000027a0      0x110 ..\obj\port.o
 .debug_frame   0x000028b0      0x1ac ..\obj\usb_dcd_int.o
 .debug_frame   0x00002a5c       0xe4 ..\obj\portserial.o
 .debug_frame   0x00002b40      0x144 ..\obj\usbd_cdc_core.o
 .debug_frame   0x00002c84       0x70 ..\obj\mbfunccoils.o
 .debug_frame   0x00002cf4       0xec ..\obj\stm32f4xx_exti.o
 .debug_frame   0x00002de0       0x9c ..\obj\misc.o
 .debug_frame   0x00002e7c      0x1ac ..\obj\usb_dcd.o
 .debug_frame   0x00003028       0x7c ..\obj\heap_1.o
 .debug_frame   0x000030a4       0xec ..\obj\usbd_ioreq.o
 .debug_frame   0x00003190      0xa3c ..\obj\stm32f4xx_tim.o
 .debug_frame   0x00003bcc       0x64 ..\obj\power_detector.o
 .debug_frame   0x00003c30       0x2c c:/stm32/arm_eabi/bin/../lib/gcc/arm-none-eabi/4.7.2/../../../../arm-none-eabi/lib/thumb2\libc.a(lib_a-memcmp.o)
 .debug_frame   0x00003c5c       0x34 c:/stm32/arm_eabi/bin/../lib/gcc/arm-none-eabi/4.7.2/../../../../arm-none-eabi/lib/thumb2\libc.a(lib_a-memcpy.o)
 .debug_frame   0x00003c90       0x2c c:/stm32/arm_eabi/bin/../lib/gcc/arm-none-eabi/4.7.2/../../../../arm-none-eabi/lib/thumb2\libc.a(lib_a-memset.o)
 .debug_frame   0x00003cbc       0x2c c:/stm32/arm_eabi/bin/../lib/gcc/arm-none-eabi/4.7.2/../../../../arm-none-eabi/lib/thumb2\libc.a(lib_a-strncpy.o)
