Archive member included because of file (symbol)

c:/stm32/arm_eabi/bin/../lib/gcc/arm-none-eabi/4.7.2/../../../../arm-none-eabi/lib/thumb2\libc.a(lib_a-memcmp.o)
                              ..\obj\tasks.o (memcmp)
c:/stm32/arm_eabi/bin/../lib/gcc/arm-none-eabi/4.7.2/../../../../arm-none-eabi/lib/thumb2\libc.a(lib_a-memcpy.o)
                              ..\obj\mbfuncother.o (memcpy)
c:/stm32/arm_eabi/bin/../lib/gcc/arm-none-eabi/4.7.2/../../../../arm-none-eabi/lib/thumb2\libc.a(lib_a-memset.o)
                              ..\obj\tasks.o (memset)
c:/stm32/arm_eabi/bin/../lib/gcc/arm-none-eabi/4.7.2/../../../../arm-none-eabi/lib/thumb2\libc.a(lib_a-strncpy.o)
                              ..\obj\tasks.o (strncpy)

Allocating common symbols
Common symbol       size              file

adc_channels        0x8               ..\obj\adc.o
pxMBFrameCBTransmitterEmpty
                    0x4               ..\obj\mb.o
APP_Tx_Buffer       0x80              ..\obj\usbd_cdc_vcp.o
pxMBPortCBTimerExpired
                    0x4               ..\obj\mb.o
xBuzzer_Handle      0x4               ..\obj\buzzer.o
level_gage_test     0x24              ..\obj\level_gage_test.o
ucRTUBuf            0x100             ..\obj\mbrtu.o
usbd_cdc_OtherCfgDesc
                    0x43              ..\obj\usbd_cdc_core.o
pxMBFrameCBByteReceived
                    0x4               ..\obj\mb.o
APP_tx_ptr_tail     0x4               ..\obj\usbd_cdc_vcp.o
pxMBFrameCBTransmitFSMCur
                    0x4               ..\obj\mb.o
USB_Rx_Buffer       0x40              ..\obj\usbd_cdc_core.o
key_flags           0x3               ..\obj\keyboard.o
pxMBFrameCBReceiveFSMCur
                    0x4               ..\obj\mb.o
CmdBuff             0x8               ..\obj\usbd_cdc_core.o
xKeyQueue           0x4               ..\obj\keyboard.o
USB_OTG_dev         0x5f0             ..\obj\main.o
APP_Rx_Buffer       0x800             ..\obj\usbd_cdc_core.o
task_watches        0x50              ..\obj\watchdog.o
USBD_StrDesc        0x32              ..\obj\usbd_req.o
step_motor          0x8               ..\obj\pwm.o
xADC_Mutex          0x4               ..\obj\adc.o
APP_tx_ptr_head     0x4               ..\obj\usbd_cdc_vcp.o

Discarded input sections

 .text          0x00000000        0x0 ..\obj\stm32f4xx_syscfg.o
 .data          0x00000000        0x0 ..\obj\stm32f4xx_syscfg.o
 .bss           0x00000000        0x0 ..\obj\stm32f4xx_syscfg.o
 .text.SYSCFG_DeInit
                0x00000000       0x20 ..\obj\stm32f4xx_syscfg.o
 .text.SYSCFG_MemoryRemapConfig
                0x00000000       0x20 ..\obj\stm32f4xx_syscfg.o
 .text.SYSCFG_EXTILineConfig
                0x00000000       0x98 ..\obj\stm32f4xx_syscfg.o
 .text.SYSCFG_ETH_MediaInterfaceConfig
                0x00000000       0x1c ..\obj\stm32f4xx_syscfg.o
 .text.SYSCFG_CompensationCellCmd
                0x00000000       0x20 ..\obj\stm32f4xx_syscfg.o
 .text.SYSCFG_GetCompensationCellStatus
                0x00000000       0x38 ..\obj\stm32f4xx_syscfg.o
 .debug_info    0x00000000      0x279 ..\obj\stm32f4xx_syscfg.o
 .debug_abbrev  0x00000000      0x133 ..\obj\stm32f4xx_syscfg.o
 .debug_loc     0x00000000      0x144 ..\obj\stm32f4xx_syscfg.o
 .debug_aranges
                0x00000000       0x48 ..\obj\stm32f4xx_syscfg.o
 .debug_ranges  0x00000000       0x38 ..\obj\stm32f4xx_syscfg.o
 .debug_line    0x00000000      0x1f6 ..\obj\stm32f4xx_syscfg.o
 .debug_str     0x00000000      0x276 ..\obj\stm32f4xx_syscfg.o
 .comment       0x00000000       0x31 ..\obj\stm32f4xx_syscfg.o
 .ARM.attributes
                0x00000000       0x33 ..\obj\stm32f4xx_syscfg.o
 .debug_frame   0x00000000       0xbc ..\obj\stm32f4xx_syscfg.o
 .text          0x00000000        0x0 ..\obj\usb_core.o
 .data          0x00000000        0x0 ..\obj\usb_core.o
 .bss           0x00000000        0x0 ..\obj\usb_core.o
 .text.USB_OTG_IsHostMode
                0x00000000       0x24 ..\obj\usb_core.o
 .text.USB_OTG_ReadOtgItr
                0x00000000       0x1c ..\obj\usb_core.o
 .text.USB_OTG_ActiveRemoteWakeup
                0x00000000       0x94 ..\obj\usb_core.o
 .text.USB_OTG_StopDevice
                0x00000000       0x9c ..\obj\usb_core.o
 .text.USB_OTG_GetEPStatus
                0x00000000       0xc0 ..\obj\usb_core.o
 .text.USB_OTG_SetEPStatus
                0x00000000      0x13c ..\obj\usb_core.o
 .text          0x00000000        0x0 ..\obj\mbport.o
 .text          0x00000000        0x0 ..\obj\mb.o
 .text.eMBRegisterCB
                0x00000000       0xf0 ..\obj\mb.o
 .text.eMBClose
                0x00000000       0x40 ..\obj\mb.o
 .text.eMBDisable
                0x00000000       0x50 ..\obj\mb.o
 .text          0x00000000        0x0 ..\obj\protocol.o
 .data          0x00000000        0x0 ..\obj\protocol.o
 .bss           0x00000000        0x0 ..\obj\protocol.o
 .text          0x00000000        0x0 ..\obj\mbfuncdisc.o
 .data          0x00000000        0x0 ..\obj\mbfuncdisc.o
[...]
Memory Configuration

Name             Origin             Length             Attributes
rom              0x08000000         0x00100000         xr
ram              0x20000000         0x00020000         xrw
ram1             0x10000000         0x00010000         xrw
*default*        0x00000000         0xffffffff

Linker script and memory map

                0x20020000                _eram = 0x20020000

.text           0x08000000     0x98a8
 *(.isr_vector)
 .isr_vector    0x08000000      0x188 ..\obj\startup_stm32f4xx.o
                0x08000000                g_pfnVectors
 *(.text*)
 .text.USB_OTG_EnableCommonInt
                0x08000188       0x44 ..\obj\usb_core.o
 .text.USB_OTG_CoreReset
                0x080001cc       0xa4 ..\obj\usb_core.o
 .text.USB_OTG_WritePacket
                0x08000270       0x84 ..\obj\usb_core.o
                0x08000270                USB_OTG_WritePacket
 .text.USB_OTG_ReadPacket
                0x080002f4       0x68 ..\obj\usb_core.o
                0x080002f4                USB_OTG_ReadPacket
 .text.USB_OTG_SelectCore
                0x0800035c      0x1b0 ..\obj\usb_core.o
                0x0800035c                USB_OTG_SelectCore
 .text.USB_OTG_CoreInit
                0x0800050c      0x1f8 ..\obj\usb_core.o
                0x0800050c                USB_OTG_CoreInit
 .text.USB_OTG_EnableGlobalInt
                0x08000704       0x3c ..\obj\usb_core.o
                0x08000704                USB_OTG_EnableGlobalInt
 .text.USB_OTG_DisableGlobalInt
                0x08000740       0x40 ..\obj\usb_core.o
                0x08000740                USB_OTG_DisableGlobalInt
 .text.USB_OTG_FlushTxFifo
                0x08000780       0x80 ..\obj\usb_core.o
                0x08000780                USB_OTG_FlushTxFifo
 .text.USB_OTG_FlushRxFifo
                0x08000800       0x6c ..\obj\usb_core.o
                0x08000800                USB_OTG_FlushRxFifo
 .text.USB_OTG_SetCurrentMode
                0x0800086c       0x64 ..\obj\usb_core.o
                0x0800086c                USB_OTG_SetCurrentMode
 .text.USB_OTG_GetMode
                0x080008d0       0x20 ..\obj\usb_core.o
                0x080008d0                USB_OTG_GetMode
 .text.USB_OTG_IsDeviceMode
                0x080008f0       0x24 ..\obj\usb_core.o
                0x080008f0                USB_OTG_IsDeviceMode
 .text.USB_OTG_ReadCoreItr
                0x08000914       0x30 ..\obj\usb_core.o
                0x08000914                USB_OTG_ReadCoreItr
 .text.USB_OTG_InitDevSpeed
                0x08000944       0x38 ..\obj\usb_core.o
                0x08000944                USB_OTG_InitDevSpeed
 .text.USB_OTG_CoreInitDev
                0x0800097c      0x2d8 ..\obj\usb_core.o
                0x0800097c                USB_OTG_CoreInitDev
 .text.USB_OTG_EnableDevInt
                0x08000c54       0xa4 ..\obj\usb_core.o
                0x08000c54                USB_OTG_EnableDevInt
 .text.USB_OTG_GetDeviceSpeed
                0x08000cf8       0x50 ..\obj\usb_core.o
                0x08000cf8                USB_OTG_GetDeviceSpeed
 .text.USB_OTG_EP0Activate
                0x08000d48       0x80 ..\obj\usb_core.o
                0x08000d48                USB_OTG_EP0Activate
 .text.USB_OTG_EPActivate
                0x08000dc8       0xf8 ..\obj\usb_core.o
                0x08000dc8                USB_OTG_EPActivate
 .text.USB_OTG_EPDeactivate
                0x08000ec0       0xa4 ..\obj\usb_core.o
                0x08000ec0                USB_OTG_EPDeactivate
 .text.USB_OTG_EPStartXfer
                0x08000f64      0x2d0 ..\obj\usb_core.o
                0x08000f64                USB_OTG_EPStartXfer
 .text.USB_OTG_EP0StartXfer
                0x08001234      0x200 ..\obj\usb_core.o
                0x08001234                USB_OTG_EP0StartXfer
 .text.USB_OTG_EPSetStall
                0x08001434       0x94 ..\obj\usb_core.o
                0x08001434                USB_OTG_EPSetStall
 .text.USB_OTG_EPClearStall
                0x080014c8       0x84 ..\obj\usb_core.o
                0x080014c8                USB_OTG_EPClearStall
 .text.USB_OTG_ReadDevAllOutEp_itr
                0x0800154c       0x30 ..\obj\usb_core.o
                0x0800154c                USB_OTG_ReadDevAllOutEp_itr
 .text.USB_OTG_ReadDevOutEP_itr
                0x0800157c       0x3c ..\obj\usb_core.o
                0x0800157c                USB_OTG_ReadDevOutEP_itr
 .text.USB_OTG_ReadDevAllInEPItr
                0x080015b8       0x34 ..\obj\usb_core.o
                0x080015b8                USB_OTG_ReadDevAllInEPItr
 .text.USB_OTG_EP0_OutStart
                0x080015ec       0x78 ..\obj\usb_core.o
                0x080015ec                USB_OTG_EP0_OutStart
 .text.USB_OTG_UngateClock
                0x08001664       0x54 ..\obj\usb_core.o
                0x08001664                USB_OTG_UngateClock
 .text.ENTER_CRITICAL_SECTION
                0x080016b8        0xc ..\obj\mbport.o
                0x080016b8                ENTER_CRITICAL_SECTION
 .text.EXIT_CRITICAL_SECTION
                0x080016c4        0xc ..\obj\mbport.o
                0x080016c4                EXIT_CRITICAL_SECTION
 .text.eMBRegInputCB
                0x080016d0      0x104 ..\obj\mbport.o
                0x080016d0                eMBRegInputCB
 .text.eMBRegHoldingCB
                0x080017d4       0x20 ..\obj\mbport.o
                0x080017d4                eMBRegHoldingCB
 .text.eMBRegCoilsCB
                0x080017f4       0x20 ..\obj\mbport.o
                0x080017f4                eMBRegCoilsCB
 .text.eMBRegDiscreteCB
                0x08001814       0x20 ..\obj\mbport.o
                0x08001814                eMBRegDiscreteCB
 .text.eMBInit  0x08001834      0x10c ..\obj\mb.o
                0x08001834                eMBInit
 .text.eMBEnable
                0x08001940       0x40 ..\obj\mb.o
                0x08001940                eMBEnable
 .text.eMBPoll  0x08001980      0x194 ..\obj\mb.o
                0x08001980                eMBPoll
 .text.Protocol_Init
                0x08001b14       0x5c ..\obj\protocol.o
                0x08001b14                Protocol_Init
 .text.Modbus_Task
                0x08001b70       0x34 ..\obj\protocol.o
 .text.eMBFuncReadDiscreteInputs
                0x08001ba4      0x130 ..\obj\mbfuncdisc.o
                0x08001ba4                eMBFuncReadDiscreteInputs
 .text.USBD_USR_Init
                0x08001cd4        0xc ..\obj\usbd_usr.o
                0x08001cd4                USBD_USR_Init
 .text.USBD_USR_DeviceReset
                0x08001ce0       0x14 ..\obj\usbd_usr.o
                0x08001ce0                USBD_USR_DeviceReset
 .text.USBD_USR_DeviceConfigured
                0x08001cf4        0xc ..\obj\usbd_usr.o
                0x08001cf4                USBD_USR_DeviceConfigured
 .text.USBD_USR_DeviceSuspended
                0x08001d00        0xc ..\obj\usbd_usr.o
                0x08001d00                USBD_USR_DeviceSuspended
 .text.USBD_USR_DeviceResumed
                0x08001d0c        0xc ..\obj\usbd_usr.o
                0x08001d0c                USBD_USR_DeviceResumed
 .text.xMBPortEventInit
                0x08001d18       0x1c ..\obj\portevent.o
                0x08001d18                xMBPortEventInit
 .text.xMBPortEventPost
                0x08001d34       0x30 ..\obj\portevent.o
                0x08001d34                xMBPortEventPost
 .text.xMBPortEventGet
                0x08001d64       0x44 ..\obj\portevent.o
                0x08001d64                xMBPortEventGet
 .text.Buzzer_Init
                0x08001da8       0x88 ..\obj\buzzer.o
                0x08001da8                Buzzer_Init
 .text.Buzzer_Task
                0x08001e30      0x148 ..\obj\buzzer.o
                0x08001e30                Buzzer_Task
 .text.Buzzer_Set_Buzz
                0x08001f78       0x3c ..\obj\buzzer.o
                0x08001f78                Buzzer_Set_Buzz
 .text.eMBFuncReportSlaveID
                0x08001fb4       0x44 ..\obj\mbfuncother.o
                0x08001fb4                eMBFuncReportSlaveID
 .text.Step_Motor_Init
                0x08001ff8      0x208 ..\obj\pwm.o
                0x08001ff8                Step_Motor_Init
 .text.Step_Motor_Task
                0x08002200      0x188 ..\obj\pwm.o
                0x08002200                Step_Motor_Task
 .text.Step_Motor_Set_State
                0x08002388       0x20 ..\obj\pwm.o
                0x08002388                Step_Motor_Set_State
 .text.Step_Motor_Set_Move_Type
                0x080023a8       0x20 ..\obj\pwm.o
                0x080023a8                Step_Motor_Set_Move_Type
 .text.Step_Motor_Step
                0x080023c8      0x170 ..\obj\pwm.o
                0x080023c8                Step_Motor_Step
 .text.Step_Motor_Step_Left
                0x08002538       0x1c ..\obj\pwm.o
                0x08002538                Step_Motor_Step_Left
 .text.Step_Motor_Step_Right
                0x08002554       0x1c ..\obj\pwm.o
                0x08002554                Step_Motor_Step_Right
 .text.Step_Motor_Hold
                0x08002570      0x170 ..\obj\pwm.o
                0x08002570                Step_Motor_Hold
 .text.prveMBError2Exception
                0x080026e0       0x48 ..\obj\mbutils.o
                0x080026e0                prveMBError2Exception
 .text.Default_Reset_Handler
                0x08002728       0x64 ..\obj\startup_stm32f4xx.o
                0x08002728                Default_Reset_Handler
                0x08002728                Reset_Handler
 .text.Default_Handler
                0x0800278c        0x8 ..\obj\startup_stm32f4xx.o
                0x0800278c                RTC_Alarm_IRQHandler
                0x0800278c                HASH_RNG_IRQHandler
                0x0800278c                EXTI2_IRQHandler
                0x0800278c                TIM8_CC_IRQHandler
                0x0800278c                DebugMon_Handler
                0x0800278c                TIM1_CC_IRQHandler
                0x0800278c                DMA2_Stream5_IRQHandler
                0x0800278c                HardFault_Handler
                0x0800278c                DMA1_Stream5_IRQHandler
                0x0800278c                SDIO_IRQHandler
                0x0800278c                TAMP_STAMP_IRQHandler
                0x0800278c                NMI_Handler
                0x0800278c                CAN2_RX1_IRQHandler
                0x0800278c                EXTI3_IRQHandler
                0x0800278c                TIM8_TRG_COM_TIM14_IRQHandler
                0x0800278c                TIM1_UP_TIM10_IRQHandler
                0x0800278c                TIM8_UP_TIM13_IRQHandler
                0x0800278c                I2C3_ER_IRQHandler
                0x0800278c                EXTI0_IRQHandler
                0x0800278c                I2C2_EV_IRQHandler
                0x0800278c                DMA1_Stream2_IRQHandler
                0x0800278c                CAN1_RX0_IRQHandler
                0x0800278c                FPU_IRQHandler
                0x0800278c                OTG_HS_WKUP_IRQHandler
                0x0800278c                UsageFault_Handler
                0x0800278c                CAN2_SCE_IRQHandler
                0x0800278c                DMA2_Stream2_IRQHandler
                0x0800278c                SPI1_IRQHandler
                0x0800278c                TIM6_DAC_IRQHandler
                0x0800278c                TIM1_BRK_TIM9_IRQHandler
                0x0800278c                DCMI_IRQHandler
                0x0800278c                CAN2_RX0_IRQHandler
                0x0800278c                DMA2_Stream3_IRQHandler
                0x0800278c                USART6_IRQHandler
                0x0800278c                USART3_IRQHandler
                0x0800278c                CRYP_IRQHandler
                0x0800278c                CAN1_RX1_IRQHandler
                0x0800278c                UART5_IRQHandler
                0x0800278c                DMA2_Stream0_IRQHandler
                0x0800278c                TIM4_IRQHandler
                0x0800278c                I2C1_EV_IRQHandler
                0x0800278c                DMA1_Stream6_IRQHandler
                0x0800278c                DMA1_Stream1_IRQHandler
                0x0800278c                UART4_IRQHandler
                0x0800278c                TIM3_IRQHandler
                0x0800278c                RCC_IRQHandler
                0x0800278c                TIM8_BRK_TIM12_IRQHandler
                0x0800278c                EXTI15_10_IRQHandler
                0x0800278c                ADC_IRQHandler
                0x0800278c                DMA1_Stream7_IRQHandler
                0x0800278c                CAN2_TX_IRQHandler
                0x0800278c                TIM5_IRQHandler
                0x0800278c                DMA2_Stream7_IRQHandler
                0x0800278c                I2C3_EV_IRQHandler
                0x0800278c                EXTI9_5_IRQHandler
                0x0800278c                RTC_WKUP_IRQHandler
                0x0800278c                ETH_WKUP_IRQHandler
                0x0800278c                SPI2_IRQHandler
                0x0800278c                OTG_HS_EP1_IN_IRQHandler
                0x0800278c                MemManage_Handler
                0x0800278c                DMA1_Stream0_IRQHandler
                0x0800278c                CAN1_TX_IRQHandler
                0x0800278c                EXTI4_IRQHandler
                0x0800278c                FSMC_IRQHandler
                0x0800278c                ETH_IRQHandler
                0x0800278c                OTG_HS_EP1_OUT_IRQHandler
                0x0800278c                WWDG_IRQHandler
                0x0800278c                TIM2_IRQHandler
                0x0800278c                TIM1_TRG_COM_TIM11_IRQHandler
                0x0800278c                OTG_HS_IRQHandler
                0x0800278c                EXTI1_IRQHandler
                0x0800278c                USART2_IRQHandler
                0x0800278c                I2C2_ER_IRQHandler
                0x0800278c                DMA2_Stream1_IRQHandler
                0x0800278c                CAN1_SCE_IRQHandler
                0x0800278c                FLASH_IRQHandler
                0x0800278c                DMA2_Stream4_IRQHandler
                0x0800278c                BusFault_Handler
                0x0800278c                USART1_IRQHandler
                0x0800278c                SPI3_IRQHandler
                0x0800278c                DMA1_Stream4_IRQHandler
                0x0800278c                I2C1_ER_IRQHandler
                0x0800278c                DMA2_Stream6_IRQHandler
                0x0800278c                DMA1_Stream3_IRQHandler
 .text.eMBFuncWriteHoldingRegister
                0x08002794       0x80 ..\obj\mbfuncholding.o
                0x08002794                eMBFuncWriteHoldingRegister
 .text.eMBFuncWriteMultipleHoldingRegister
                0x08002814       0xd4 ..\obj\mbfuncholding.o
                0x08002814                eMBFuncWriteMultipleHoldingRegister
 .text.eMBFuncReadHoldingRegister
                0x080028e8      0x10c ..\obj\mbfuncholding.o
                0x080028e8                eMBFuncReadHoldingRegister
 .text.eMBFuncReadWriteMultipleHoldingRegister
                0x080029f4      0x194 ..\obj\mbfuncholding.o
                0x080029f4                eMBFuncReadWriteMultipleHoldingRegister
 .text.USBD_Init
                0x08002b88       0x58 ..\obj\usbd_core.o
                0x08002b88                USBD_Init
 .text.USBD_DeInit
                0x08002be0       0x18 ..\obj\usbd_core.o
                0x08002be0                USBD_DeInit
 .text.USBD_SetupStage
                0x08002bf8       0x70 ..\obj\usbd_core.o
 .text.USBD_DataOutStage
                0x08002c68       0xd4 ..\obj\usbd_core.o
 .text.USBD_DataInStage
                0x08002d3c      0x114 ..\obj\usbd_core.o
 .text.USBD_Reset
                0x08002e50       0x54 ..\obj\usbd_core.o
 .text.USBD_Resume
                0x08002ea4       0x2c ..\obj\usbd_core.o
 .text.USBD_Suspend
                0x08002ed0       0x2c ..\obj\usbd_core.o
 .text.USBD_SOF
                0x08002efc       0x30 ..\obj\usbd_core.o
 .text.USBD_SetCfg
                0x08002f2c       0x34 ..\obj\usbd_core.o
                0x08002f2c                USBD_SetCfg
 .text.USBD_ClrCfg
                0x08002f60       0x2c ..\obj\usbd_core.o
                0x08002f60                USBD_ClrCfg
 .text.USBD_IsoINIncomplete
                0x08002f8c       0x24 ..\obj\usbd_core.o
 .text.USBD_IsoOUTIncomplete
                0x08002fb0       0x24 ..\obj\usbd_core.o
 .text.main     0x08002fd4       0x4c ..\obj\main.o
                0x08002fd4                main
 .text.vApplicationMallocFailedHook
                0x08003020        0x8 ..\obj\main.o
                0x08003020                vApplicationMallocFailedHook
 .text.vApplicationStackOverflowHook
                0x08003028        0xc ..\obj\main.o
                0x08003028                vApplicationStackOverflowHook
 .text.vApplicationIdleHook
                0x08003034       0x18 ..\obj\main.o
                0x08003034                vApplicationIdleHook
 .text.usMBCRC16
                0x0800304c       0x84 ..\obj\mbcrc.o
                0x0800304c                usMBCRC16
 .text.RCC_AHB1PeriphClockCmd
                0x080030d0       0x40 ..\obj\stm32f4xx_rcc.o
                0x080030d0                RCC_AHB1PeriphClockCmd
 .text.RCC_AHB2PeriphClockCmd
                0x08003110       0x40 ..\obj\stm32f4xx_rcc.o
                0x08003110                RCC_AHB2PeriphClockCmd
 .text.RCC_APB1PeriphClockCmd
                0x08003150       0x40 ..\obj\stm32f4xx_rcc.o
                0x08003150                RCC_APB1PeriphClockCmd
 .text.RCC_APB2PeriphClockCmd
                0x08003190       0x40 ..\obj\stm32f4xx_rcc.o
                0x08003190                RCC_APB2PeriphClockCmd
 .text.RCC_APB2PeriphResetCmd
                0x080031d0       0x40 ..\obj\stm32f4xx_rcc.o
                0x080031d0                RCC_APB2PeriphResetCmd
 .text.Level_Gage_Test_Init
                0x08003210       0x98 ..\obj\level_gage_test.o
                0x08003210                Level_Gage_Test_Init
 .text.Level_Gage_Test_Task
                0x080032a8      0x358 ..\obj\level_gage_test.o
                0x080032a8                Level_Gage_Test_Task
 .text.ADC_DeInit
                0x08003600       0x20 ..\obj\stm32f4xx_adc.o
                0x08003600                ADC_DeInit
 .text.ADC_Init
                0x08003620       0xb4 ..\obj\stm32f4xx_adc.o
                0x08003620                ADC_Init
 .text.ADC_StructInit
                0x080036d4       0x4c ..\obj\stm32f4xx_adc.o
                0x080036d4                ADC_StructInit
 .text.ADC_CommonInit
                0x08003720       0x50 ..\obj\stm32f4xx_adc.o
                0x08003720                ADC_CommonInit
 .text.ADC_CommonStructInit
                0x08003770       0x34 ..\obj\stm32f4xx_adc.o
                0x08003770                ADC_CommonStructInit
 .text.ADC_Cmd  0x080037a4       0x38 ..\obj\stm32f4xx_adc.o
                0x080037a4                ADC_Cmd
 .text.ADC_RegularChannelConfig
                0x080037dc      0x1bc ..\obj\stm32f4xx_adc.o
                0x080037dc                ADC_RegularChannelConfig
 .text.ADC_GetFlagStatus
                0x08003998       0x3c ..\obj\stm32f4xx_adc.o
                0x08003998                ADC_GetFlagStatus
 .text.eMBFuncReadInputRegister
                0x080039d4      0x110 ..\obj\mbfuncinput.o
                0x080039d4                eMBFuncReadInputRegister
 .text.xTaskGenericCreate
                0x08003ae4      0x1a8 ..\obj\tasks.o
                0x08003ae4                xTaskGenericCreate
 .text.vTaskDelay
                0x08003c8c       0x58 ..\obj\tasks.o
                0x08003c8c                vTaskDelay
 .text.vTaskSuspend
                0x08003ce4       0xa4 ..\obj\tasks.o
                0x08003ce4                vTaskSuspend
 .text.xTaskIsTaskSuspended
                0x08003d88       0x5c ..\obj\tasks.o
                0x08003d88                xTaskIsTaskSuspended
 .text.vTaskResume
                0x08003de4       0xa8 ..\obj\tasks.o
                0x08003de4                vTaskResume
 .text.vTaskStartScheduler
                0x08003e8c       0x7c ..\obj\tasks.o
                0x08003e8c                vTaskStartScheduler
 .text.vTaskSuspendAll
                0x08003f08       0x1c ..\obj\tasks.o
                0x08003f08                vTaskSuspendAll
 .text.xTaskResumeAll
                0x08003f24      0x120 ..\obj\tasks.o
                0x08003f24                xTaskResumeAll
 .text.vTaskIncrementTick
                0x08004044      0x150 ..\obj\tasks.o
                0x08004044                vTaskIncrementTick
 .text.vTaskSwitchContext
                0x08004194      0x108 ..\obj\tasks.o
                0x08004194                vTaskSwitchContext
 .text.vTaskPlaceOnEventList
                0x0800429c       0x78 ..\obj\tasks.o
                0x0800429c                vTaskPlaceOnEventList
 .text.xTaskRemoveFromEventList
                0x08004314       0xc4 ..\obj\tasks.o
                0x08004314                xTaskRemoveFromEventList
 .text.vTaskSetTimeOutState
                0x080043d8       0x3c ..\obj\tasks.o
                0x080043d8                vTaskSetTimeOutState
 .text.xTaskCheckForTimeOut
                0x08004414       0xb4 ..\obj\tasks.o
                0x08004414                xTaskCheckForTimeOut
 .text.vTaskMissedYield
                0x080044c8       0x18 ..\obj\tasks.o
                0x080044c8                vTaskMissedYield
 .text.prvIdleTask
                0x080044e0       0x24 ..\obj\tasks.o
 .text.prvInitialiseTCBVariables
                0x08004504       0x78 ..\obj\tasks.o
 .text.prvInitialiseTaskLists
                0x0800457c       0x88 ..\obj\tasks.o
 .text.prvCheckTasksWaitingTermination
                0x08004604       0x7c ..\obj\tasks.o
 .text.prvAddCurrentTaskToDelayedList
                0x08004680       0x70 ..\obj\tasks.o
 .text.prvAllocateTCBAndStack
                0x080046f0       0x70 ..\obj\tasks.o
 .text.prvDeleteTCB
                0x08004760       0x20 ..\obj\tasks.o
 .text.xTaskGetCurrentTaskHandle
                0x08004780       0x20 ..\obj\tasks.o
                0x08004780                xTaskGetCurrentTaskHandle
 .text.vTaskPriorityInherit
                0x080047a0       0xc0 ..\obj\tasks.o
                0x080047a0                vTaskPriorityInherit
 .text.vTaskPriorityDisinherit
                0x08004860       0x84 ..\obj\tasks.o
                0x08004860                vTaskPriorityDisinherit
 .text.USBD_USR_DeviceDescriptor
                0x080048e4       0x28 ..\obj\usbd_desc.o
                0x080048e4                USBD_USR_DeviceDescriptor
 .text.USBD_USR_LangIDStrDescriptor
                0x0800490c       0x28 ..\obj\usbd_desc.o
                0x0800490c                USBD_USR_LangIDStrDescriptor
 .text.USBD_USR_ProductStrDescriptor
                0x08004934       0x40 ..\obj\usbd_desc.o
                0x08004934                USBD_USR_ProductStrDescriptor
 .text.USBD_USR_ManufacturerStrDescriptor
                0x08004974       0x2c ..\obj\usbd_desc.o
                0x08004974                USBD_USR_ManufacturerStrDescriptor
 .text.USBD_USR_SerialStrDescriptor
                0x080049a0       0x40 ..\obj\usbd_desc.o
                0x080049a0                USBD_USR_SerialStrDescriptor
 .text.USBD_USR_ConfigStrDescriptor
                0x080049e0       0x3c ..\obj\usbd_desc.o
                0x080049e0                USBD_USR_ConfigStrDescriptor
 .text.USBD_USR_InterfaceStrDescriptor
                0x08004a1c       0x3c ..\obj\usbd_desc.o
                0x08004a1c                USBD_USR_InterfaceStrDescriptor
 .text.Keyboard_Init
                0x08004a58       0xa8 ..\obj\keyboard.o
                0x08004a58                Keyboard_Init
 .text.vKeyboardTask
                0x08004b00      0x170 ..\obj\keyboard.o
 .text.GPIO_Init
                0x08004c70      0x144 ..\obj\stm32f4xx_gpio.o
                0x08004c70                GPIO_Init
 .text.GPIO_StructInit
                0x08004db4       0x3c ..\obj\stm32f4xx_gpio.o
                0x08004db4                GPIO_StructInit
 .text.GPIO_ReadInputDataBit
                0x08004df0       0x3c ..\obj\stm32f4xx_gpio.o
                0x08004df0                GPIO_ReadInputDataBit
 .text.GPIO_WriteBit
                0x08004e2c       0x30 ..\obj\stm32f4xx_gpio.o
                0x08004e2c                GPIO_WriteBit
 .text.GPIO_PinAFConfig
                0x08004e5c       0xa8 ..\obj\stm32f4xx_gpio.o
                0x08004e5c                GPIO_PinAFConfig
 .text.xMBPortTimersInit
                0x08004f04       0xc4 ..\obj\porttimer.o
                0x08004f04                xMBPortTimersInit
 .text.vMBPortTimersEnable
                0x08004fc8       0x38 ..\obj\porttimer.o
                0x08004fc8                vMBPortTimersEnable
 .text.vMBPortTimersDisable
                0x08005000       0x38 ..\obj\porttimer.o
                0x08005000                vMBPortTimersDisable
 .text.TIM7_IRQHandler
                0x08005038       0x20 ..\obj\porttimer.o
                0x08005038                TIM7_IRQHandler
 .text.VCP_Init
                0x08005058       0x10 ..\obj\usbd_cdc_vcp.o
 .text.VCP_DeInit
                0x08005068       0x10 ..\obj\usbd_cdc_vcp.o
 .text.VCP_Ctrl
                0x08005078       0xbc ..\obj\usbd_cdc_vcp.o
 .text.VCP_DataTx
                0x08005134       0x68 ..\obj\usbd_cdc_vcp.o
                0x08005134                VCP_DataTx
 .text.VCP_DataRx
                0x0800519c       0x7c ..\obj\usbd_cdc_vcp.o
                0x0800519c                VCP_DataRx
 .text.VCP_get_char
                0x08005218       0x60 ..\obj\usbd_cdc_vcp.o
                0x08005218                VCP_get_char
 .text.vListInitialise
                0x08005278       0x40 ..\obj\list.o
                0x08005278                vListInitialise
 .text.vListInitialiseItem
                0x080052b8       0x1c ..\obj\list.o
                0x080052b8                vListInitialiseItem
 .text.vListInsertEnd
                0x080052d4       0x50 ..\obj\list.o
                0x080052d4                vListInsertEnd
 .text.vListInsert
                0x08005324       0x74 ..\obj\list.o
                0x08005324                vListInsert
 .text.vListRemove
                0x08005398       0x54 ..\obj\list.o
                0x08005398                vListRemove
 .text.eMBRTUInit
                0x080053ec       0x84 ..\obj\mbrtu.o
                0x080053ec                eMBRTUInit
 .text.eMBRTUStart
                0x08005470       0x2c ..\obj\mbrtu.o
                0x08005470                eMBRTUStart
 .text.eMBRTUStop
                0x0800549c       0x20 ..\obj\mbrtu.o
                0x0800549c                eMBRTUStop
 .text.eMBRTUReceive
                0x080054bc       0x84 ..\obj\mbrtu.o
                0x080054bc                eMBRTUReceive
 .text.eMBRTUSend
                0x08005540       0xe0 ..\obj\mbrtu.o
                0x08005540                eMBRTUSend
 .text.xMBRTUReceiveFSM
                0x08005620       0xbc ..\obj\mbrtu.o
                0x08005620                xMBRTUReceiveFSM
 .text.xMBRTUTransmitFSM
                0x080056dc       0x8c ..\obj\mbrtu.o
                0x080056dc                xMBRTUTransmitFSM
 .text.xMBRTUTimerT35Expired
                0x08005768       0x58 ..\obj\mbrtu.o
                0x08005768                xMBRTUTimerT35Expired
 .text.SystemInit
                0x080057c0       0x5c ..\obj\system_stm32f4xx.o
                0x080057c0                SystemInit
 .text.SetSysClock
                0x0800581c       0xe0 ..\obj\system_stm32f4xx.o
 .text.ADC_Channel_Init
                0x080058fc      0x140 ..\obj\adc.o
                0x080058fc                ADC_Channel_Init
 .text.ADC_Task
                0x08005a3c      0x1b8 ..\obj\adc.o
 .text.USB_OTG_BSP_Init
                0x08005bf4       0xcc ..\obj\usb_bsp.o
                0x08005bf4                USB_OTG_BSP_Init
 .text.USB_OTG_BSP_EnableInterrupt
                0x08005cc0       0x3c ..\obj\usb_bsp.o
                0x08005cc0                USB_OTG_BSP_EnableInterrupt
 .text.USB_OTG_BSP_uDelay
                0x08005cfc       0x58 ..\obj\usb_bsp.o
                0x08005cfc                USB_OTG_BSP_uDelay
 .text.USB_OTG_BSP_mDelay
                0x08005d54       0x20 ..\obj\usb_bsp.o
                0x08005d54                USB_OTG_BSP_mDelay
 .text.OTG_FS_WKUP_IRQHandler
                0x08005d74       0x34 ..\obj\usb_bsp.o
                0x08005d74                OTG_FS_WKUP_IRQHandler
 .text.OTG_FS_IRQHandler
                0x08005da8       0x10 ..\obj\usb_bsp.o
                0x08005da8                OTG_FS_IRQHandler
 .text.USBD_StdDevReq
                0x08005db8       0xa4 ..\obj\usbd_req.o
                0x08005db8                USBD_StdDevReq
 .text.USBD_StdItfReq
                0x08005e5c       0x6c ..\obj\usbd_req.o
                0x08005e5c                USBD_StdItfReq
 .text.USBD_StdEPReq
                0x08005ec8      0x1c8 ..\obj\usbd_req.o
                0x08005ec8                USBD_StdEPReq
 .text.USBD_GetDescriptor
                0x08006090      0x1c8 ..\obj\usbd_req.o
 .text.USBD_SetAddress
                0x08006258       0x80 ..\obj\usbd_req.o
 .text.USBD_SetConfig
                0x080062d8       0xf8 ..\obj\usbd_req.o
 .text.USBD_GetConfig
                0x080063d0       0x64 ..\obj\usbd_req.o
 .text.USBD_GetStatus
                0x08006434       0x58 ..\obj\usbd_req.o
 .text.USBD_SetFeature
                0x0800648c       0xe0 ..\obj\usbd_req.o
 .text.USBD_ClrFeature
                0x0800656c       0x58 ..\obj\usbd_req.o
 .text.USBD_ParseSetupRequest
                0x080065c4       0x94 ..\obj\usbd_req.o
                0x080065c4                USBD_ParseSetupRequest
 .text.USBD_CtlError
                0x08006658       0x50 ..\obj\usbd_req.o
                0x08006658                USBD_CtlError
 .text.USBD_GetString
                0x080066a8       0x9c ..\obj\usbd_req.o
                0x080066a8                USBD_GetString
 .text.USBD_GetLen
                0x08006744       0x38 ..\obj\usbd_req.o
 .text.xQueueGenericReset
                0x0800677c       0xc0 ..\obj\queue.o
                0x0800677c                xQueueGenericReset
 .text.xQueueGenericCreate
                0x0800683c       0x8c ..\obj\queue.o
                0x0800683c                xQueueGenericCreate
 .text.xQueueCreateMutex
                0x080068c8       0xa8 ..\obj\queue.o
                0x080068c8                xQueueCreateMutex
 .text.xQueueGenericSend
                0x08006970      0x154 ..\obj\queue.o
                0x08006970                xQueueGenericSend
 .text.xQueueGenericReceive
                0x08006ac4      0x1bc ..\obj\queue.o
                0x08006ac4                xQueueGenericReceive
 .text.uxQueueMessagesWaiting
                0x08006c80       0x34 ..\obj\queue.o
                0x08006c80                uxQueueMessagesWaiting
 .text.prvCopyDataToQueue
                0x08006cb4       0xc4 ..\obj\queue.o
 .text.prvCopyDataFromQueue
                0x08006d78       0x50 ..\obj\queue.o
 .text.prvUnlockQueue
                0x08006dc8       0xa0 ..\obj\queue.o
 .text.prvIsQueueEmpty
                0x08006e68       0x2c ..\obj\queue.o
 .text.prvIsQueueFull
                0x08006e94       0x30 ..\obj\queue.o
 .text.pxPortInitialiseStack
                0x08006ec4       0x60 ..\obj\port.o
                0x08006ec4                pxPortInitialiseStack
 .text.SVC_Handler
                0x08006f24       0x20 ..\obj\port.o
                0x08006f24                SVC_Handler
 .text.vPortStartFirstTask
                0x08006f44       0x14 ..\obj\port.o
                0x08006f44                vPortStartFirstTask
 .text.xPortStartScheduler
                0x08006f58       0x3c ..\obj\port.o
                0x08006f58                xPortStartScheduler
 .text.vPortYieldFromISR
                0x08006f94       0x18 ..\obj\port.o
                0x08006f94                vPortYieldFromISR
 .text.vPortEnterCritical
                0x08006fac       0x24 ..\obj\port.o
                0x08006fac                vPortEnterCritical
 .text.vPortExitCritical
                0x08006fd0       0x2c ..\obj\port.o
                0x08006fd0                vPortExitCritical
 .text.PendSV_Handler
                0x08006ffc       0x3c ..\obj\port.o
                0x08006ffc                PendSV_Handler
 .text.SysTick_Handler
                0x08007038       0x34 ..\obj\port.o
                0x08007038                SysTick_Handler
 .text.prvSetupTimerInterrupt
                0x0800706c       0x24 ..\obj\port.o
 .text.USBD_OTG_ISR_Handler
                0x08007090      0x164 ..\obj\usb_dcd_int.o
                0x08007090                USBD_OTG_ISR_Handler
 .text.DCD_HandleResume_ISR
                0x080071f4       0x88 ..\obj\usb_dcd_int.o
 .text.DCD_HandleUSBSuspend_ISR
                0x0800727c       0xa4 ..\obj\usb_dcd_int.o
 .text.DCD_HandleInEP_ISR
                0x08007320      0x22c ..\obj\usb_dcd_int.o
 .text.DCD_HandleOutEP_ISR
                0x0800754c      0x1a8 ..\obj\usb_dcd_int.o
 .text.DCD_HandleSof_ISR
                0x080076f4       0x3c ..\obj\usb_dcd_int.o
 .text.DCD_HandleRxStatusQueueLevel_ISR
                0x08007730      0x114 ..\obj\usb_dcd_int.o
 .text.DCD_WriteEmptyTxFifo
                0x08007844      0x130 ..\obj\usb_dcd_int.o
 .text.DCD_HandleUsbReset_ISR
                0x08007974      0x16c ..\obj\usb_dcd_int.o
 .text.DCD_HandleEnumDone_ISR
                0x08007ae0       0x88 ..\obj\usb_dcd_int.o
 .text.DCD_IsoINIncomplete_ISR
                0x08007b68       0x3c ..\obj\usb_dcd_int.o
 .text.DCD_IsoOUTIncomplete_ISR
                0x08007ba4       0x3c ..\obj\usb_dcd_int.o
 .text.DCD_ReadDevInEP
                0x08007be0       0x58 ..\obj\usb_dcd_int.o
 .text.vMBPortSerialEnable
                0x08007c38       0x28 ..\obj\portserial.o
                0x08007c38                vMBPortSerialEnable
 .text.xMBPortSerialInit
                0x08007c60       0x50 ..\obj\portserial.o
                0x08007c60                xMBPortSerialInit
 .text.xMBPortSerialGetByte
                0x08007cb0       0x28 ..\obj\portserial.o
                0x08007cb0                xMBPortSerialGetByte
 .text.Serial_Task
                0x08007cd8       0x28 ..\obj\portserial.o
 .text.usbd_cdc_Init
                0x08007d00       0xc0 ..\obj\usbd_cdc_core.o
 .text.usbd_cdc_DeInit
                0x08007dc0       0x44 ..\obj\usbd_cdc_core.o
 .text.usbd_cdc_Setup
                0x08007e04      0x138 ..\obj\usbd_cdc_core.o
 .text.usbd_cdc_EP0_RxReady
                0x08007f3c       0x48 ..\obj\usbd_cdc_core.o
 .text.usbd_cdc_DataIn
                0x08007f84       0xd4 ..\obj\usbd_cdc_core.o
 .text.usbd_cdc_DataOut
                0x08008058       0x60 ..\obj\usbd_cdc_core.o
 .text.usbd_cdc_SOF
                0x080080b8       0x44 ..\obj\usbd_cdc_core.o
 .text.Handle_USBAsynchXfer
                0x080080fc      0x114 ..\obj\usbd_cdc_core.o
 .text.USBD_cdc_GetCfgDesc
                0x08008210       0x28 ..\obj\usbd_cdc_core.o
 .text.eMBFuncReadCoils
                0x08008238      0x134 ..\obj\mbfunccoils.o
                0x08008238                eMBFuncReadCoils
 .text.eMBFuncWriteCoil
                0x0800836c       0xcc ..\obj\mbfunccoils.o
                0x0800836c                eMBFuncWriteCoil
 .text.eMBFuncWriteMultipleCoils
                0x08008438       0xf4 ..\obj\mbfunccoils.o
                0x08008438                eMBFuncWriteMultipleCoils
 .text.EXTI_GetITStatus
                0x0800852c       0x50 ..\obj\stm32f4xx_exti.o
                0x0800852c                EXTI_GetITStatus
 .text.EXTI_ClearITPendingBit
                0x0800857c       0x1c ..\obj\stm32f4xx_exti.o
                0x0800857c                EXTI_ClearITPendingBit
 .text.NVIC_PriorityGroupConfig
                0x08008598       0x24 ..\obj\misc.o
                0x08008598                NVIC_PriorityGroupConfig
 .text.NVIC_Init
                0x080085bc       0xd4 ..\obj\misc.o
                0x080085bc                NVIC_Init
 .text.DCD_Init
                0x08008690      0x12c ..\obj\usb_dcd.o
                0x08008690                DCD_Init
 .text.DCD_EP_Open
                0x080087bc       0xac ..\obj\usb_dcd.o
                0x080087bc                DCD_EP_Open
 .text.DCD_EP_Close
                0x08008868       0x80 ..\obj\usb_dcd.o
                0x08008868                DCD_EP_Close
 .text.DCD_EP_PrepareRx
                0x080088e8       0x8c ..\obj\usb_dcd.o
                0x080088e8                DCD_EP_PrepareRx
 .text.DCD_EP_Tx
                0x08008974       0x84 ..\obj\usb_dcd.o
                0x08008974                DCD_EP_Tx
 .text.DCD_EP_Stall
                0x080089f8       0x84 ..\obj\usb_dcd.o
                0x080089f8                DCD_EP_Stall
 .text.DCD_EP_ClrStall
                0x08008a7c       0x84 ..\obj\usb_dcd.o
                0x08008a7c                DCD_EP_ClrStall
 .text.DCD_EP_SetAddress
                0x08008b00       0x3c ..\obj\usb_dcd.o
                0x08008b00                DCD_EP_SetAddress
 .text.pvPortMalloc
                0x08008b3c       0x80 ..\obj\heap_1.o
                0x08008b3c                pvPortMalloc
 .text.vPortFree
                0x08008bbc       0x14 ..\obj\heap_1.o
                0x08008bbc                vPortFree
 .text.xPortGetFreeHeapSize
                0x08008bd0       0x18 ..\obj\heap_1.o
                0x08008bd0                xPortGetFreeHeapSize
 .text.USBD_CtlSendData
                0x08008be8       0x48 ..\obj\usbd_ioreq.o
                0x08008be8                USBD_CtlSendData
 .text.USBD_CtlContinueSendData
                0x08008c30       0x30 ..\obj\usbd_ioreq.o
                0x08008c30                USBD_CtlContinueSendData
 .text.USBD_CtlPrepareRx
                0x08008c60       0x48 ..\obj\usbd_ioreq.o
                0x08008c60                USBD_CtlPrepareRx
 .text.USBD_CtlContinueRx
                0x08008ca8       0x30 ..\obj\usbd_ioreq.o
                0x08008ca8                USBD_CtlContinueRx
 .text.USBD_CtlSendStatus
                0x08008cd8       0x3c ..\obj\usbd_ioreq.o
                0x08008cd8                USBD_CtlSendStatus
 .text.USBD_CtlReceiveStatus
                0x08008d14       0x3c ..\obj\usbd_ioreq.o
                0x08008d14                USBD_CtlReceiveStatus
 .text.TIM_TimeBaseInit
                0x08008d50       0xd8 ..\obj\stm32f4xx_tim.o
                0x08008d50                TIM_TimeBaseInit
 .text.TIM_TimeBaseStructInit
                0x08008e28       0x3c ..\obj\stm32f4xx_tim.o
                0x08008e28                TIM_TimeBaseStructInit
 .text.TIM_SetCounter
                0x08008e64       0x1c ..\obj\stm32f4xx_tim.o
                0x08008e64                TIM_SetCounter
 .text.TIM_ARRPreloadConfig
                0x08008e80       0x40 ..\obj\stm32f4xx_tim.o
                0x08008e80                TIM_ARRPreloadConfig
 .text.TIM_Cmd  0x08008ec0       0x40 ..\obj\stm32f4xx_tim.o
                0x08008ec0                TIM_Cmd
 .text.TIM_OC1Init
                0x08008f00       0xf8 ..\obj\stm32f4xx_tim.o
                0x08008f00                TIM_OC1Init
 .text.TIM_OC2Init
                0x08008ff8      0x124 ..\obj\stm32f4xx_tim.o
                0x08008ff8                TIM_OC2Init
 .text.TIM_OCStructInit
                0x0800911c       0x54 ..\obj\stm32f4xx_tim.o
                0x0800911c                TIM_OCStructInit
 .text.TIM_OC1PreloadConfig
                0x08009170       0x38 ..\obj\stm32f4xx_tim.o
                0x08009170                TIM_OC1PreloadConfig
 .text.TIM_OC2PreloadConfig
                0x080091a8       0x40 ..\obj\stm32f4xx_tim.o
                0x080091a8                TIM_OC2PreloadConfig
 .text.TIM_ITConfig
                0x080091e8       0x48 ..\obj\stm32f4xx_tim.o
                0x080091e8                TIM_ITConfig
 .text.TIM_ClearITPendingBit
                0x08009230       0x24 ..\obj\stm32f4xx_tim.o
                0x08009230                TIM_ClearITPendingBit
 .text.NVIC_SystemReset
                0x08009254       0x28 ..\obj\power_detector.o
 .text.PVD_IRQHandler
                0x0800927c       0x20 ..\obj\power_detector.o
                0x0800927c                PVD_IRQHandler
 .text          0x0800929c       0x64 c:/stm32/arm_eabi/bin/../lib/gcc/arm-none-eabi/4.7.2/../../../../arm-none-eabi/lib/thumb2\libc.a(lib_a-memcmp.o)
                0x0800929c                memcmp
 .text          0x08009300      0x174 c:/stm32/arm_eabi/bin/../lib/gcc/arm-none-eabi/4.7.2/../../../../arm-none-eabi/lib/thumb2\libc.a(lib_a-memcpy.o)
                0x08009300                memcpy
 .text          0x08009474       0xcc c:/stm32/arm_eabi/bin/../lib/gcc/arm-none-eabi/4.7.2/../../../../arm-none-eabi/lib/thumb2\libc.a(lib_a-memset.o)
                0x08009474                memset
 .text          0x08009540       0x64 c:/stm32/arm_eabi/bin/../lib/gcc/arm-none-eabi/4.7.2/../../../../arm-none-eabi/lib/thumb2\libc.a(lib_a-strncpy.o)
                0x08009540                strncpy
 *(.init)
 *(.fini)
 *crtbegin.o(.ctors)
 *crtbegin?.o(.ctors)
 *(EXCLUDE_FILE(*crtend.o *crtend?.o) .ctors)
 *(SORT(.ctors.*))
 *(.ctors)
 *crtbegin.o(.dtors)
 *crtbegin?.o(.dtors)
 *(EXCLUDE_FILE(*crtend.o *crtend?.o) .dtors)
 *(SORT(.dtors.*))
 *(.dtors)
 *(.rodata*)
 .rodata        0x080095a4        0x8 ..\obj\protocol.o
 .rodata        0x080095ac        0x8 ..\obj\buzzer.o
 .rodata        0x080095b4       0x10 ..\obj\pwm.o
 .rodata        0x080095c4      0x200 ..\obj\mbcrc.o
 .rodata        0x080097c4       0x18 ..\obj\level_gage_test.o
 .rodata        0x080097dc       0x1c ..\obj\tasks.o
 .rodata        0x080097f8       0x98 ..\obj\usbd_desc.o
 .rodata        0x08009890        0xc ..\obj\keyboard.o
 .rodata        0x0800989c        0x4 ..\obj\adc.o
 .rodata        0x080098a0        0x8 ..\obj\portserial.o
 *(.eh_fram e*)

.glue_7         0x080098a8        0x0
 .glue_7        0x00000000        0x0 linker stubs

.glue_7t        0x080098a8        0x0
 .glue_7t       0x00000000        0x0 linker stubs

.vfp11_veneer   0x080098a8        0x0
 .vfp11_veneer  0x00000000        0x0 linker stubs

.v4_bx          0x080098a8        0x0
 .v4_bx         0x00000000        0x0 linker stubs

.iplt           0x080098a8        0x0
 .iplt          0x00000000        0x0 ..\obj\stm32f4xx_syscfg.o

.rel.dyn        0x080098a8        0x0
 .rel.iplt      0x00000000        0x0 ..\obj\stm32f4xx_syscfg.o

.ARM.extab
 *(.ARM.extab* .gnu.linkonce.armextab.*)
                0x080098a8                __exidx_start = .

.ARM.exidx
 *(.ARM.exidx* .gnu.linkonce.armexidx.*)
                0x080098a8                __exidx_end = .
                0x080098a8                __etext = .
                0x080098a8                _sidata = __etext

.data           0x20000000      0x1c4 load address 0x080098a8
                0x20000000                __data_start__ = .
                0x20000000                _sdata = __data_start__
 *(vtable)
 *(.data*)
 .data          0x20000000        0xc ..\obj\mbport.o
                0x20000000                usRegHoldingBuf
                0x20000004                REG_INPUT_START
                0x20000005                REG_HOLDING_START
                0x20000006                REG_INPUT_NREGS
                0x20000007                usRegInputStart
                0x20000008                usRegHoldingStart
 .data          0x2000000c       0x84 ..\obj\mb.o
 .data          0x20000090       0x1c ..\obj\usbd_usr.o
                0x20000090                USR_cb
 .data          0x200000ac        0x1 ..\obj\buzzer.o
                0x200000ac                buzzer_effect
 *fill*         0x200000ad        0x3 
 .data          0x200000b0       0x30 ..\obj\usbd_core.o
                0x200000b0                USBD_DCD_INT_cb
                0x200000dc                USBD_DCD_INT_fops
 .data          0x200000e0        0x4 ..\obj\tasks.o
 .data          0x200000e4       0x40 ..\obj\usbd_desc.o
                0x200000e4                USR_desc
                0x20000100                USBD_DeviceDesc
                0x20000114                USBD_DeviceQualifierDesc
                0x20000120                USBD_LangIDDesc
 .data          0x20000124       0x14 ..\obj\usbd_cdc_vcp.o
                0x20000124                VCP_fops
 .data          0x20000138       0x14 ..\obj\system_stm32f4xx.o
                0x20000138                SystemCoreClock
                0x2000013c                AHBPrescTable
 .data          0x2000014c        0x4 ..\obj\port.o
 .data          0x20000150       0x74 ..\obj\usbd_cdc_core.o
                0x20000150                usbd_cdc_CfgDesc
                0x20000198                USBD_CDC_cb
                0x200001c4                . = ALIGN (0x4)
                0x200001c4                PROVIDE (__preinit_array_start, .)
 *(.preinit_array)
                0x200001c4                PROVIDE (__preinit_array_end, .)
                0x200001c4                . = ALIGN (0x4)
                0x200001c4                PROVIDE (__init_array_start, .)
 *(SORT(.init_array.*))
 *(.init_array)
                0x200001c4                PROVIDE (__init_array_end, .)
                0x200001c4                . = ALIGN (0x4)
                0x200001c4                PROVIDE (__fini_array_start, .)
 *(SORT(.fini_array.*))
 *(.fini_array)
                0x200001c4                PROVIDE (__fini_array_end, .)
 *(.jcr*)
                0x200001c4                . = ALIGN (0x4)
                0x200001c4                __data_end__ = .
                0x200001c4                _edata = __data_end__

.igot.plt       0x200001c4        0x0 load address 0x08009a6c
 .igot.plt      0x00000000        0x0 ..\obj\stm32f4xx_syscfg.o

.bss            0x200001c8     0x36b8 load address 0x08009a70
                0x200001c8                . = ALIGN (0x4)
                0x200001c8                __bss_start__ = .
                0x200001c8                _sbss = __bss_start__
 *(.bss*)
 .bss           0x200001c8       0x44 ..\obj\mbport.o
                0x20000208                REG_HOLDING_NREGS
 .bss           0x2000020c       0x24 ..\obj\mb.o
 .bss           0x20000230        0x2 ..\obj\portevent.o
 *fill*         0x20000232        0x2 
 .bss           0x20000234       0x24 ..\obj\mbfuncother.o
 .bss           0x20000258      0x100 ..\obj\tasks.o
                0x20000258                pxCurrentTCB
 .bss           0x20000358        0xc ..\obj\mbrtu.o
 .bss           0x20000364       0x10 ..\obj\usbd_req.o
                0x20000364                USBD_ep_status
                0x20000368                USBD_default_cfg
                0x2000036c                USBD_cfg_status
 .bss           0x20000374        0x1 ..\obj\portserial.o
 *fill*         0x20000375        0x3 
 .bss           0x20000378       0x20 ..\obj\usbd_cdc_core.o
                0x2000037c                APP_Rx_ptr_in
                0x20000380                APP_Rx_ptr_out
                0x20000384                APP_Rx_length
                0x20000388                USB_Tx_State
 .bss           0x20000398     0x2408 ..\obj\heap_1.o
 *(COMMON)
 COMMON         0x200027a0       0x14 ..\obj\mb.o
                0x200027a0                pxMBFrameCBTransmitterEmpty
                0x200027a4                pxMBPortCBTimerExpired
                0x200027a8                pxMBFrameCBByteReceived
                0x200027ac                pxMBFrameCBTransmitFSMCur
                0x200027b0                pxMBFrameCBReceiveFSMCur
 COMMON         0x200027b4        0x4 ..\obj\buzzer.o
                0x200027b4                xBuzzer_Handle
 COMMON         0x200027b8        0x8 ..\obj\pwm.o
                0x200027b8                step_motor
 COMMON         0x200027c0      0x5f0 ..\obj\main.o
                0x200027c0                USB_OTG_dev
 COMMON         0x20002db0       0x24 ..\obj\level_gage_test.o
                0x20002db0                level_gage_test
 COMMON         0x20002dd4       0x50 ..\obj\watchdog.o
                0x20002dd4                task_watches
 COMMON         0x20002e24        0x8 ..\obj\keyboard.o
                0x20002e24                key_flags
                0x20002e28                xKeyQueue
 COMMON         0x20002e2c       0x88 ..\obj\usbd_cdc_vcp.o
                0x20002e2c                APP_Tx_Buffer
                0x20002eac                APP_tx_ptr_tail
                0x20002eb0                APP_tx_ptr_head
 COMMON         0x20002eb4      0x100 ..\obj\mbrtu.o
                0x20002eb4                ucRTUBuf
 COMMON         0x20002fb4        0xc ..\obj\adc.o
                0x20002fb4                adc_channels
                0x20002fbc                xADC_Mutex
 COMMON         0x20002fc0       0x32 ..\obj\usbd_req.o
                0x20002fc0                USBD_StrDesc
 *fill*         0x20002ff2        0x2 
 COMMON         0x20002ff4      0x88c ..\obj\usbd_cdc_core.o
                0x20002ff4                usbd_cdc_OtherCfgDesc
                0x20003038                USB_Rx_Buffer
                0x20003078                CmdBuff
                0x20003080                APP_Rx_Buffer
                0x20003880                . = ALIGN (0x4)
                0x20003880                __bss_end__ = .
                0x20003880                _ebss = __bss_end__

.heap           0x20003880        0x0
                0x20003880                __end__ = .
                0x20003880                _end = __end__
                0x20003880                end = __end__
 *(.heap*)
                0x20003880                __HeapLimit = .

.co_stack       0x20003880      0x800 load address 0x0800d128
                0x20003880                . = ALIGN (0x8)
 *(.co_stack .co_stack.*)
 .co_stack      0x20003880      0x800 ..\obj\startup_stm32f4xx.o
                0x20003880                pulStack
                0x20020000                __StackTop = (ORIGIN (ram) + 0x20000)
                0x2001f800                __StackLimit = (__StackTop - SIZEOF (.co_stack))
                0x20020000                PROVIDE (__stack, __StackTop)
                0x00000001                ASSERT ((__StackLimit >= __HeapLimit), region ram  overflowed with stack)
LOAD ..\obj\stm32f4xx_syscfg.o
LOAD ..\obj\usb_core.o
LOAD ..\obj\mbport.o
LOAD ..\obj\mb.o
LOAD ..\obj\protocol.o
LOAD ..\obj\mbfuncdisc.o
LOAD ..\obj\usbd_usr.o
LOAD ..\obj\portevent.o
LOAD ..\obj\buzzer.o
LOAD ..\obj\mbfuncother.o
LOAD ..\obj\stm32f4xx_usart.o
LOAD ..\obj\stm32f4xx_pwr.o
LOAD ..\obj\rtc.o
LOAD ..\obj\pwm.o
LOAD ..\obj\mbutils.o
LOAD ..\obj\startup_stm32f4xx.o
LOAD ..\obj\backup_sram.o
LOAD ..\obj\stm32f4xx_iwdg.o
LOAD ..\obj\mbfuncholding.o
LOAD ..\obj\usbd_core.o
LOAD ..\obj\main.o
LOAD ..\obj\mbcrc.o
LOAD ..\obj\stm32f4xx_rcc.o
LOAD ..\obj\level_gage_test.o
LOAD ..\obj\timers.o
LOAD ..\obj\stm32f4xx_adc.o
LOAD ..\obj\mbfuncinput.o
LOAD ..\obj\watchdog.o
LOAD ..\obj\mbfuncdiag.o
LOAD ..\obj\tasks.o
LOAD ..\obj\usbd_desc.o
LOAD ..\obj\keyboard.o
LOAD ..\obj\stm32f4xx_gpio.o
LOAD ..\obj\porttimer.o
LOAD ..\obj\usbd_cdc_vcp.o
LOAD ..\obj\list.o
LOAD ..\obj\mbrtu.o
LOAD ..\obj\system_stm32f4xx.o
LOAD ..\obj\syscalls.o
LOAD ..\obj\adc.o
LOAD ..\obj\usb_bsp.o
LOAD ..\obj\usbd_req.o
LOAD ..\obj\queue.o
LOAD ..\obj\port.o
LOAD ..\obj\usb_dcd_int.o
LOAD ..\obj\portserial.o
LOAD ..\obj\usbd_cdc_core.o
LOAD ..\obj\croutine.o
LOAD ..\obj\stm32f4xx_spi.o
LOAD ..\obj\mbfunccoils.o
LOAD ..\obj\stm32f4xx_exti.o
LOAD ..\obj\misc.o
LOAD ..\obj\usb_dcd.o
LOAD ..\obj\heap_1.o
LOAD ..\obj\stm32f4xx_rtc.o
LOAD ..\obj\usbd_ioreq.o
LOAD ..\obj\mbascii.o
LOAD ..\obj\stm32f4xx_tim.o
LOAD ..\obj\power_detector.o
START GROUP
LOAD c:/stm32/arm_eabi/bin/../lib/gcc/arm-none-eabi/4.7.2/thumb2\libgcc.a
LOAD c:/stm32/arm_eabi/bin/../lib/gcc/arm-none-eabi/4.7.2/../../../../arm-none-eabi/lib/thumb2\libc.a
END GROUP
OUTPUT(stm32f2_level_gage_test.elf elf32-littlearm)

.debug_info     0x00000000    0x19233
 .debug_info    0x00000000     0x2819 ..\obj\usb_core.o
 .debug_info    0x00002819      0x40c ..\obj\mbport.o
 .debug_info    0x00002c25      0x607 ..\obj\mb.o
 .debug_info    0x0000322c      0x211 ..\obj\protocol.o
 .debug_info    0x0000343d      0x1e8 ..\obj\mbfuncdisc.o
 .debug_info    0x00003625      0x1c3 ..\obj\usbd_usr.o
 .debug_info    0x000037e8      0x184 ..\obj\portevent.o
 .debug_info    0x0000396c      0x3f3 ..\obj\buzzer.o
 .debug_info    0x00003d5f      0x257 ..\obj\mbfuncother.o
 .debug_info    0x00003fb6      0x8b8 ..\obj\pwm.o
 .debug_info    0x0000486e      0x2c2 ..\obj\mbutils.o
 .debug_info    0x00004b30      0x103 ..\obj\startup_stm32f4xx.o
 .debug_info    0x00004c33      0x380 ..\obj\mbfuncholding.o
 .debug_info    0x00004fb3      0xff1 ..\obj\usbd_core.o
 .debug_info    0x00005fa4      0xce7 ..\obj\main.o
 .debug_info    0x00006c8b      0x160 ..\obj\mbcrc.o
 .debug_info    0x00006deb      0xd49 ..\obj\stm32f4xx_rcc.o
 .debug_info    0x00007b34      0x641 ..\obj\level_gage_test.o
 .debug_info    0x00008175      0xd14 ..\obj\stm32f4xx_adc.o
 .debug_info    0x00008e89      0x1da ..\obj\mbfuncinput.o
 .debug_info    0x00009063      0x187 ..\obj\watchdog.o
 .debug_info    0x000091ea      0xd90 ..\obj\tasks.o
 .debug_info    0x00009f7a      0x380 ..\obj\usbd_desc.o
 .debug_info    0x0000a2fa      0x437 ..\obj\keyboard.o
 .debug_info    0x0000a731      0x640 ..\obj\stm32f4xx_gpio.o
 .debug_info    0x0000ad71      0x6cb ..\obj\porttimer.o
 .debug_info    0x0000b43c      0x364 ..\obj\usbd_cdc_vcp.o
 .debug_info    0x0000b7a0      0x2b2 ..\obj\list.o
 .debug_info    0x0000ba52      0xf87 ..\obj\mbrtu.o
 .debug_info    0x0000c9d9      0x5c2 ..\obj\system_stm32f4xx.o
 .debug_info    0x0000cf9b      0x68b ..\obj\adc.o
 .debug_info    0x0000d626     0x112e ..\obj\usb_bsp.o
 .debug_info    0x0000e754     0x10fb ..\obj\usbd_req.o
 .debug_info    0x0000f84f      0x7d9 ..\obj\queue.o
 .debug_info    0x00010028      0x1e9 ..\obj\port.o
 .debug_info    0x00010211     0x2020 ..\obj\usb_dcd_int.o
 .debug_info    0x00012231      0xd94 ..\obj\portserial.o
 .debug_info    0x00012fc5     0x108a ..\obj\usbd_cdc_core.o
 .debug_info    0x0001404f      0x30f ..\obj\mbfunccoils.o
 .debug_info    0x0001435e      0x373 ..\obj\stm32f4xx_exti.o
 .debug_info    0x000146d1      0x592 ..\obj\misc.o
 .debug_info    0x00014c63     0x118a ..\obj\usb_dcd.o
 .debug_info    0x00015ded      0x191 ..\obj\heap_1.o
 .debug_info    0x00015f7e      0xde4 ..\obj\usbd_ioreq.o
 .debug_info    0x00016d62     0x1e7d ..\obj\stm32f4xx_tim.o
 .debug_info    0x00018bdf      0x654 ..\obj\power_detector.o

.debug_abbrev   0x00000000     0x3fcc
 .debug_abbrev  0x00000000      0x2bc ..\obj\usb_core.o
 .debug_abbrev  0x000002bc      0x14f ..\obj\mbport.o
 .debug_abbrev  0x0000040b      0x159 ..\obj\mb.o
 .debug_abbrev  0x00000564      0x106 ..\obj\protocol.o
 .debug_abbrev  0x0000066a       0xa8 ..\obj\mbfuncdisc.o
 .debug_abbrev  0x00000712       0xdf ..\obj\usbd_usr.o
 .debug_abbrev  0x000007f1       0xc2 ..\obj\portevent.o
 .debug_abbrev  0x000008b3      0x14d ..\obj\buzzer.o
 .debug_abbrev  0x00000a00       0xc1 ..\obj\mbfuncother.o
 .debug_abbrev  0x00000ac1      0x1b5 ..\obj\pwm.o
 .debug_abbrev  0x00000c76       0xd8 ..\obj\mbutils.o
 .debug_abbrev  0x00000d4e       0xb2 ..\obj\startup_stm32f4xx.o
 .debug_abbrev  0x00000e00       0xa8 ..\obj\mbfuncholding.o
 .debug_abbrev  0x00000ea8      0x1f2 ..\obj\usbd_core.o
 .debug_abbrev  0x0000109a      0x1dd ..\obj\main.o
 .debug_abbrev  0x00001277       0xab ..\obj\mbcrc.o
 .debug_abbrev  0x00001322      0x1e5 ..\obj\stm32f4xx_rcc.o
 .debug_abbrev  0x00001507      0x167 ..\obj\level_gage_test.o
 .debug_abbrev  0x0000166e      0x198 ..\obj\stm32f4xx_adc.o
 .debug_abbrev  0x00001806       0xa8 ..\obj\mbfuncinput.o
 .debug_abbrev  0x000018ae      0x115 ..\obj\watchdog.o
 .debug_abbrev  0x000019c3      0x1e2 ..\obj\tasks.o
 .debug_abbrev  0x00001ba5      0x12e ..\obj\usbd_desc.o
 .debug_abbrev  0x00001cd3      0x165 ..\obj\keyboard.o
 .debug_abbrev  0x00001e38      0x1a5 ..\obj\stm32f4xx_gpio.o
 .debug_abbrev  0x00001fdd      0x13d ..\obj\porttimer.o
 .debug_abbrev  0x0000211a      0x14c ..\obj\usbd_cdc_vcp.o
 .debug_abbrev  0x00002266       0xbc ..\obj\list.o
 .debug_abbrev  0x00002322      0x1b4 ..\obj\mbrtu.o
 .debug_abbrev  0x000024d6      0x138 ..\obj\system_stm32f4xx.o
 .debug_abbrev  0x0000260e      0x17f ..\obj\adc.o
 .debug_abbrev  0x0000278d      0x1fe ..\obj\usb_bsp.o
 .debug_abbrev  0x0000298b      0x268 ..\obj\usbd_req.o
 .debug_abbrev  0x00002bf3      0x134 ..\obj\queue.o
 .debug_abbrev  0x00002d27      0x132 ..\obj\port.o
 .debug_abbrev  0x00002e59      0x230 ..\obj\usb_dcd_int.o
 .debug_abbrev  0x00003089      0x1ea ..\obj\portserial.o
 .debug_abbrev  0x00003273      0x204 ..\obj\usbd_cdc_core.o
 .debug_abbrev  0x00003477       0xba ..\obj\mbfunccoils.o
 .debug_abbrev  0x00003531      0x1a7 ..\obj\stm32f4xx_exti.o
 .debug_abbrev  0x000036d8      0x129 ..\obj\misc.o
 .debug_abbrev  0x00003801      0x22e ..\obj\usb_dcd.o
 .debug_abbrev  0x00003a2f      0x122 ..\obj\heap_1.o
 .debug_abbrev  0x00003b51      0x184 ..\obj\usbd_ioreq.o
 .debug_abbrev  0x00003cd5      0x189 ..\obj\stm32f4xx_tim.o
 .debug_abbrev  0x00003e5e      0x16e ..\obj\power_detector.o

.debug_loc      0x00000000     0x6776
 .debug_loc     0x00000000      0x7e0 ..\obj\usb_core.o
 .debug_loc     0x000007e0      0x138 ..\obj\mbport.o
 .debug_loc     0x00000918      0x150 ..\obj\mb.o
 .debug_loc     0x00000a68       0x70 ..\obj\protocol.o
 .debug_loc     0x00000ad8       0x38 ..\obj\mbfuncdisc.o
 .debug_loc     0x00000b10       0xe8 ..\obj\usbd_usr.o
 .debug_loc     0x00000bf8       0x9c ..\obj\portevent.o
 .debug_loc     0x00000c94       0xa8 ..\obj\buzzer.o
 .debug_loc     0x00000d3c       0x70 ..\obj\mbfuncother.o
 .debug_loc     0x00000dac      0x1f5 ..\obj\pwm.o
 .debug_loc     0x00000fa1       0xa8 ..\obj\mbutils.o
 .debug_loc     0x00001049       0x64 ..\obj\startup_stm32f4xx.o
 .debug_loc     0x000010ad       0xe0 ..\obj\mbfuncholding.o
 .debug_loc     0x0000118d      0x2d8 ..\obj\usbd_core.o
 .debug_loc     0x00001465      0x10c ..\obj\main.o
 .debug_loc     0x00001571       0x38 ..\obj\mbcrc.o
 .debug_loc     0x000015a9      0x97c ..\obj\stm32f4xx_rcc.o
 .debug_loc     0x00001f25       0x70 ..\obj\level_gage_test.o
 .debug_loc     0x00001f95      0x838 ..\obj\stm32f4xx_adc.o
 .debug_loc     0x000027cd       0x38 ..\obj\mbfuncinput.o
 .debug_loc     0x00002805       0x70 ..\obj\watchdog.o
 .debug_loc     0x00002875      0x708 ..\obj\tasks.o
 .debug_loc     0x00002f7d      0x188 ..\obj\usbd_desc.o
 .debug_loc     0x00003105       0x70 ..\obj\keyboard.o
 .debug_loc     0x00003175      0x310 ..\obj\stm32f4xx_gpio.o
 .debug_loc     0x00003485       0xbc ..\obj\porttimer.o
 .debug_loc     0x00003541      0x138 ..\obj\usbd_cdc_vcp.o
 .debug_loc     0x00003679      0x118 ..\obj\list.o
 .debug_loc     0x00003791      0x1a8 ..\obj\mbrtu.o
 .debug_loc     0x00003939       0x9c ..\obj\system_stm32f4xx.o
 .debug_loc     0x000039d5       0x71 ..\obj\adc.o
 .debug_loc     0x00003a46      0x138 ..\obj\usb_bsp.o
 .debug_loc     0x00003b7e      0x310 ..\obj\usbd_req.o
 .debug_loc     0x00003e8e      0x3b8 ..\obj\queue.o
 .debug_loc     0x00004246      0x178 ..\obj\port.o
 .debug_loc     0x000043be      0x2d8 ..\obj\usb_dcd_int.o
 .debug_loc     0x00004696      0x170 ..\obj\portserial.o
 .debug_loc     0x00004806      0x224 ..\obj\usbd_cdc_core.o
 .debug_loc     0x00004a2a       0xa8 ..\obj\mbfunccoils.o
 .debug_loc     0x00004ad2      0x1b4 ..\obj\stm32f4xx_exti.o
 .debug_loc     0x00004c86      0x118 ..\obj\misc.o
 .debug_loc     0x00004d9e      0x2d8 ..\obj\usb_dcd.o
 .debug_loc     0x00005076       0xc8 ..\obj\heap_1.o
 .debug_loc     0x0000513e      0x188 ..\obj\usbd_ioreq.o
 .debug_loc     0x000052c6     0x1420 ..\obj\stm32f4xx_tim.o
 .debug_loc     0x000066e6       0x90 ..\obj\power_detector.o

.debug_aranges  0x00000000     0x1380
 .debug_aranges
                0x00000000      0x138 ..\obj\usb_core.o
 .debug_aranges
                0x00000138       0x48 ..\obj\mbport.o
 .debug_aranges
                0x00000180       0x48 ..\obj\mb.o
 .debug_aranges
                0x000001c8       0x28 ..\obj\protocol.o
 .debug_aranges
                0x000001f0       0x20 ..\obj\mbfuncdisc.o
 .debug_aranges
                0x00000210       0x40 ..\obj\usbd_usr.o
 .debug_aranges
                0x00000250       0x30 ..\obj\portevent.o
 .debug_aranges
                0x00000280       0x30 ..\obj\buzzer.o
 .debug_aranges
                0x000002b0       0x28 ..\obj\mbfuncother.o
 .debug_aranges
                0x000002d8       0x68 ..\obj\pwm.o
 .debug_aranges
                0x00000340       0x30 ..\obj\mbutils.o
 .debug_aranges
                0x00000370       0x28 ..\obj\startup_stm32f4xx.o
 .debug_aranges
                0x00000398       0x38 ..\obj\mbfuncholding.o
 .debug_aranges
                0x000003d0       0x80 ..\obj\usbd_core.o
 .debug_aranges
                0x00000450       0x40 ..\obj\main.o
 .debug_aranges
                0x00000490       0x20 ..\obj\mbcrc.o
 .debug_aranges
                0x000004b0      0x178 ..\obj\stm32f4xx_rcc.o
 .debug_aranges
                0x00000628       0x28 ..\obj\level_gage_test.o
 .debug_aranges
                0x00000650      0x148 ..\obj\stm32f4xx_adc.o
 .debug_aranges
                0x00000798       0x20 ..\obj\mbfuncinput.o
 .debug_aranges
                0x000007b8       0x28 ..\obj\watchdog.o
 .debug_aranges
                0x000007e0      0x120 ..\obj\tasks.o
 .debug_aranges
                0x00000900       0x50 ..\obj\usbd_desc.o
 .debug_aranges
                0x00000950       0x28 ..\obj\keyboard.o
 .debug_aranges
                0x00000978       0x88 ..\obj\stm32f4xx_gpio.o
 .debug_aranges
                0x00000a00       0x38 ..\obj\porttimer.o
 .debug_aranges
                0x00000a38       0x48 ..\obj\usbd_cdc_vcp.o
 .debug_aranges
                0x00000a80       0x40 ..\obj\list.o
 .debug_aranges
                0x00000ac0       0x58 ..\obj\mbrtu.o
 .debug_aranges
                0x00000b18       0x30 ..\obj\system_stm32f4xx.o
 .debug_aranges
                0x00000b48       0x28 ..\obj\adc.o
 .debug_aranges
                0x00000b70       0x48 ..\obj\usb_bsp.o
 .debug_aranges
                0x00000bb8       0x88 ..\obj\usbd_req.o
 .debug_aranges
                0x00000c40       0xa0 ..\obj\queue.o
 .debug_aranges
                0x00000ce0       0x70 ..\obj\port.o
 .debug_aranges
                0x00000d50       0x80 ..\obj\usb_dcd_int.o
 .debug_aranges
                0x00000dd0       0x50 ..\obj\portserial.o
 .debug_aranges
                0x00000e20       0x68 ..\obj\usbd_cdc_core.o
 .debug_aranges
                0x00000e88       0x30 ..\obj\mbfunccoils.o
 .debug_aranges
                0x00000eb8       0x58 ..\obj\stm32f4xx_exti.o
 .debug_aranges
                0x00000f10       0x40 ..\obj\misc.o
 .debug_aranges
                0x00000f50       0x80 ..\obj\usb_dcd.o
 .debug_aranges
                0x00000fd0       0x38 ..\obj\heap_1.o
 .debug_aranges
                0x00001008       0x50 ..\obj\usbd_ioreq.o
 .debug_aranges
                0x00001058      0x2f8 ..\obj\stm32f4xx_tim.o
 .debug_aranges
                0x00001350       0x30 ..\obj\power_detector.o

.debug_ranges   0x00000000     0x10a0
 .debug_ranges  0x00000000      0x128 ..\obj\usb_core.o
 .debug_ranges  0x00000128       0x38 ..\obj\mbport.o
 .debug_ranges  0x00000160       0x38 ..\obj\mb.o
 .debug_ranges  0x00000198       0x18 ..\obj\protocol.o
 .debug_ranges  0x000001b0       0x10 ..\obj\mbfuncdisc.o
 .debug_ranges  0x000001c0       0x30 ..\obj\usbd_usr.o
 .debug_ranges  0x000001f0       0x20 ..\obj\portevent.o
 .debug_ranges  0x00000210       0x20 ..\obj\buzzer.o
 .debug_ranges  0x00000230       0x18 ..\obj\mbfuncother.o
 .debug_ranges  0x00000248       0x58 ..\obj\pwm.o
 .debug_ranges  0x000002a0       0x20 ..\obj\mbutils.o
 .debug_ranges  0x000002c0       0x18 ..\obj\startup_stm32f4xx.o
 .debug_ranges  0x000002d8       0x28 ..\obj\mbfuncholding.o
 .debug_ranges  0x00000300       0x70 ..\obj\usbd_core.o
 .debug_ranges  0x00000370       0x30 ..\obj\main.o
 .debug_ranges  0x000003a0       0x10 ..\obj\mbcrc.o
 .debug_ranges  0x000003b0      0x168 ..\obj\stm32f4xx_rcc.o
 .debug_ranges  0x00000518       0x18 ..\obj\level_gage_test.o
 .debug_ranges  0x00000530      0x138 ..\obj\stm32f4xx_adc.o
 .debug_ranges  0x00000668       0x10 ..\obj\mbfuncinput.o
 .debug_ranges  0x00000678       0x18 ..\obj\watchdog.o
 .debug_ranges  0x00000690      0x110 ..\obj\tasks.o
 .debug_ranges  0x000007a0       0x40 ..\obj\usbd_desc.o
 .debug_ranges  0x000007e0       0x18 ..\obj\keyboard.o
 .debug_ranges  0x000007f8       0x78 ..\obj\stm32f4xx_gpio.o
 .debug_ranges  0x00000870       0x28 ..\obj\porttimer.o
 .debug_ranges  0x00000898       0x38 ..\obj\usbd_cdc_vcp.o
 .debug_ranges  0x000008d0       0x30 ..\obj\list.o
 .debug_ranges  0x00000900       0x48 ..\obj\mbrtu.o
 .debug_ranges  0x00000948       0x20 ..\obj\system_stm32f4xx.o
 .debug_ranges  0x00000968       0x18 ..\obj\adc.o
 .debug_ranges  0x00000980       0x38 ..\obj\usb_bsp.o
 .debug_ranges  0x000009b8       0x78 ..\obj\usbd_req.o
 .debug_ranges  0x00000a30       0x90 ..\obj\queue.o
 .debug_ranges  0x00000ac0       0x60 ..\obj\port.o
 .debug_ranges  0x00000b20       0x70 ..\obj\usb_dcd_int.o
 .debug_ranges  0x00000b90       0x40 ..\obj\portserial.o
 .debug_ranges  0x00000bd0       0x58 ..\obj\usbd_cdc_core.o
 .debug_ranges  0x00000c28       0x20 ..\obj\mbfunccoils.o
 .debug_ranges  0x00000c48       0x48 ..\obj\stm32f4xx_exti.o
 .debug_ranges  0x00000c90       0x30 ..\obj\misc.o
 .debug_ranges  0x00000cc0       0x70 ..\obj\usb_dcd.o
 .debug_ranges  0x00000d30       0x28 ..\obj\heap_1.o
 .debug_ranges  0x00000d58       0x40 ..\obj\usbd_ioreq.o
 .debug_ranges  0x00000d98      0x2e8 ..\obj\stm32f4xx_tim.o
 .debug_ranges  0x00001080       0x20 ..\obj\power_detector.o

.debug_line     0x00000000     0x89f5
 .debug_line    0x00000000      0x681 ..\obj\usb_core.o
 .debug_line    0x00000681      0x37c ..\obj\mbport.o
 .debug_line    0x000009fd      0x2f6 ..\obj\mb.o
 .debug_line    0x00000cf3      0x261 ..\obj\protocol.o
 .debug_line    0x00000f54      0x20c ..\obj\mbfuncdisc.o
 .debug_line    0x00001160      0x180 ..\obj\usbd_usr.o
 .debug_line    0x000012e0      0x1bc ..\obj\portevent.o
 .debug_line    0x0000149c      0x2a2 ..\obj\buzzer.o
 .debug_line    0x0000173e      0x262 ..\obj\mbfuncother.o
 .debug_line    0x000019a0      0x441 ..\obj\pwm.o
 .debug_line    0x00001de1      0x26c ..\obj\mbutils.o
 .debug_line    0x0000204d       0xb2 ..\obj\startup_stm32f4xx.o
 .debug_line    0x000020ff      0x29a ..\obj\mbfuncholding.o
 .debug_line    0x00002399      0x2d4 ..\obj\usbd_core.o
 .debug_line    0x0000266d      0x2c2 ..\obj\main.o
 .debug_line    0x0000292f      0x18a ..\obj\mbcrc.o
 .debug_line    0x00002ab9      0x587 ..\obj\stm32f4xx_rcc.o
 .debug_line    0x00003040      0x38d ..\obj\level_gage_test.o
 .debug_line    0x000033cd      0x544 ..\obj\stm32f4xx_adc.o
 .debug_line    0x00003911      0x202 ..\obj\mbfuncinput.o
 .debug_line    0x00003b13      0x18b ..\obj\watchdog.o
 .debug_line    0x00003c9e      0x79b ..\obj\tasks.o
 .debug_line    0x00004439      0x1c6 ..\obj\usbd_desc.o
 .debug_line    0x000045ff      0x311 ..\obj\keyboard.o
 .debug_line    0x00004910      0x32f ..\obj\stm32f4xx_gpio.o
 .debug_line    0x00004c3f      0x2b2 ..\obj\porttimer.o
 .debug_line    0x00004ef1      0x1dc ..\obj\usbd_cdc_vcp.o
 .debug_line    0x000050cd      0x1ca ..\obj\list.o
 .debug_line    0x00005297      0x30e ..\obj\mbrtu.o
 .debug_line    0x000055a5      0x1b3 ..\obj\system_stm32f4xx.o
 .debug_line    0x00005758      0x360 ..\obj\adc.o
 .debug_line    0x00005ab8      0x285 ..\obj\usb_bsp.o
 .debug_line    0x00005d3d      0x393 ..\obj\usbd_req.o
 .debug_line    0x000060d0      0x50f ..\obj\queue.o
 .debug_line    0x000065df      0x1d5 ..\obj\port.o
 .debug_line    0x000067b4      0x37f ..\obj\usb_dcd_int.o
 .debug_line    0x00006b33      0x265 ..\obj\portserial.o
 .debug_line    0x00006d98      0x26b ..\obj\usbd_cdc_core.o
 .debug_line    0x00007003      0x272 ..\obj\mbfunccoils.o
 .debug_line    0x00007275      0x295 ..\obj\stm32f4xx_exti.o
 .debug_line    0x0000750a      0x235 ..\obj\misc.o
 .debug_line    0x0000773f      0x2f2 ..\obj\usb_dcd.o
 .debug_line    0x00007a31      0x12d ..\obj\heap_1.o
 .debug_line    0x00007b5e      0x1dc ..\obj\usbd_ioreq.o
 .debug_line    0x00007d3a      0xa69 ..\obj\stm32f4xx_tim.o
 .debug_line    0x000087a3      0x252 ..\obj\power_detector.o

.debug_str      0x00000000     0x6ea1
 .debug_str     0x00000000     0x12d4 ..\obj\usb_core.o
                               0x15fd (size before relaxing)
 .debug_str     0x000012d4      0x26e ..\obj\mbport.o
                                0x37b (size before relaxing)
 .debug_str     0x00001542      0x3fa ..\obj\mb.o
                                0x574 (size before relaxing)
 .debug_str     0x0000193c      0x13c ..\obj\protocol.o
                                0x296 (size before relaxing)
 .debug_str     0x00001a78       0xbb ..\obj\mbfuncdisc.o
                                0x2dc (size before relaxing)
 .debug_str     0x00001b33       0xbf ..\obj\usbd_usr.o
                                0x201 (size before relaxing)
 .debug_str     0x00001bf2       0xad ..\obj\portevent.o
                                0x1b5 (size before relaxing)
 .debug_str     0x00001c9f      0x285 ..\obj\buzzer.o
                                0x425 (size before relaxing)
 .debug_str     0x00001f24       0xd0 ..\obj\mbfuncother.o
                                0x30d (size before relaxing)
 .debug_str     0x00001ff4      0x42c ..\obj\pwm.o
                                0x7f8 (size before relaxing)
 .debug_str     0x00002420       0xf1 ..\obj\mbutils.o
                                0x319 (size before relaxing)
 .debug_str     0x00002511       0xc1 ..\obj\startup_stm32f4xx.o
                                 0xe8 (size before relaxing)
 .debug_str     0x000025d2      0x14d ..\obj\mbfuncholding.o
                                0x3ba (size before relaxing)
 .debug_str     0x0000271f      0x199 ..\obj\usbd_core.o
                                0xa42 (size before relaxing)
 .debug_str     0x000028b8       0xfe ..\obj\main.o
                                0x976 (size before relaxing)
 .debug_str     0x000029b6       0x6f ..\obj\mbcrc.o
                                0x157 (size before relaxing)
 .debug_str     0x00002a25      0x66a ..\obj\stm32f4xx_rcc.o
                                0x7c7 (size before relaxing)
 .debug_str     0x0000308f      0x205 ..\obj\level_gage_test.o
                                0x7b2 (size before relaxing)
 .debug_str     0x00003294      0x64b ..\obj\stm32f4xx_adc.o
                                0x77b (size before relaxing)
 .debug_str     0x000038df       0x71 ..\obj\mbfuncinput.o
                                0x2d0 (size before relaxing)
 .debug_str     0x00003950       0x78 ..\obj\watchdog.o
                                0x18f (size before relaxing)
 .debug_str     0x000039c8      0x775 ..\obj\tasks.o
                                0x8e3 (size before relaxing)
 .debug_str     0x0000413d      0x164 ..\obj\usbd_desc.o
                                0x304 (size before relaxing)
 .debug_str     0x000042a1       0x9d ..\obj\keyboard.o
                                0x45d (size before relaxing)
 .debug_str     0x0000433e      0x1a2 ..\obj\stm32f4xx_gpio.o
                                0x41a (size before relaxing)
 .debug_str     0x000044e0      0x665 ..\obj\porttimer.o
                                0x8c2 (size before relaxing)
 .debug_str     0x00004b45      0x13f ..\obj\usbd_cdc_vcp.o
                                0x22b (size before relaxing)
 .debug_str     0x00004c84       0xe9 ..\obj\list.o
                                0x225 (size before relaxing)
 .debug_str     0x00004d6d      0x1d2 ..\obj\mbrtu.o
                                0xb2c (size before relaxing)
 .debug_str     0x00004f3f      0x10d ..\obj\system_stm32f4xx.o
                                0x315 (size before relaxing)
 .debug_str     0x0000504c       0xc5 ..\obj\adc.o
                                0x653 (size before relaxing)
 .debug_str     0x00005111       0xd6 ..\obj\usb_bsp.o
                               0x1049 (size before relaxing)
 .debug_str     0x000051e7      0x17f ..\obj\usbd_req.o
                                0xa6d (size before relaxing)
 .debug_str     0x00005366      0x30e ..\obj\queue.o
                                0x4d3 (size before relaxing)
 .debug_str     0x00005674      0x162 ..\obj\port.o
                                0x1f1 (size before relaxing)
 .debug_str     0x000057d6      0x295 ..\obj\usb_dcd_int.o
                               0x11fb (size before relaxing)
 .debug_str     0x00005a6b      0x107 ..\obj\portserial.o
                                0x9d5 (size before relaxing)
 .debug_str     0x00005b72      0x1b5 ..\obj\usbd_cdc_core.o
                                0xabd (size before relaxing)
 .debug_str     0x00005d27       0xce ..\obj\mbfunccoils.o
                                0x344 (size before relaxing)
 .debug_str     0x00005df5      0x1de ..\obj\stm32f4xx_exti.o
                                0x2e5 (size before relaxing)
 .debug_str     0x00005fd3      0x16b ..\obj\misc.o
                                0x350 (size before relaxing)
 .debug_str     0x0000613e      0x11b ..\obj\usb_dcd.o
                                0xa9d (size before relaxing)
 .debug_str     0x00006259       0xed ..\obj\heap_1.o
                                0x1b6 (size before relaxing)
 .debug_str     0x00006346       0xd5 ..\obj\usbd_ioreq.o
                                0x92c (size before relaxing)
 .debug_str     0x0000641b      0x9e7 ..\obj\stm32f4xx_tim.o
                                0xd47 (size before relaxing)
 .debug_str     0x00006e02       0x9f ..\obj\power_detector.o
                                0x83d (size before relaxing)

.comment        0x00000000       0x30
 .comment       0x00000000       0x30 ..\obj\usb_core.o
                                 0x31 (size before relaxing)
 .comment       0x00000000       0x31 ..\obj\mbport.o
 .comment       0x00000000       0x31 ..\obj\mb.o
 .comment       0x00000000       0x31 ..\obj\protocol.o
 .comment       0x00000000       0x31 ..\obj\mbfuncdisc.o
 .comment       0x00000000       0x31 ..\obj\usbd_usr.o
 .comment       0x00000000       0x31 ..\obj\portevent.o
 .comment       0x00000000       0x31 ..\obj\buzzer.o
 .comment       0x00000000       0x31 ..\obj\mbfuncother.o
 .comment       0x00000000       0x31 ..\obj\pwm.o
 .comment       0x00000000       0x31 ..\obj\mbutils.o
 .comment       0x00000000       0x31 ..\obj\startup_stm32f4xx.o
 .comment       0x00000000       0x31 ..\obj\mbfuncholding.o
 .comment       0x00000000       0x31 ..\obj\usbd_core.o
 .comment       0x00000000       0x31 ..\obj\main.o
 .comment       0x00000000       0x31 ..\obj\mbcrc.o
 .comment       0x00000000       0x31 ..\obj\stm32f4xx_rcc.o
 .comment       0x00000000       0x31 ..\obj\level_gage_test.o
 .comment       0x00000000       0x31 ..\obj\stm32f4xx_adc.o
 .comment       0x00000000       0x31 ..\obj\mbfuncinput.o
 .comment       0x00000000       0x31 ..\obj\watchdog.o
 .comment       0x00000000       0x31 ..\obj\tasks.o
 .comment       0x00000000       0x31 ..\obj\usbd_desc.o
 .comment       0x00000000       0x31 ..\obj\keyboard.o
 .comment       0x00000000       0x31 ..\obj\stm32f4xx_gpio.o
 .comment       0x00000000       0x31 ..\obj\porttimer.o
 .comment       0x00000000       0x31 ..\obj\usbd_cdc_vcp.o
 .comment       0x00000000       0x31 ..\obj\list.o
 .comment       0x00000000       0x31 ..\obj\mbrtu.o
 .comment       0x00000000       0x31 ..\obj\system_stm32f4xx.o
 .comment       0x00000000       0x31 ..\obj\adc.o
 .comment       0x00000000       0x31 ..\obj\usb_bsp.o
 .comment       0x00000000       0x31 ..\obj\usbd_req.o
 .comment       0x00000000       0x31 ..\obj\queue.o
 .comment       0x00000000       0x31 ..\obj\port.o
 .comment       0x00000000       0x31 ..\obj\usb_dcd_int.o
 .comment       0x00000000       0x31 ..\obj\portserial.o
 .comment       0x00000000       0x31 ..\obj\usbd_cdc_core.o
 .comment       0x00000000       0x31 ..\obj\mbfunccoils.o
 .comment       0x00000000       0x31 ..\obj\stm32f4xx_exti.o
 .comment       0x00000000       0x31 ..\obj\misc.o
 .comment       0x00000000       0x31 ..\obj\usb_dcd.o
 .comment       0x00000000       0x31 ..\obj\heap_1.o
 .comment       0x00000000       0x31 ..\obj\usbd_ioreq.o
 .comment       0x00000000       0x31 ..\obj\stm32f4xx_tim.o
 .comment       0x00000000       0x31 ..\obj\power_detector.o

.ARM.attributes
                0x00000000       0x33
 .ARM.attributes
                0x00000000       0x33 ..\obj\usb_core.o
 .ARM.attributes
                0x00000033       0x33 ..\obj\mbport.o
 .ARM.attributes
                0x00000066       0x33 ..\obj\mb.o
 .ARM.attributes
                0x00000099       0x33 ..\obj\protocol.o
 .ARM.attributes
                0x000000cc       0x33 ..\obj\mbfuncdisc.o
 .ARM.attributes
                0x000000ff       0x33 ..\obj\usbd_usr.o
 .ARM.attributes
                0x00000132       0x33 ..\obj\portevent.o
 .ARM.attributes
                0x00000165       0x33 ..\obj\buzzer.o
 .ARM.attributes
                0x00000198       0x33 ..\obj\mbfuncother.o
 .ARM.attributes
                0x000001cb       0x33 ..\obj\pwm.o
 .ARM.attributes
                0x000001fe       0x33 ..\obj\mbutils.o
 .ARM.attributes
                0x00000231       0x33 ..\obj\startup_stm32f4xx.o
 .ARM.attributes
                0x00000264       0x33 ..\obj\mbfuncholding.o
 .ARM.attributes
                0x00000297       0x33 ..\obj\usbd_core.o
 .ARM.attributes
                0x000002ca       0x33 ..\obj\main.o
 .ARM.attributes
                0x000002fd       0x33 ..\obj\mbcrc.o
 .ARM.attributes
                0x00000330       0x33 ..\obj\stm32f4xx_rcc.o
 .ARM.attributes
                0x00000363       0x33 ..\obj\level_gage_test.o
 .ARM.attributes
                0x00000396       0x33 ..\obj\stm32f4xx_adc.o
 .ARM.attributes
                0x000003c9       0x33 ..\obj\mbfuncinput.o
 .ARM.attributes
                0x000003fc       0x33 ..\obj\watchdog.o
 .ARM.attributes
                0x0000042f       0x33 ..\obj\tasks.o
 .ARM.attributes
                0x00000462       0x33 ..\obj\usbd_desc.o
 .ARM.attributes
                0x00000495       0x33 ..\obj\keyboard.o
 .ARM.attributes
                0x000004c8       0x33 ..\obj\stm32f4xx_gpio.o
 .ARM.attributes
                0x000004fb       0x33 ..\obj\porttimer.o
 .ARM.attributes
                0x0000052e       0x33 ..\obj\usbd_cdc_vcp.o
 .ARM.attributes
                0x00000561       0x33 ..\obj\list.o
 .ARM.attributes
                0x00000594       0x33 ..\obj\mbrtu.o
 .ARM.attributes
                0x000005c7       0x33 ..\obj\system_stm32f4xx.o
 .ARM.attributes
                0x000005fa       0x33 ..\obj\adc.o
 .ARM.attributes
                0x0000062d       0x33 ..\obj\usb_bsp.o
 .ARM.attributes
                0x00000660       0x33 ..\obj\usbd_req.o
 .ARM.attributes
                0x00000693       0x33 ..\obj\queue.o
 .ARM.attributes
                0x000006c6       0x33 ..\obj\port.o
 .ARM.attributes
                0x000006f9       0x33 ..\obj\usb_dcd_int.o
 .ARM.attributes
                0x0000072c       0x33 ..\obj\portserial.o
 .ARM.attributes
                0x0000075f       0x33 ..\obj\usbd_cdc_core.o
 .ARM.attributes
                0x00000792       0x33 ..\obj\mbfunccoils.o
 .ARM.attributes
                0x000007c5       0x33 ..\obj\stm32f4xx_exti.o
 .ARM.attributes
                0x000007f8       0x33 ..\obj\misc.o
 .ARM.attributes
                0x0000082b       0x33 ..\obj\usb_dcd.o
 .ARM.attributes
                0x0000085e       0x33 ..\obj\heap_1.o
 .ARM.attributes
                0x00000891       0x33 ..\obj\usbd_ioreq.o
 .ARM.attributes
                0x000008c4       0x33 ..\obj\stm32f4xx_tim.o
 .ARM.attributes
                0x000008f7       0x33 ..\obj\power_detector.o
 .ARM.attributes
                0x0000092a       0x29 c:/stm32/arm_eabi/bin/../lib/gcc/arm-none-eabi/4.7.2/../../../../arm-none-eabi/lib/thumb2\libc.a(lib_a-memcmp.o)
 .ARM.attributes
                0x00000953       0x29 c:/stm32/arm_eabi/bin/../lib/gcc/arm-none-eabi/4.7.2/../../../../arm-none-eabi/lib/thumb2\libc.a(lib_a-memcpy.o)
 .ARM.attributes
                0x0000097c       0x29 c:/stm32/arm_eabi/bin/../lib/gcc/arm-none-eabi/4.7.2/../../../../arm-none-eabi/lib/thumb2\libc.a(lib_a-memset.o)
 .ARM.attributes
                0x000009a5       0x29 c:/stm32/arm_eabi/bin/../lib/gcc/arm-none-eabi/4.7.2/../../../../arm-none-eabi/lib/thumb2\libc.a(lib_a-strncpy.o)

.debug_frame    0x00000000     0x3af8
 .debug_frame   0x00000000      0x434 ..\obj\usb_core.o
 .debug_frame   0x00000434       0xb4 ..\obj\mbport.o
 .debug_frame   0x000004e8       0xd0 ..\obj\mb.o
 .debug_frame   0x000005b8       0x50 ..\obj\protocol.o
 .debug_frame   0x00000608       0x30 ..\obj\mbfuncdisc.o
 .debug_frame   0x00000638       0x8c ..\obj\usbd_usr.o
 .debug_frame   0x000006c4       0x60 ..\obj\portevent.o
 .debug_frame   0x00000724       0x70 ..\obj\buzzer.o
 .debug_frame   0x00000794       0x50 ..\obj\mbfuncother.o
 .debug_frame   0x000007e4      0x124 ..\obj\pwm.o
 .debug_frame   0x00000908       0x68 ..\obj\mbutils.o
 .debug_frame   0x00000970       0x48 ..\obj\startup_stm32f4xx.o
 .debug_frame   0x000009b8       0x90 ..\obj\mbfuncholding.o
 .debug_frame   0x00000a48      0x1ac ..\obj\usbd_core.o
 .debug_frame   0x00000bf4       0xa0 ..\obj\main.o
 .debug_frame   0x00000c94       0x2c ..\obj\mbcrc.o
 .debug_frame   0x00000cc0      0x4d8 ..\obj\stm32f4xx_rcc.o
 .debug_frame   0x00001198       0x50 ..\obj\level_gage_test.o
 .debug_frame   0x000011e8      0x434 ..\obj\stm32f4xx_adc.o
 .debug_frame   0x0000161c       0x30 ..\obj\mbfuncinput.o
 .debug_frame   0x0000164c       0x50 ..\obj\watchdog.o
 .debug_frame   0x0000169c      0x404 ..\obj\tasks.o
 .debug_frame   0x00001aa0       0xe8 ..\obj\usbd_desc.o
 .debug_frame   0x00001b88       0x50 ..\obj\keyboard.o
 .debug_frame   0x00001bd8      0x19c ..\obj\stm32f4xx_gpio.o
 .debug_frame   0x00001d74       0x84 ..\obj\porttimer.o
 .debug_frame   0x00001df8       0xb0 ..\obj\usbd_cdc_vcp.o
 .debug_frame   0x00001ea8       0x9c ..\obj\list.o
 .debug_frame   0x00001f44      0x108 ..\obj\mbrtu.o
 .debug_frame   0x0000204c       0x64 ..\obj\system_stm32f4xx.o
 .debug_frame   0x000020b0       0x50 ..\obj\adc.o
 .debug_frame   0x00002100       0xc4 ..\obj\usb_bsp.o
 .debug_frame   0x000021c4      0x1c8 ..\obj\usbd_req.o
 .debug_frame   0x0000238c      0x224 ..\obj\queue.o
 .debug_frame   0x000025b0      0x110 ..\obj\port.o
 .debug_frame   0x000026c0      0x1ac ..\obj\usb_dcd_int.o
 .debug_frame   0x0000286c       0xe4 ..\obj\portserial.o
 .debug_frame   0x00002950      0x144 ..\obj\usbd_cdc_core.o
 .debug_frame   0x00002a94       0x70 ..\obj\mbfunccoils.o
 .debug_frame   0x00002b04       0xec ..\obj\stm32f4xx_exti.o
 .debug_frame   0x00002bf0       0x9c ..\obj\misc.o
 .debug_frame   0x00002c8c      0x1ac ..\obj\usb_dcd.o
 .debug_frame   0x00002e38       0x7c ..\obj\heap_1.o
 .debug_frame   0x00002eb4       0xec ..\obj\usbd_ioreq.o
 .debug_frame   0x00002fa0      0xa3c ..\obj\stm32f4xx_tim.o
 .debug_frame   0x000039dc       0x64 ..\obj\power_detector.o
 .debug_frame   0x00003a40       0x2c c:/stm32/arm_eabi/bin/../lib/gcc/arm-none-eabi/4.7.2/../../../../arm-none-eabi/lib/thumb2\libc.a(lib_a-memcmp.o)
 .debug_frame   0x00003a6c       0x34 c:/stm32/arm_eabi/bin/../lib/gcc/arm-none-eabi/4.7.2/../../../../arm-none-eabi/lib/thumb2\libc.a(lib_a-memcpy.o)
 .debug_frame   0x00003aa0       0x2c c:/stm32/arm_eabi/bin/../lib/gcc/arm-none-eabi/4.7.2/../../../../arm-none-eabi/lib/thumb2\libc.a(lib_a-memset.o)
 .debug_frame   0x00003acc       0x2c c:/stm32/arm_eabi/bin/../lib/gcc/arm-none-eabi/4.7.2/../../../../arm-none-eabi/lib/thumb2\libc.a(lib_a-strncpy.o)
